<html>
<body>
<pre>
<h1>µVision Build Log</h1>
<h2>Tool Versions:</h2>
IDE-Version: ¦ÌVision V5.41.0.0
Copyright (C) 2024 ARM Ltd and ARM Germany GmbH. All rights reserved.
License Information: Paul Guo
bjfu
User-based license: Keil MDK Community (non-commercial free of charge)
Valid until: Jun 1 2033. Cached until: Dec 11 2024
 
Tool Versions:
Toolchain:       Keil MDK Community (non-commercial free of charge  Version: 5.41.0.0
Toolchain Path:  D:\tongyong\keil5\ARM\ARMCC\Bin
C Compiler:      Armcc.exe V5.06 update 7 (build 960)
Assembler:       Armasm.exe V5.06 update 7 (build 960)
Linker/Locator:  ArmLink.exe V5.06 update 7 (build 960)
Library Manager: ArmAr.exe V5.06 update 7 (build 960)
Hex Converter:   FromElf.exe V5.06 update 7 (build 960)
CPU DLL:         SARMCM3.DLL V5.41.0.0
Dialog DLL:      DCM.DLL V1.17.5.0
Target DLL:      CMSIS_AGDI.dll V1.33.21.0
Dialog DLL:      TCM.DLL V1.56.4.0
 
<h2>Project:</h2>
D:\development\projects\FOC_robotic_arm_peoject\FOC-brushless-motor\datasheet\0.96´çTFTµ¥ÆÁºÍÄ£¿é\STM32\TEST.uvprojx
Project File Date:  12/05/2024

<h2>Output:</h2>
*** Warning: The configured compiler version '5.06 update 7 (build 960)' does not support the selected User Based Licensing technology.
*** Using Compiler 'V5.06 update 7 (build 960)', folder: 'D:\tongyong\keil5\ARM\ARMCC\Bin'
Build target 'Target 1'
assembling startup_stm32f10x_md.s...
compiling system_stm32f10x.c...
compiling main.C...
main.C(2197): warning:  #177-D: variable "x"  was declared but never referenced
  	char x,y;
main.C(2197): warning:  #177-D: variable "y"  was declared but never referenced
  	char x,y;
main.C: 2 warnings, 0 errors
linking...
Program Size: Code=2356 RO-data=29420 RW-data=4 ZI-data=1636  
FromELF: creating hex file...
".\Objects\TEST.axf" - 0 Error(s), 2 Warning(s).

<h2>Software Packages used:</h2>

Package Vendor: Keil
                https://www.keil.com/pack/Keil.STM32F1xx_DFP.2.4.1.pack
                Keil::STM32F1xx_DFP@2.4.1
                STMicroelectronics STM32F1 Series Device Support, Drivers and Examples

<h2>Collection of Component include folders:</h2>
  D:/tongyong/keil5/packages/Keil/STM32F1xx_DFP/2.4.1/Device/Include

<h2>Collection of Component Files used:</h2>
Build Time Elapsed:  00:00:02
</pre>
</body>
</html>
