Archive member included to satisfy reference by file (symbol)

/home/guopyran/software/arm-gnu-toolchain-14.2.rel1-x86_64-arm-none-eabi/bin/../lib/gcc/arm-none-eabi/14.2.1/../../../../arm-none-eabi/lib/thumb/v7-m/nofp/libm.a(libm_a-wf_fmod.o)
                              CMakeFiles/rct6-test-FOC.dir/lib/simpleFOC-next/common/foc_utils.cpp.obj (fmodf)
/home/guopyran/software/arm-gnu-toolchain-14.2.rel1-x86_64-arm-none-eabi/bin/../lib/gcc/arm-none-eabi/14.2.1/../../../../arm-none-eabi/lib/thumb/v7-m/nofp/libm.a(libm_a-sf_fmax.o)
                              CMakeFiles/rct6-test-FOC.dir/lib/simpleFOC-next/common/foc_utils.cpp.obj (fmaxf)
/home/guopyran/software/arm-gnu-toolchain-14.2.rel1-x86_64-arm-none-eabi/bin/../lib/gcc/arm-none-eabi/14.2.1/../../../../arm-none-eabi/lib/thumb/v7-m/nofp/libm.a(libm_a-sf_fmin.o)
                              CMakeFiles/rct6-test-FOC.dir/lib/simpleFOC-next/common/foc_utils.cpp.obj (fminf)
/home/guopyran/software/arm-gnu-toolchain-14.2.rel1-x86_64-arm-none-eabi/bin/../lib/gcc/arm-none-eabi/14.2.1/../../../../arm-none-eabi/lib/thumb/v7-m/nofp/libm.a(libm_a-sf_fpclassify.o)
                              /home/guopyran/software/arm-gnu-toolchain-14.2.rel1-x86_64-arm-none-eabi/bin/../lib/gcc/arm-none-eabi/14.2.1/../../../../arm-none-eabi/lib/thumb/v7-m/nofp/libm.a(libm_a-sf_fmax.o) (__fpclassifyf)
/home/guopyran/software/arm-gnu-toolchain-14.2.rel1-x86_64-arm-none-eabi/bin/../lib/gcc/arm-none-eabi/14.2.1/../../../../arm-none-eabi/lib/thumb/v7-m/nofp/libm.a(libm_a-ef_fmod.o)
                              /home/guopyran/software/arm-gnu-toolchain-14.2.rel1-x86_64-arm-none-eabi/bin/../lib/gcc/arm-none-eabi/14.2.1/../../../../arm-none-eabi/lib/thumb/v7-m/nofp/libm.a(libm_a-wf_fmod.o) (__ieee754_fmodf)
/home/guopyran/software/arm-gnu-toolchain-14.2.rel1-x86_64-arm-none-eabi/bin/../lib/gcc/arm-none-eabi/14.2.1/../../../../arm-none-eabi/lib/thumb/v7-m/nofp/libc_nano.a(libc_a-exit.o)
                              /home/guopyran/software/arm-gnu-toolchain-14.2.rel1-x86_64-arm-none-eabi/bin/../lib/gcc/arm-none-eabi/14.2.1/../../../../arm-none-eabi/lib/thumb/v7-m/nofp/crt0.o (exit)
/home/guopyran/software/arm-gnu-toolchain-14.2.rel1-x86_64-arm-none-eabi/bin/../lib/gcc/arm-none-eabi/14.2.1/../../../../arm-none-eabi/lib/thumb/v7-m/nofp/libc_nano.a(libc_a-findfp.o)
                              /home/guopyran/software/arm-gnu-toolchain-14.2.rel1-x86_64-arm-none-eabi/bin/../lib/gcc/arm-none-eabi/14.2.1/../../../../arm-none-eabi/lib/thumb/v7-m/nofp/libc_nano.a(libc_a-exit.o) (__stdio_exit_handler)
/home/guopyran/software/arm-gnu-toolchain-14.2.rel1-x86_64-arm-none-eabi/bin/../lib/gcc/arm-none-eabi/14.2.1/../../../../arm-none-eabi/lib/thumb/v7-m/nofp/libc_nano.a(libc_a-fwalk.o)
                              /home/guopyran/software/arm-gnu-toolchain-14.2.rel1-x86_64-arm-none-eabi/bin/../lib/gcc/arm-none-eabi/14.2.1/../../../../arm-none-eabi/lib/thumb/v7-m/nofp/libc_nano.a(libc_a-findfp.o) (_fwalk_sglue)
/home/guopyran/software/arm-gnu-toolchain-14.2.rel1-x86_64-arm-none-eabi/bin/../lib/gcc/arm-none-eabi/14.2.1/../../../../arm-none-eabi/lib/thumb/v7-m/nofp/libc_nano.a(libc_a-sprintf.o)
                              CMakeFiles/rct6-test-FOC.dir/Src/main.cpp.obj (sprintf)
/home/guopyran/software/arm-gnu-toolchain-14.2.rel1-x86_64-arm-none-eabi/bin/../lib/gcc/arm-none-eabi/14.2.1/../../../../arm-none-eabi/lib/thumb/v7-m/nofp/libc_nano.a(libc_a-stdio.o)
                              /home/guopyran/software/arm-gnu-toolchain-14.2.rel1-x86_64-arm-none-eabi/bin/../lib/gcc/arm-none-eabi/14.2.1/../../../../arm-none-eabi/lib/thumb/v7-m/nofp/libc_nano.a(libc_a-findfp.o) (__sread)
/home/guopyran/software/arm-gnu-toolchain-14.2.rel1-x86_64-arm-none-eabi/bin/../lib/gcc/arm-none-eabi/14.2.1/../../../../arm-none-eabi/lib/thumb/v7-m/nofp/libc_nano.a(libc_a-memset.o)
                              /home/guopyran/software/arm-gnu-toolchain-14.2.rel1-x86_64-arm-none-eabi/bin/../lib/gcc/arm-none-eabi/14.2.1/../../../../arm-none-eabi/lib/thumb/v7-m/nofp/crt0.o (memset)
/home/guopyran/software/arm-gnu-toolchain-14.2.rel1-x86_64-arm-none-eabi/bin/../lib/gcc/arm-none-eabi/14.2.1/../../../../arm-none-eabi/lib/thumb/v7-m/nofp/libc_nano.a(libc_a-closer.o)
                              /home/guopyran/software/arm-gnu-toolchain-14.2.rel1-x86_64-arm-none-eabi/bin/../lib/gcc/arm-none-eabi/14.2.1/../../../../arm-none-eabi/lib/thumb/v7-m/nofp/libc_nano.a(libc_a-stdio.o) (_close_r)
/home/guopyran/software/arm-gnu-toolchain-14.2.rel1-x86_64-arm-none-eabi/bin/../lib/gcc/arm-none-eabi/14.2.1/../../../../arm-none-eabi/lib/thumb/v7-m/nofp/libc_nano.a(libc_a-reent.o)
                              /home/guopyran/software/arm-gnu-toolchain-14.2.rel1-x86_64-arm-none-eabi/bin/../lib/gcc/arm-none-eabi/14.2.1/../../../../arm-none-eabi/lib/thumb/v7-m/nofp/libc_nano.a(libc_a-closer.o) (errno)
[...]
Memory Configuration

Name             Origin             Length             Attributes
RAM              0x20000000         0x0000c000         xrw
FLASH            0x08000000         0x00040000         xr
*default*        0x00000000         0xffffffff

Linker script and memory map

LOAD /home/guopyran/software/arm-gnu-toolchain-14.2.rel1-x86_64-arm-none-eabi/bin/../lib/gcc/arm-none-eabi/14.2.1/thumb/v7-m/nofp/crti.o
LOAD /home/guopyran/software/arm-gnu-toolchain-14.2.rel1-x86_64-arm-none-eabi/bin/../lib/gcc/arm-none-eabi/14.2.1/thumb/v7-m/nofp/crtbegin.o
LOAD /home/guopyran/software/arm-gnu-toolchain-14.2.rel1-x86_64-arm-none-eabi/bin/../lib/gcc/arm-none-eabi/14.2.1/../../../../arm-none-eabi/lib/thumb/v7-m/nofp/crt0.o
START GROUP
END GROUP
START GROUP
LOAD /home/guopyran/software/arm-gnu-toolchain-14.2.rel1-x86_64-arm-none-eabi/bin/../lib/gcc/arm-none-eabi/14.2.1/../../../../arm-none-eabi/lib/thumb/v7-m/nofp/libstdc++_nano.a
LOAD /home/guopyran/software/arm-gnu-toolchain-14.2.rel1-x86_64-arm-none-eabi/bin/../lib/gcc/arm-none-eabi/14.2.1/../../../../arm-none-eabi/lib/thumb/v7-m/nofp/libsupc++_nano.a
END GROUP
LOAD CMakeFiles/rct6-test-FOC.dir/Src/main.cpp.obj
LOAD CMakeFiles/rct6-test-FOC.dir/Src/gpio.c.obj
LOAD CMakeFiles/rct6-test-FOC.dir/Src/i2c.c.obj
LOAD CMakeFiles/rct6-test-FOC.dir/Src/tim.c.obj
LOAD CMakeFiles/rct6-test-FOC.dir/Src/usart.c.obj
LOAD CMakeFiles/rct6-test-FOC.dir/Src/stm32f1xx_it.c.obj
LOAD CMakeFiles/rct6-test-FOC.dir/Src/stm32f1xx_hal_msp.c.obj
LOAD CMakeFiles/rct6-test-FOC.dir/Src/sysmem.c.obj
LOAD CMakeFiles/rct6-test-FOC.dir/Src/syscalls.c.obj
LOAD CMakeFiles/rct6-test-FOC.dir/startup_stm32f103xe.s.obj
LOAD CMakeFiles/rct6-test-FOC.dir/lib/as5600/as5600.c.obj
LOAD CMakeFiles/rct6-test-FOC.dir/lib/simpleFOC-next/BLDCMotor.cpp.obj
LOAD CMakeFiles/rct6-test-FOC.dir/lib/simpleFOC-next/common/base_classes/CurrentSense.cpp.obj
LOAD CMakeFiles/rct6-test-FOC.dir/lib/simpleFOC-next/common/base_classes/FOCMotor.cpp.obj
LOAD CMakeFiles/rct6-test-FOC.dir/lib/simpleFOC-next/common/base_classes/Sensor.cpp.obj
LOAD CMakeFiles/rct6-test-FOC.dir/lib/simpleFOC-next/common/foc_utils.cpp.obj
LOAD CMakeFiles/rct6-test-FOC.dir/lib/simpleFOC-next/common/lowpass_filter.cpp.obj
LOAD CMakeFiles/rct6-test-FOC.dir/lib/simpleFOC-next/common/pid.cpp.obj
LOAD CMakeFiles/rct6-test-FOC.dir/lib/simpleFOC-next/common/time_utils.cpp.obj
LOAD CMakeFiles/rct6-test-FOC.dir/lib/simpleFOC-next/drivers/BLDCDriver3PWM.cpp.obj
LOAD cmake/stm32cubemx/CMakeFiles/STM32_Drivers.dir/__/__/Src/system_stm32f1xx.c.obj
LOAD cmake/stm32cubemx/CMakeFiles/STM32_Drivers.dir/__/__/Drivers/STM32F1xx_HAL_Driver/Src/stm32f1xx_hal_gpio_ex.c.obj
LOAD cmake/stm32cubemx/CMakeFiles/STM32_Drivers.dir/__/__/Drivers/STM32F1xx_HAL_Driver/Src/stm32f1xx_hal_i2c.c.obj
LOAD cmake/stm32cubemx/CMakeFiles/STM32_Drivers.dir/__/__/Drivers/STM32F1xx_HAL_Driver/Src/stm32f1xx_hal.c.obj
LOAD cmake/stm32cubemx/CMakeFiles/STM32_Drivers.dir/__/__/Drivers/STM32F1xx_HAL_Driver/Src/stm32f1xx_hal_rcc.c.obj
LOAD cmake/stm32cubemx/CMakeFiles/STM32_Drivers.dir/__/__/Drivers/STM32F1xx_HAL_Driver/Src/stm32f1xx_hal_rcc_ex.c.obj
LOAD cmake/stm32cubemx/CMakeFiles/STM32_Drivers.dir/__/__/Drivers/STM32F1xx_HAL_Driver/Src/stm32f1xx_hal_gpio.c.obj
LOAD cmake/stm32cubemx/CMakeFiles/STM32_Drivers.dir/__/__/Drivers/STM32F1xx_HAL_Driver/Src/stm32f1xx_hal_dma.c.obj
LOAD cmake/stm32cubemx/CMakeFiles/STM32_Drivers.dir/__/__/Drivers/STM32F1xx_HAL_Driver/Src/stm32f1xx_hal_cortex.c.obj
LOAD cmake/stm32cubemx/CMakeFiles/STM32_Drivers.dir/__/__/Drivers/STM32F1xx_HAL_Driver/Src/stm32f1xx_hal_pwr.c.obj
LOAD cmake/stm32cubemx/CMakeFiles/STM32_Drivers.dir/__/__/Drivers/STM32F1xx_HAL_Driver/Src/stm32f1xx_hal_flash.c.obj
LOAD cmake/stm32cubemx/CMakeFiles/STM32_Drivers.dir/__/__/Drivers/STM32F1xx_HAL_Driver/Src/stm32f1xx_hal_flash_ex.c.obj
LOAD cmake/stm32cubemx/CMakeFiles/STM32_Drivers.dir/__/__/Drivers/STM32F1xx_HAL_Driver/Src/stm32f1xx_hal_exti.c.obj
LOAD cmake/stm32cubemx/CMakeFiles/STM32_Drivers.dir/__/__/Drivers/STM32F1xx_HAL_Driver/Src/stm32f1xx_hal_tim.c.obj
LOAD cmake/stm32cubemx/CMakeFiles/STM32_Drivers.dir/__/__/Drivers/STM32F1xx_HAL_Driver/Src/stm32f1xx_hal_tim_ex.c.obj
LOAD cmake/stm32cubemx/CMakeFiles/STM32_Drivers.dir/__/__/Drivers/STM32F1xx_HAL_Driver/Src/stm32f1xx_hal_uart.c.obj
LOAD /home/guopyran/software/arm-gnu-toolchain-14.2.rel1-x86_64-arm-none-eabi/bin/../lib/gcc/arm-none-eabi/14.2.1/../../../../arm-none-eabi/lib/thumb/v7-m/nofp/libstdc++_nano.a
LOAD /home/guopyran/software/arm-gnu-toolchain-14.2.rel1-x86_64-arm-none-eabi/bin/../lib/gcc/arm-none-eabi/14.2.1/../../../../arm-none-eabi/lib/thumb/v7-m/nofp/libm.a
LOAD /home/guopyran/software/arm-gnu-toolchain-14.2.rel1-x86_64-arm-none-eabi/bin/../lib/gcc/arm-none-eabi/14.2.1/../../../../arm-none-eabi/lib/thumb/v7-m/nofp/libc_nano.a
START GROUP
LOAD /home/guopyran/software/arm-gnu-toolchain-14.2.rel1-x86_64-arm-none-eabi/bin/../lib/gcc/arm-none-eabi/14.2.1/thumb/v7-m/nofp/libgcc.a
LOAD /home/guopyran/software/arm-gnu-toolchain-14.2.rel1-x86_64-arm-none-eabi/bin/../lib/gcc/arm-none-eabi/14.2.1/../../../../arm-none-eabi/lib/thumb/v7-m/nofp/libg_nano.a
LOAD /home/guopyran/software/arm-gnu-toolchain-14.2.rel1-x86_64-arm-none-eabi/bin/../lib/gcc/arm-none-eabi/14.2.1/../../../../arm-none-eabi/lib/thumb/v7-m/nofp/libc_nano.a
END GROUP
START GROUP
LOAD /home/guopyran/software/arm-gnu-toolchain-14.2.rel1-x86_64-arm-none-eabi/bin/../lib/gcc/arm-none-eabi/14.2.1/thumb/v7-m/nofp/libgcc.a
LOAD /home/guopyran/software/arm-gnu-toolchain-14.2.rel1-x86_64-arm-none-eabi/bin/../lib/gcc/arm-none-eabi/14.2.1/../../../../arm-none-eabi/lib/thumb/v7-m/nofp/libc_nano.a
END GROUP
LOAD /home/guopyran/software/arm-gnu-toolchain-14.2.rel1-x86_64-arm-none-eabi/bin/../lib/gcc/arm-none-eabi/14.2.1/thumb/v7-m/nofp/crtend.o
LOAD /home/guopyran/software/arm-gnu-toolchain-14.2.rel1-x86_64-arm-none-eabi/bin/../lib/gcc/arm-none-eabi/14.2.1/thumb/v7-m/nofp/crtn.o
                0x2000c000                        _estack = (ORIGIN (RAM) + LENGTH (RAM))
                0x00000200                        _Min_Heap_Size = 0x200
                0x00000400                        _Min_Stack_Size = 0x400

.isr_vector     0x08000000      0x1e4
                0x08000000                        . = ALIGN (0x4)
 *(.isr_vector)
 .isr_vector    0x08000000      0x1e4 CMakeFiles/rct6-test-FOC.dir/startup_stm32f103xe.s.obj
                0x08000000                g_pfnVectors
                0x080001e4                        . = ALIGN (0x4)

.text           0x080001e8     0x7f70
                0x080001e8                        . = ALIGN (0x4)
 *(.text)
 .text          0x080001e8      0x378 /home/guopyran/software/arm-gnu-toolchain-14.2.rel1-x86_64-arm-none-eabi/bin/../lib/gcc/arm-none-eabi/14.2.1/thumb/v7-m/nofp/libgcc.a(_arm_addsubdf3.o)
                0x080001e8                __aeabi_drsub
                0x080001f0                __aeabi_dsub
                0x080001f0                __subdf3
                0x080001f4                __adddf3
                0x080001f4                __aeabi_dadd
                0x0800046c                __aeabi_ui2d
                0x0800046c                __floatunsidf
                0x0800048c                __floatsidf
                0x0800048c                __aeabi_i2d
                0x080004b0                __extendsfdf2
                0x080004b0                __aeabi_f2d
                0x080004f4                __aeabi_ul2d
                0x080004f4                __floatundidf
                0x08000504                __floatdidf
                0x08000504                __aeabi_l2d
 .text          0x08000560      0x424 /home/guopyran/software/arm-gnu-toolchain-14.2.rel1-x86_64-arm-none-eabi/bin/../lib/gcc/arm-none-eabi/14.2.1/thumb/v7-m/nofp/libgcc.a(_arm_muldivdf3.o)
                0x08000560                __aeabi_dmul
                0x08000560                __muldf3
                0x080007b4                __aeabi_ddiv
                0x080007b4                __divdf3
 .text          0x08000984      0x110 /home/guopyran/software/arm-gnu-toolchain-14.2.rel1-x86_64-arm-none-eabi/bin/../lib/gcc/arm-none-eabi/14.2.1/thumb/v7-m/nofp/libgcc.a(_arm_cmpdf2.o)
                0x08000984                __gtdf2
                0x08000984                __gedf2
                0x0800098c                __ltdf2
                0x0800098c                __ledf2
                0x08000994                __cmpdf2
                0x08000994                __eqdf2
                0x08000994                __nedf2
                0x08000a10                __aeabi_cdrcmple
                0x08000a20                __aeabi_cdcmple
                0x08000a20                __aeabi_cdcmpeq
                0x08000a30                __aeabi_dcmpeq
                0x08000a44                __aeabi_dcmplt
                0x08000a58                __aeabi_dcmple
                0x08000a6c                __aeabi_dcmpge
                0x08000a80                __aeabi_dcmpgt
 .text          0x08000a94       0xa0 /home/guopyran/software/arm-gnu-toolchain-14.2.rel1-x86_64-arm-none-eabi/bin/../lib/gcc/arm-none-eabi/14.2.1/thumb/v7-m/nofp/libgcc.a(_arm_truncdfsf2.o)
                0x08000a94                __aeabi_d2f
                0x08000a94                __truncdfsf2
 .text          0x08000b34      0x21c /home/guopyran/software/arm-gnu-toolchain-14.2.rel1-x86_64-arm-none-eabi/bin/../lib/gcc/arm-none-eabi/14.2.1/thumb/v7-m/nofp/libgcc.a(_arm_addsubsf3.o)
                0x08000b34                __aeabi_frsub
                0x08000b3c                __subsf3
                0x08000b3c                __aeabi_fsub
                0x08000b40                __aeabi_fadd
                0x08000b40                __addsf3
                0x08000ca0                __aeabi_ui2f
                0x08000ca0                __floatunsisf
                0x08000ca8                __aeabi_i2f
                0x08000ca8                __floatsisf
                0x08000cc4                __floatundisf
                0x08000cc4                __aeabi_ul2f
                0x08000cd4                __floatdisf
                0x08000cd4                __aeabi_l2f
 .text          0x08000d50      0x2a0 /home/guopyran/software/arm-gnu-toolchain-14.2.rel1-x86_64-arm-none-eabi/bin/../lib/gcc/arm-none-eabi/14.2.1/thumb/v7-m/nofp/libgcc.a(_arm_muldivsf3.o)
                0x08000d50                __mulsf3
                0x08000d50                __aeabi_fmul
                0x08000eb8                __divsf3
                0x08000eb8                __aeabi_fdiv
 .text          0x08000ff0       0xec /home/guopyran/software/arm-gnu-toolchain-14.2.rel1-x86_64-arm-none-eabi/bin/../lib/gcc/arm-none-eabi/14.2.1/thumb/v7-m/nofp/libgcc.a(_arm_cmpsf2.o)
                0x08000ff0                __gtsf2
                0x08000ff0                __gesf2
                0x08000ff8                __lesf2
                0x08000ff8                __ltsf2
                0x08001000                __nesf2
                0x08001000                __eqsf2
                0x08001000                __cmpsf2
                0x08001060                __aeabi_cfrcmple
                0x08001068                __aeabi_cfcmple
                0x08001068                __aeabi_cfcmpeq
                0x08001078                __aeabi_fcmpeq
                0x0800108c                __aeabi_fcmplt
                0x080010a0                __aeabi_fcmple
                0x080010b4                __aeabi_fcmpge
                0x080010c8                __aeabi_fcmpgt
 .text          0x080010dc       0x2c /home/guopyran/software/arm-gnu-toolchain-14.2.rel1-x86_64-arm-none-eabi/bin/../lib/gcc/arm-none-eabi/14.2.1/thumb/v7-m/nofp/libgcc.a(_arm_unordsf2.o)
                0x080010dc                __aeabi_fcmpun
                0x080010dc                __unordsf2
 .text          0x08001108       0x4c /home/guopyran/software/arm-gnu-toolchain-14.2.rel1-x86_64-arm-none-eabi/bin/../lib/gcc/arm-none-eabi/14.2.1/thumb/v7-m/nofp/libgcc.a(_arm_fixsfsi.o)
                0x08001108                __fixsfsi
                0x08001108                __aeabi_f2iz
 .text          0x08001154       0x40 /home/guopyran/software/arm-gnu-toolchain-14.2.rel1-x86_64-arm-none-eabi/bin/../lib/gcc/arm-none-eabi/14.2.1/thumb/v7-m/nofp/libgcc.a(_arm_fixunssfsi.o)
                0x08001154                __aeabi_f2uiz
                0x08001154                __fixunssfsi
 *(.text*)
 .text.deregister_tm_clones
                0x08001194       0x1c /home/guopyran/software/arm-gnu-toolchain-14.2.rel1-x86_64-arm-none-eabi/bin/../lib/gcc/arm-none-eabi/14.2.1/thumb/v7-m/nofp/crtbegin.o
 .text.register_tm_clones
                0x080011b0       0x24 /home/guopyran/software/arm-gnu-toolchain-14.2.rel1-x86_64-arm-none-eabi/bin/../lib/gcc/arm-none-eabi/14.2.1/thumb/v7-m/nofp/crtbegin.o
 .text.__do_global_dtors_aux
                0x080011d4       0x28 /home/guopyran/software/arm-gnu-toolchain-14.2.rel1-x86_64-arm-none-eabi/bin/../lib/gcc/arm-none-eabi/14.2.1/thumb/v7-m/nofp/crtbegin.o
 .text.frame_dummy
                0x080011fc       0x24 /home/guopyran/software/arm-gnu-toolchain-14.2.rel1-x86_64-arm-none-eabi/bin/../lib/gcc/arm-none-eabi/14.2.1/thumb/v7-m/nofp/crtbegin.o
 .text.main     0x08001220       0xb0 CMakeFiles/rct6-test-FOC.dir/Src/main.cpp.obj
                0x08001220                main
 .text._Z18SystemClock_Configv
                0x080012d0       0x9e CMakeFiles/rct6-test-FOC.dir/Src/main.cpp.obj
                0x080012d0                SystemClock_Config()
 .text.Error_Handler
                0x0800136e        0xc CMakeFiles/rct6-test-FOC.dir/Src/main.cpp.obj
                0x0800136e                Error_Handler
 *fill*         0x0800137a        0x2 
 .text.MX_GPIO_Init
                0x0800137c      0x100 CMakeFiles/rct6-test-FOC.dir/Src/gpio.c.obj
                0x0800137c                MX_GPIO_Init
 .text.MX_I2C1_Init
                0x0800147c       0x5c CMakeFiles/rct6-test-FOC.dir/Src/i2c.c.obj
                0x0800147c                MX_I2C1_Init
 .text.MX_I2C2_Init
                0x080014d8       0x5c CMakeFiles/rct6-test-FOC.dir/Src/i2c.c.obj
                0x080014d8                MX_I2C2_Init
 .text.HAL_I2C_MspInit
                0x08001534       0xd8 CMakeFiles/rct6-test-FOC.dir/Src/i2c.c.obj
                0x08001534                HAL_I2C_MspInit
 .text.MX_TIM1_Init
                0x0800160c      0x138 CMakeFiles/rct6-test-FOC.dir/Src/tim.c.obj
                0x0800160c                MX_TIM1_Init
 .text.MX_TIM8_Init
                0x08001744      0x138 CMakeFiles/rct6-test-FOC.dir/Src/tim.c.obj
                0x08001744                MX_TIM8_Init
 .text.HAL_TIM_PWM_MspInit
                0x0800187c       0x64 CMakeFiles/rct6-test-FOC.dir/Src/tim.c.obj
                0x0800187c                HAL_TIM_PWM_MspInit
 .text.HAL_TIM_MspPostInit
                0x080018e0      0x144 CMakeFiles/rct6-test-FOC.dir/Src/tim.c.obj
                0x080018e0                HAL_TIM_MspPostInit
 .text.MX_UART4_Init
                0x08001a24       0x54 CMakeFiles/rct6-test-FOC.dir/Src/usart.c.obj
                0x08001a24                MX_UART4_Init
 .text.HAL_UART_MspInit
                0x08001a78       0x98 CMakeFiles/rct6-test-FOC.dir/Src/usart.c.obj
                0x08001a78                HAL_UART_MspInit
 .text.NMI_Handler
                0x08001b10        0x8 CMakeFiles/rct6-test-FOC.dir/Src/stm32f1xx_it.c.obj
                0x08001b10                NMI_Handler
 .text.HardFault_Handler
                0x08001b18        0x8 CMakeFiles/rct6-test-FOC.dir/Src/stm32f1xx_it.c.obj
                0x08001b18                HardFault_Handler
 .text.MemManage_Handler
                0x08001b20        0x8 CMakeFiles/rct6-test-FOC.dir/Src/stm32f1xx_it.c.obj
                0x08001b20                MemManage_Handler
 .text.BusFault_Handler
                0x08001b28        0x8 CMakeFiles/rct6-test-FOC.dir/Src/stm32f1xx_it.c.obj
                0x08001b28                BusFault_Handler
 .text.UsageFault_Handler
                0x08001b30        0x8 CMakeFiles/rct6-test-FOC.dir/Src/stm32f1xx_it.c.obj
                0x08001b30                UsageFault_Handler
 .text.SVC_Handler
                0x08001b38        0xc CMakeFiles/rct6-test-FOC.dir/Src/stm32f1xx_it.c.obj
                0x08001b38                SVC_Handler
 .text.DebugMon_Handler
                0x08001b44        0xc CMakeFiles/rct6-test-FOC.dir/Src/stm32f1xx_it.c.obj
                0x08001b44                DebugMon_Handler
 .text.PendSV_Handler
                0x08001b50        0xc CMakeFiles/rct6-test-FOC.dir/Src/stm32f1xx_it.c.obj
                0x08001b50                PendSV_Handler
 .text.SysTick_Handler
                0x08001b5c        0xc CMakeFiles/rct6-test-FOC.dir/Src/stm32f1xx_it.c.obj
                0x08001b5c                SysTick_Handler
 .text.HAL_MspInit
                0x08001b68       0x64 CMakeFiles/rct6-test-FOC.dir/Src/stm32f1xx_hal_msp.c.obj
                0x08001b68                HAL_MspInit
 .text._sbrk    0x08001bcc       0x6c CMakeFiles/rct6-test-FOC.dir/Src/sysmem.c.obj
                0x08001bcc                _sbrk
 .text.Reset_Handler
                0x08001c38       0x48 CMakeFiles/rct6-test-FOC.dir/startup_stm32f103xe.s.obj
                0x08001c38                Reset_Handler
 .text.Default_Handler
                0x08001c80        0x2 CMakeFiles/rct6-test-FOC.dir/startup_stm32f103xe.s.obj
                0x08001c80                RTC_Alarm_IRQHandler
                0x08001c80                EXTI2_IRQHandler
                0x08001c80                TIM8_TRG_COM_IRQHandler
                0x08001c80                TIM8_CC_IRQHandler
                0x08001c80                TIM1_CC_IRQHandler
                0x08001c80                TIM6_IRQHandler
                0x08001c80                PVD_IRQHandler
                0x08001c80                SDIO_IRQHandler
                0x08001c80                EXTI3_IRQHandler
                0x08001c80                EXTI0_IRQHandler
                0x08001c80                I2C2_EV_IRQHandler
                0x08001c80                ADC1_2_IRQHandler
                0x08001c80                SPI1_IRQHandler
                0x08001c80                TAMPER_IRQHandler
                0x08001c80                TIM8_UP_IRQHandler
                0x08001c80                DMA2_Channel2_IRQHandler
                0x08001c80                DMA1_Channel4_IRQHandler
                0x08001c80                USART3_IRQHandler
                0x08001c80                RTC_IRQHandler
                0x08001c80                DMA1_Channel7_IRQHandler
                0x08001c80                CAN1_RX1_IRQHandler
                0x08001c80                UART5_IRQHandler
                0x08001c80                ADC3_IRQHandler
                0x08001c80                TIM4_IRQHandler
                0x08001c80                DMA2_Channel1_IRQHandler
                0x08001c80                I2C1_EV_IRQHandler
                0x08001c80                DMA1_Channel6_IRQHandler
                0x08001c80                UART4_IRQHandler
                0x08001c80                TIM3_IRQHandler
                0x08001c80                RCC_IRQHandler
                0x08001c80                TIM1_TRG_COM_IRQHandler
                0x08001c80                DMA1_Channel1_IRQHandler
                0x08001c80                Default_Handler
                0x08001c80                EXTI15_10_IRQHandler
                0x08001c80                TIM7_IRQHandler
                0x08001c80                TIM5_IRQHandler
                0x08001c80                EXTI9_5_IRQHandler
                0x08001c80                SPI2_IRQHandler
                0x08001c80                DMA1_Channel5_IRQHandler
                0x08001c80                EXTI4_IRQHandler
                0x08001c80                USB_LP_CAN1_RX0_IRQHandler
                0x08001c80                USB_HP_CAN1_TX_IRQHandler
                0x08001c80                DMA1_Channel3_IRQHandler
                0x08001c80                FSMC_IRQHandler
                0x08001c80                TIM1_UP_IRQHandler
                0x08001c80                WWDG_IRQHandler
                0x08001c80                TIM2_IRQHandler
                0x08001c80                TIM1_BRK_IRQHandler
                0x08001c80                EXTI1_IRQHandler
                0x08001c80                DMA2_Channel4_5_IRQHandler
                0x08001c80                USART2_IRQHandler
                0x08001c80                I2C2_ER_IRQHandler
                0x08001c80                DMA1_Channel2_IRQHandler
                0x08001c80                TIM8_BRK_IRQHandler
                0x08001c80                CAN1_SCE_IRQHandler
                0x08001c80                FLASH_IRQHandler
                0x08001c80                USART1_IRQHandler
                0x08001c80                SPI3_IRQHandler
                0x08001c80                I2C1_ER_IRQHandler
                0x08001c80                USBWakeUp_IRQHandler
                0x08001c80                DMA2_Channel3_IRQHandler
 *fill*         0x08001c82        0x2 
 .text.bsp_as5600Init
                0x08001c84       0x2c CMakeFiles/rct6-test-FOC.dir/lib/as5600/as5600.c.obj
                0x08001c84                bsp_as5600Init
 .text.i2cWrite
                0x08001cb0       0x3c CMakeFiles/rct6-test-FOC.dir/lib/as5600/as5600.c.obj
 .text.i2cRead  0x08001cec       0x44 CMakeFiles/rct6-test-FOC.dir/lib/as5600/as5600.c.obj
 .text.bsp_as5600GetRawAngle
                0x08001d30       0x42 CMakeFiles/rct6-test-FOC.dir/lib/as5600/as5600.c.obj
                0x08001d30                bsp_as5600GetRawAngle
 *fill*         0x08001d72        0x6 
 .text.getasSensorAngle
                0x08001d78       0x48 CMakeFiles/rct6-test-FOC.dir/lib/as5600/as5600.c.obj
                0x08001d78                getasSensorAngle
 .text._ZN9BLDCMotorC2Eifff
                0x08001dc0       0x64 CMakeFiles/rct6-test-FOC.dir/lib/simpleFOC-next/BLDCMotor.cpp.obj
                0x08001dc0                BLDCMotor::BLDCMotor(int, float, float, float)
                0x08001dc0                BLDCMotor::BLDCMotor(int, float, float, float)
 .text._ZN9BLDCMotor10linkDriverEP14BLDCDriver3PWM
                0x08001e24       0x1c CMakeFiles/rct6-test-FOC.dir/lib/simpleFOC-next/BLDCMotor.cpp.obj
                0x08001e24                BLDCMotor::linkDriver(BLDCDriver3PWM*)
 .text._ZN9BLDCMotor4initEv
                0x08001e40      0x12c CMakeFiles/rct6-test-FOC.dir/lib/simpleFOC-next/BLDCMotor.cpp.obj
                0x08001e40                BLDCMotor::init()
 .text._ZN9BLDCMotor7disableEv
                0x08001f6c       0x6e CMakeFiles/rct6-test-FOC.dir/lib/simpleFOC-next/BLDCMotor.cpp.obj
                0x08001f6c                BLDCMotor::disable()
 .text._ZN9BLDCMotor6enableEv
                0x08001fda       0x96 CMakeFiles/rct6-test-FOC.dir/lib/simpleFOC-next/BLDCMotor.cpp.obj
                0x08001fda                BLDCMotor::enable()
 .text._ZN9BLDCMotor7initFOCEv
                0x08002070       0xe0 CMakeFiles/rct6-test-FOC.dir/lib/simpleFOC-next/BLDCMotor.cpp.obj
                0x08002070                BLDCMotor::initFOC()
 .text._ZN9BLDCMotor17alignCurrentSenseEv
                0x08002150       0x54 CMakeFiles/rct6-test-FOC.dir/lib/simpleFOC-next/BLDCMotor.cpp.obj
                0x08002150                BLDCMotor::alignCurrentSense()
 .text._ZN9BLDCMotor11alignSensorEv
                0x080021a4      0x2c0 CMakeFiles/rct6-test-FOC.dir/lib/simpleFOC-next/BLDCMotor.cpp.obj
                0x080021a4                BLDCMotor::alignSensor()
 .text._ZN9BLDCMotor18absoluteZeroSearchEv
                0x08002464       0xdc CMakeFiles/rct6-test-FOC.dir/lib/simpleFOC-next/BLDCMotor.cpp.obj
                0x08002464                BLDCMotor::absoluteZeroSearch()
 .text._ZN9BLDCMotor7loopFOCEv
                0x08002540      0x2d4 CMakeFiles/rct6-test-FOC.dir/lib/simpleFOC-next/BLDCMotor.cpp.obj
                0x08002540                BLDCMotor::loopFOC()
 .text._ZN9BLDCMotor4moveEf
                0x08002814      0x804 CMakeFiles/rct6-test-FOC.dir/lib/simpleFOC-next/BLDCMotor.cpp.obj
                0x08002814                BLDCMotor::move(float)
 .text._ZN9BLDCMotor15setPhaseVoltageEfff
                0x08003018      0x350 CMakeFiles/rct6-test-FOC.dir/lib/simpleFOC-next/BLDCMotor.cpp.obj
                0x08003018                BLDCMotor::setPhaseVoltage(float, float, float)
 .text._ZN9BLDCMotor16velocityOpenloopEf
                0x08003368      0x220 CMakeFiles/rct6-test-FOC.dir/lib/simpleFOC-next/BLDCMotor.cpp.obj
                0x08003368                BLDCMotor::velocityOpenloop(float)
 .text._ZN9BLDCMotor13angleOpenloopEf
                0x08003588      0x2dc CMakeFiles/rct6-test-FOC.dir/lib/simpleFOC-next/BLDCMotor.cpp.obj
                0x08003588                BLDCMotor::angleOpenloop(float)
 .text._ZN12CurrentSense14getFOCCurrentsEf
                0x08003864       0x4e CMakeFiles/rct6-test-FOC.dir/lib/simpleFOC-next/common/base_classes/CurrentSense.cpp.obj
                0x08003864                CurrentSense::getFOCCurrents(float)
 *fill*         0x080038b2        0x2 
 .text._ZN12CurrentSense13getABCurrentsE14PhaseCurrent_s
                0x080038b4      0x1a4 CMakeFiles/rct6-test-FOC.dir/lib/simpleFOC-next/common/base_classes/CurrentSense.cpp.obj
                0x080038b4                CurrentSense::getABCurrents(PhaseCurrent_s)
 .text._ZN12CurrentSense13getDQCurrentsE11ABCurrent_sf
                0x08003a58       0x86 CMakeFiles/rct6-test-FOC.dir/lib/simpleFOC-next/common/base_classes/CurrentSense.cpp.obj
                0x08003a58                CurrentSense::getDQCurrents(ABCurrent_s, float)
 *fill*         0x08003ade        0x2 
 .text._ZN8FOCMotorC2Ev
                0x08003ae0      0x1f0 CMakeFiles/rct6-test-FOC.dir/lib/simpleFOC-next/common/base_classes/FOCMotor.cpp.obj
                0x08003ae0                FOCMotor::FOCMotor()
                0x08003ae0                FOCMotor::FOCMotor()
 .text._ZN8FOCMotor10shaftAngleEv
                0x08003cd0       0x72 CMakeFiles/rct6-test-FOC.dir/lib/simpleFOC-next/common/base_classes/FOCMotor.cpp.obj
                0x08003cd0                FOCMotor::shaftAngle()
 .text._ZN8FOCMotor13shaftVelocityEv
                0x08003d42       0x60 CMakeFiles/rct6-test-FOC.dir/lib/simpleFOC-next/common/base_classes/FOCMotor.cpp.obj
                0x08003d42                FOCMotor::shaftVelocity()
 .text._ZN8FOCMotor15electricalAngleEv
                0x08003da2       0x74 CMakeFiles/rct6-test-FOC.dir/lib/simpleFOC-next/common/base_classes/FOCMotor.cpp.obj
                0x08003da2                FOCMotor::electricalAngle()
 .text._ZSt4fmodff
                0x08003e16       0x1c CMakeFiles/rct6-test-FOC.dir/lib/simpleFOC-next/common/foc_utils.cpp.obj
                0x08003e16                std::fmod(float, float)
 *fill*         0x08003e32        0x2 
 .text._Z4_sinf
                0x08003e34       0xe8 CMakeFiles/rct6-test-FOC.dir/lib/simpleFOC-next/common/foc_utils.cpp.obj
                0x08003e34                _sin(float)
 .text._Z4_cosf
                0x08003f1c       0x4c CMakeFiles/rct6-test-FOC.dir/lib/simpleFOC-next/common/foc_utils.cpp.obj
                0x08003f1c                _cos(float)
 .text._Z7_sincosfPfS_
                0x08003f68       0x2c CMakeFiles/rct6-test-FOC.dir/lib/simpleFOC-next/common/foc_utils.cpp.obj
                0x08003f68                _sincos(float, float*, float*)
 .text._Z15_normalizeAnglef
                0x08003f94       0x3c CMakeFiles/rct6-test-FOC.dir/lib/simpleFOC-next/common/foc_utils.cpp.obj
                0x08003f94                _normalizeAngle(float)
 .text._Z16_electricalAnglefi
                0x08003fd0       0x24 CMakeFiles/rct6-test-FOC.dir/lib/simpleFOC-next/common/foc_utils.cpp.obj
                0x08003fd0                _electricalAngle(float, int)
 .text._ZN13LowPassFilterC2Ef
                0x08003ff4       0x2c CMakeFiles/rct6-test-FOC.dir/lib/simpleFOC-next/common/lowpass_filter.cpp.obj
                0x08003ff4                LowPassFilter::LowPassFilter(float)
                0x08003ff4                LowPassFilter::LowPassFilter(float)
 .text._ZN13LowPassFilterclEf
                0x08004020       0xd4 CMakeFiles/rct6-test-FOC.dir/lib/simpleFOC-next/common/lowpass_filter.cpp.obj
                0x08004020                LowPassFilter::operator()(float)
 .text._ZN13PIDControllerC2Efffff
                0x080040f4       0x58 CMakeFiles/rct6-test-FOC.dir/lib/simpleFOC-next/common/pid.cpp.obj
                0x080040f4                PIDController::PIDController(float, float, float, float, float)
                0x080040f4                PIDController::PIDController(float, float, float, float, float)
 .text._ZN13PIDControllerclEf
                0x0800414c      0x218 CMakeFiles/rct6-test-FOC.dir/lib/simpleFOC-next/common/pid.cpp.obj
                0x0800414c                PIDController::operator()(float)
 .text._ZN13PIDController5resetEv
                0x08004364       0x2a CMakeFiles/rct6-test-FOC.dir/lib/simpleFOC-next/common/pid.cpp.obj
                0x08004364                PIDController::reset()
 .text._Z6_delaym
                0x0800438e       0x16 CMakeFiles/rct6-test-FOC.dir/lib/simpleFOC-next/common/time_utils.cpp.obj
                0x0800438e                _delay(unsigned long)
 .text._Z7_microsv
                0x080043a4       0x30 CMakeFiles/rct6-test-FOC.dir/lib/simpleFOC-next/common/time_utils.cpp.obj
                0x080043a4                _micros()
 .text._ZN10BLDCDriver4typeEv
                0x080043d4       0x14 CMakeFiles/rct6-test-FOC.dir/lib/simpleFOC-next/drivers/BLDCDriver3PWM.cpp.obj
                0x080043d4                BLDCDriver::type()
 .text._ZN9FOCDriverC2Ev
                0x080043e8       0x30 CMakeFiles/rct6-test-FOC.dir/lib/simpleFOC-next/drivers/BLDCDriver3PWM.cpp.obj
                0x080043e8                FOCDriver::FOCDriver()
                0x080043e8                FOCDriver::FOCDriver()
 .text._ZN10BLDCDriverC2Ev
                0x08004418       0x24 CMakeFiles/rct6-test-FOC.dir/lib/simpleFOC-next/drivers/BLDCDriver3PWM.cpp.obj
                0x08004418                BLDCDriver::BLDCDriver()
                0x08004418                BLDCDriver::BLDCDriver()
 .text._ZN14BLDCDriver3PWMC2EP17TIM_HandleTypeDeffff
                0x0800443c      0x274 CMakeFiles/rct6-test-FOC.dir/lib/simpleFOC-next/drivers/BLDCDriver3PWM.cpp.obj
                0x0800443c                BLDCDriver3PWM::BLDCDriver3PWM(TIM_HandleTypeDef*, float, float, float)
                0x0800443c                BLDCDriver3PWM::BLDCDriver3PWM(TIM_HandleTypeDef*, float, float, float)
 .text._ZN14BLDCDriver3PWM6enableEv
                0x080046b0       0x28 CMakeFiles/rct6-test-FOC.dir/lib/simpleFOC-next/drivers/BLDCDriver3PWM.cpp.obj
                0x080046b0                BLDCDriver3PWM::enable()
 .text._ZN14BLDCDriver3PWM7disableEv
                0x080046d8       0x28 CMakeFiles/rct6-test-FOC.dir/lib/simpleFOC-next/drivers/BLDCDriver3PWM.cpp.obj
                0x080046d8                BLDCDriver3PWM::disable()
 .text._ZN14BLDCDriver3PWM4initEv
                0x08004700       0xb0 CMakeFiles/rct6-test-FOC.dir/lib/simpleFOC-next/drivers/BLDCDriver3PWM.cpp.obj
                0x08004700                BLDCDriver3PWM::init()
 .text._ZN14BLDCDriver3PWM13setPhaseStateE10PhaseStateS0_S0_
                0x080047b0       0x68 CMakeFiles/rct6-test-FOC.dir/lib/simpleFOC-next/drivers/BLDCDriver3PWM.cpp.obj
                0x080047b0                BLDCDriver3PWM::setPhaseState(PhaseState, PhaseState, PhaseState)
 .text._ZN14BLDCDriver3PWM6setPwmEfff
                0x08004818      0x23c CMakeFiles/rct6-test-FOC.dir/lib/simpleFOC-next/drivers/BLDCDriver3PWM.cpp.obj
                0x08004818                BLDCDriver3PWM::setPwm(float, float, float)
 .text.SystemInit
                0x08004a54        0xc cmake/stm32cubemx/CMakeFiles/STM32_Drivers.dir/__/__/Src/system_stm32f1xx.c.obj
                0x08004a54                SystemInit
 .text.HAL_I2C_Init
                0x08004a60      0x288 cmake/stm32cubemx/CMakeFiles/STM32_Drivers.dir/__/__/Drivers/STM32F1xx_HAL_Driver/Src/stm32f1xx_hal_i2c.c.obj
                0x08004a60                HAL_I2C_Init
 .text.HAL_I2C_Master_Transmit
                0x08004ce8      0x1fc cmake/stm32cubemx/CMakeFiles/STM32_Drivers.dir/__/__/Drivers/STM32F1xx_HAL_Driver/Src/stm32f1xx_hal_i2c.c.obj
                0x08004ce8                HAL_I2C_Master_Transmit
 .text.HAL_I2C_Master_Receive
                0x08004ee4      0x4d8 cmake/stm32cubemx/CMakeFiles/STM32_Drivers.dir/__/__/Drivers/STM32F1xx_HAL_Driver/Src/stm32f1xx_hal_i2c.c.obj
                0x08004ee4                HAL_I2C_Master_Receive
 .text.I2C_MasterRequestWrite
                0x080053bc      0x104 cmake/stm32cubemx/CMakeFiles/STM32_Drivers.dir/__/__/Drivers/STM32F1xx_HAL_Driver/Src/stm32f1xx_hal_i2c.c.obj
 .text.I2C_MasterRequestRead
                0x080054c0      0x19c cmake/stm32cubemx/CMakeFiles/STM32_Drivers.dir/__/__/Drivers/STM32F1xx_HAL_Driver/Src/stm32f1xx_hal_i2c.c.obj
 .text.I2C_WaitOnFlagUntilTimeout
                0x0800565c       0xf4 cmake/stm32cubemx/CMakeFiles/STM32_Drivers.dir/__/__/Drivers/STM32F1xx_HAL_Driver/Src/stm32f1xx_hal_i2c.c.obj
 .text.I2C_WaitOnMasterAddressFlagUntilTimeout
                0x08005750      0x140 cmake/stm32cubemx/CMakeFiles/STM32_Drivers.dir/__/__/Drivers/STM32F1xx_HAL_Driver/Src/stm32f1xx_hal_i2c.c.obj
 .text.I2C_WaitOnTXEFlagUntilTimeout
                0x08005890       0x90 cmake/stm32cubemx/CMakeFiles/STM32_Drivers.dir/__/__/Drivers/STM32F1xx_HAL_Driver/Src/stm32f1xx_hal_i2c.c.obj
 .text.I2C_WaitOnBTFFlagUntilTimeout
                0x08005920       0x90 cmake/stm32cubemx/CMakeFiles/STM32_Drivers.dir/__/__/Drivers/STM32F1xx_HAL_Driver/Src/stm32f1xx_hal_i2c.c.obj
 .text.I2C_WaitOnRXNEFlagUntilTimeout
                0x080059b0       0xba cmake/stm32cubemx/CMakeFiles/STM32_Drivers.dir/__/__/Drivers/STM32F1xx_HAL_Driver/Src/stm32f1xx_hal_i2c.c.obj
 .text.I2C_IsAcknowledgeFailed
                0x08005a6a       0x5c cmake/stm32cubemx/CMakeFiles/STM32_Drivers.dir/__/__/Drivers/STM32F1xx_HAL_Driver/Src/stm32f1xx_hal_i2c.c.obj
 *fill*         0x08005ac6        0x2 
 .text.HAL_Init
                0x08005ac8       0x2c cmake/stm32cubemx/CMakeFiles/STM32_Drivers.dir/__/__/Drivers/STM32F1xx_HAL_Driver/Src/stm32f1xx_hal.c.obj
                0x08005ac8                HAL_Init
 .text.HAL_InitTick
                0x08005af4       0x60 cmake/stm32cubemx/CMakeFiles/STM32_Drivers.dir/__/__/Drivers/STM32F1xx_HAL_Driver/Src/stm32f1xx_hal.c.obj
                0x08005af4                HAL_InitTick
 .text.HAL_IncTick
                0x08005b54       0x24 cmake/stm32cubemx/CMakeFiles/STM32_Drivers.dir/__/__/Drivers/STM32F1xx_HAL_Driver/Src/stm32f1xx_hal.c.obj
                0x08005b54                HAL_IncTick
 .text.HAL_GetTick
                0x08005b78       0x14 cmake/stm32cubemx/CMakeFiles/STM32_Drivers.dir/__/__/Drivers/STM32F1xx_HAL_Driver/Src/stm32f1xx_hal.c.obj
                0x08005b78                HAL_GetTick
 .text.HAL_Delay
                0x08005b8c       0x48 cmake/stm32cubemx/CMakeFiles/STM32_Drivers.dir/__/__/Drivers/STM32F1xx_HAL_Driver/Src/stm32f1xx_hal.c.obj
                0x08005b8c                HAL_Delay
 .text.HAL_RCC_OscConfig
                0x08005bd4      0x504 cmake/stm32cubemx/CMakeFiles/STM32_Drivers.dir/__/__/Drivers/STM32F1xx_HAL_Driver/Src/stm32f1xx_hal_rcc.c.obj
                0x08005bd4                HAL_RCC_OscConfig
 .text.HAL_RCC_ClockConfig
                0x080060d8      0x1d4 cmake/stm32cubemx/CMakeFiles/STM32_Drivers.dir/__/__/Drivers/STM32F1xx_HAL_Driver/Src/stm32f1xx_hal_rcc.c.obj
                0x080060d8                HAL_RCC_ClockConfig
 .text.HAL_RCC_GetSysClockFreq
                0x080062ac       0xa8 cmake/stm32cubemx/CMakeFiles/STM32_Drivers.dir/__/__/Drivers/STM32F1xx_HAL_Driver/Src/stm32f1xx_hal_rcc.c.obj
                0x080062ac                HAL_RCC_GetSysClockFreq
 .text.HAL_RCC_GetHCLKFreq
                0x08006354       0x14 cmake/stm32cubemx/CMakeFiles/STM32_Drivers.dir/__/__/Drivers/STM32F1xx_HAL_Driver/Src/stm32f1xx_hal_rcc.c.obj
                0x08006354                HAL_RCC_GetHCLKFreq
 .text.HAL_RCC_GetPCLK1Freq
                0x08006368       0x28 cmake/stm32cubemx/CMakeFiles/STM32_Drivers.dir/__/__/Drivers/STM32F1xx_HAL_Driver/Src/stm32f1xx_hal_rcc.c.obj
                0x08006368                HAL_RCC_GetPCLK1Freq
 .text.HAL_RCC_GetPCLK2Freq
                0x08006390       0x28 cmake/stm32cubemx/CMakeFiles/STM32_Drivers.dir/__/__/Drivers/STM32F1xx_HAL_Driver/Src/stm32f1xx_hal_rcc.c.obj
                0x08006390                HAL_RCC_GetPCLK2Freq
 .text.RCC_Delay
                0x080063b8       0x3c cmake/stm32cubemx/CMakeFiles/STM32_Drivers.dir/__/__/Drivers/STM32F1xx_HAL_Driver/Src/stm32f1xx_hal_rcc.c.obj
 .text.HAL_GPIO_Init
                0x080063f4      0x328 cmake/stm32cubemx/CMakeFiles/STM32_Drivers.dir/__/__/Drivers/STM32F1xx_HAL_Driver/Src/stm32f1xx_hal_gpio.c.obj
                0x080063f4                HAL_GPIO_Init
 .text.HAL_GPIO_WritePin
                0x0800671c       0x30 cmake/stm32cubemx/CMakeFiles/STM32_Drivers.dir/__/__/Drivers/STM32F1xx_HAL_Driver/Src/stm32f1xx_hal_gpio.c.obj
                0x0800671c                HAL_GPIO_WritePin
 .text.__NVIC_SetPriorityGrouping
                0x0800674c       0x48 cmake/stm32cubemx/CMakeFiles/STM32_Drivers.dir/__/__/Drivers/STM32F1xx_HAL_Driver/Src/stm32f1xx_hal_cortex.c.obj
 .text.__NVIC_GetPriorityGrouping
                0x08006794       0x1c cmake/stm32cubemx/CMakeFiles/STM32_Drivers.dir/__/__/Drivers/STM32F1xx_HAL_Driver/Src/stm32f1xx_hal_cortex.c.obj
 .text.__NVIC_SetPriority
                0x080067b0       0x54 cmake/stm32cubemx/CMakeFiles/STM32_Drivers.dir/__/__/Drivers/STM32F1xx_HAL_Driver/Src/stm32f1xx_hal_cortex.c.obj
 .text.NVIC_EncodePriority
                0x08006804       0x64 cmake/stm32cubemx/CMakeFiles/STM32_Drivers.dir/__/__/Drivers/STM32F1xx_HAL_Driver/Src/stm32f1xx_hal_cortex.c.obj
 .text.SysTick_Config
                0x08006868       0x44 cmake/stm32cubemx/CMakeFiles/STM32_Drivers.dir/__/__/Drivers/STM32F1xx_HAL_Driver/Src/stm32f1xx_hal_cortex.c.obj
 .text.HAL_NVIC_SetPriorityGrouping
                0x080068ac       0x16 cmake/stm32cubemx/CMakeFiles/STM32_Drivers.dir/__/__/Drivers/STM32F1xx_HAL_Driver/Src/stm32f1xx_hal_cortex.c.obj
                0x080068ac                HAL_NVIC_SetPriorityGrouping
 .text.HAL_NVIC_SetPriority
                0x080068c2       0x38 cmake/stm32cubemx/CMakeFiles/STM32_Drivers.dir/__/__/Drivers/STM32F1xx_HAL_Driver/Src/stm32f1xx_hal_cortex.c.obj
                0x080068c2                HAL_NVIC_SetPriority
 .text.HAL_SYSTICK_Config
                0x080068fa       0x18 cmake/stm32cubemx/CMakeFiles/STM32_Drivers.dir/__/__/Drivers/STM32F1xx_HAL_Driver/Src/stm32f1xx_hal_cortex.c.obj
                0x080068fa                HAL_SYSTICK_Config
 .text.HAL_TIM_PWM_Init
                0x08006912       0x9e cmake/stm32cubemx/CMakeFiles/STM32_Drivers.dir/__/__/Drivers/STM32F1xx_HAL_Driver/Src/stm32f1xx_hal_tim.c.obj
                0x08006912                HAL_TIM_PWM_Init
 .text.HAL_TIM_PWM_Start
                0x080069b0      0x174 cmake/stm32cubemx/CMakeFiles/STM32_Drivers.dir/__/__/Drivers/STM32F1xx_HAL_Driver/Src/stm32f1xx_hal_tim.c.obj
                0x080069b0                HAL_TIM_PWM_Start
 .text.HAL_TIM_PWM_ConfigChannel
                0x08006b24      0x184 cmake/stm32cubemx/CMakeFiles/STM32_Drivers.dir/__/__/Drivers/STM32F1xx_HAL_Driver/Src/stm32f1xx_hal_tim.c.obj
                0x08006b24                HAL_TIM_PWM_ConfigChannel
 .text.TIM_Base_SetConfig
                0x08006ca8      0x10c cmake/stm32cubemx/CMakeFiles/STM32_Drivers.dir/__/__/Drivers/STM32F1xx_HAL_Driver/Src/stm32f1xx_hal_tim.c.obj
                0x08006ca8                TIM_Base_SetConfig
 .text.TIM_OC1_SetConfig
                0x08006db4       0xe0 cmake/stm32cubemx/CMakeFiles/STM32_Drivers.dir/__/__/Drivers/STM32F1xx_HAL_Driver/Src/stm32f1xx_hal_tim.c.obj
 .text.TIM_OC2_SetConfig
                0x08006e94       0xe8 cmake/stm32cubemx/CMakeFiles/STM32_Drivers.dir/__/__/Drivers/STM32F1xx_HAL_Driver/Src/stm32f1xx_hal_tim.c.obj
                0x08006e94                TIM_OC2_SetConfig
 .text.TIM_OC3_SetConfig
                0x08006f7c       0xe8 cmake/stm32cubemx/CMakeFiles/STM32_Drivers.dir/__/__/Drivers/STM32F1xx_HAL_Driver/Src/stm32f1xx_hal_tim.c.obj
 .text.TIM_OC4_SetConfig
                0x08007064       0xa8 cmake/stm32cubemx/CMakeFiles/STM32_Drivers.dir/__/__/Drivers/STM32F1xx_HAL_Driver/Src/stm32f1xx_hal_tim.c.obj
 .text.TIM_CCxChannelCmd
                0x0800710c       0x48 cmake/stm32cubemx/CMakeFiles/STM32_Drivers.dir/__/__/Drivers/STM32F1xx_HAL_Driver/Src/stm32f1xx_hal_tim.c.obj
                0x0800710c                TIM_CCxChannelCmd
 .text.HAL_TIMEx_PWMN_Start
                0x08007154      0x158 cmake/stm32cubemx/CMakeFiles/STM32_Drivers.dir/__/__/Drivers/STM32F1xx_HAL_Driver/Src/stm32f1xx_hal_tim_ex.c.obj
                0x08007154                HAL_TIMEx_PWMN_Start
 .text.HAL_TIMEx_MasterConfigSynchronization
                0x080072ac       0xd8 cmake/stm32cubemx/CMakeFiles/STM32_Drivers.dir/__/__/Drivers/STM32F1xx_HAL_Driver/Src/stm32f1xx_hal_tim_ex.c.obj
                0x080072ac                HAL_TIMEx_MasterConfigSynchronization
 .text.HAL_TIMEx_ConfigBreakDeadTime
                0x08007384       0xa2 cmake/stm32cubemx/CMakeFiles/STM32_Drivers.dir/__/__/Drivers/STM32F1xx_HAL_Driver/Src/stm32f1xx_hal_tim_ex.c.obj
                0x08007384                HAL_TIMEx_ConfigBreakDeadTime
 .text.TIM_CCxNChannelCmd
                0x08007426       0x48 cmake/stm32cubemx/CMakeFiles/STM32_Drivers.dir/__/__/Drivers/STM32F1xx_HAL_Driver/Src/stm32f1xx_hal_tim_ex.c.obj
 .text.HAL_UART_Init
                0x0800746e       0xa0 cmake/stm32cubemx/CMakeFiles/STM32_Drivers.dir/__/__/Drivers/STM32F1xx_HAL_Driver/Src/stm32f1xx_hal_uart.c.obj
                0x0800746e                HAL_UART_Init
 *fill*         0x0800750e        0x2 
 .text.UART_SetConfig
                0x08007510      0x11c cmake/stm32cubemx/CMakeFiles/STM32_Drivers.dir/__/__/Drivers/STM32F1xx_HAL_Driver/Src/stm32f1xx_hal_uart.c.obj
 .text.fmodf    0x0800762c       0x3c /home/guopyran/software/arm-gnu-toolchain-14.2.rel1-x86_64-arm-none-eabi/bin/../lib/gcc/arm-none-eabi/14.2.1/../../../../arm-none-eabi/lib/thumb/v7-m/nofp/libm.a(libm_a-wf_fmod.o)
                0x0800762c                fmodf
 .text.__ieee754_fmodf
                0x08007668      0x16c /home/guopyran/software/arm-gnu-toolchain-14.2.rel1-x86_64-arm-none-eabi/bin/../lib/gcc/arm-none-eabi/14.2.1/../../../../arm-none-eabi/lib/thumb/v7-m/nofp/libm.a(libm_a-ef_fmod.o)
                0x08007668                __ieee754_fmodf
 .text.sprintf  0x080077d4       0x44 /home/guopyran/software/arm-gnu-toolchain-14.2.rel1-x86_64-arm-none-eabi/bin/../lib/gcc/arm-none-eabi/14.2.1/../../../../arm-none-eabi/lib/thumb/v7-m/nofp/libc_nano.a(libc_a-sprintf.o)
                0x080077d4                sprintf
                0x080077d4                siprintf
 .text.memset   0x08007818       0x10 /home/guopyran/software/arm-gnu-toolchain-14.2.rel1-x86_64-arm-none-eabi/bin/../lib/gcc/arm-none-eabi/14.2.1/../../../../arm-none-eabi/lib/thumb/v7-m/nofp/libc_nano.a(libc_a-memset.o)
                0x08007818                memset
 .text.__errno  0x08007828        0xc /home/guopyran/software/arm-gnu-toolchain-14.2.rel1-x86_64-arm-none-eabi/bin/../lib/gcc/arm-none-eabi/14.2.1/../../../../arm-none-eabi/lib/thumb/v7-m/nofp/libc_nano.a(libc_a-errno.o)
                0x08007828                __errno
 .text.__libc_init_array
                0x08007834       0x48 /home/guopyran/software/arm-gnu-toolchain-14.2.rel1-x86_64-arm-none-eabi/bin/../lib/gcc/arm-none-eabi/14.2.1/../../../../arm-none-eabi/lib/thumb/v7-m/nofp/libc_nano.a(libc_a-init.o)
                0x08007834                __libc_init_array
 .text.__retarget_lock_acquire_recursive
                0x0800787c        0x2 /home/guopyran/software/arm-gnu-toolchain-14.2.rel1-x86_64-arm-none-eabi/bin/../lib/gcc/arm-none-eabi/14.2.1/../../../../arm-none-eabi/lib/thumb/v7-m/nofp/libc_nano.a(libc_a-lock.o)
                0x0800787c                __retarget_lock_acquire_recursive
 .text.__retarget_lock_release_recursive
                0x0800787e        0x2 /home/guopyran/software/arm-gnu-toolchain-14.2.rel1-x86_64-arm-none-eabi/bin/../lib/gcc/arm-none-eabi/14.2.1/../../../../arm-none-eabi/lib/thumb/v7-m/nofp/libc_nano.a(libc_a-lock.o)
                0x0800787e                __retarget_lock_release_recursive
 .text._free_r  0x08007880       0x90 /home/guopyran/software/arm-gnu-toolchain-14.2.rel1-x86_64-arm-none-eabi/bin/../lib/gcc/arm-none-eabi/14.2.1/../../../../arm-none-eabi/lib/thumb/v7-m/nofp/libc_nano.a(libc_a-freer.o)
                0x08007880                _free_r
 .text.sbrk_aligned
                0x08007910       0x44 /home/guopyran/software/arm-gnu-toolchain-14.2.rel1-x86_64-arm-none-eabi/bin/../lib/gcc/arm-none-eabi/14.2.1/../../../../arm-none-eabi/lib/thumb/v7-m/nofp/libc_nano.a(libc_a-mallocr.o)
 .text._malloc_r
                0x08007954      0x100 /home/guopyran/software/arm-gnu-toolchain-14.2.rel1-x86_64-arm-none-eabi/bin/../lib/gcc/arm-none-eabi/14.2.1/../../../../arm-none-eabi/lib/thumb/v7-m/nofp/libc_nano.a(libc_a-mallocr.o)
                0x08007954                _malloc_r
 .text.__malloc_lock
                0x08007a54        0xc /home/guopyran/software/arm-gnu-toolchain-14.2.rel1-x86_64-arm-none-eabi/bin/../lib/gcc/arm-none-eabi/14.2.1/../../../../arm-none-eabi/lib/thumb/v7-m/nofp/libc_nano.a(libc_a-mlock.o)
                0x08007a54                __malloc_lock
 .text.__malloc_unlock
                0x08007a60        0xc /home/guopyran/software/arm-gnu-toolchain-14.2.rel1-x86_64-arm-none-eabi/bin/../lib/gcc/arm-none-eabi/14.2.1/../../../../arm-none-eabi/lib/thumb/v7-m/nofp/libc_nano.a(libc_a-mlock.o)
                0x08007a60                __malloc_unlock
 .text.__ssputs_r
                0x08007a6c       0xc0 /home/guopyran/software/arm-gnu-toolchain-14.2.rel1-x86_64-arm-none-eabi/bin/../lib/gcc/arm-none-eabi/14.2.1/../../../../arm-none-eabi/lib/thumb/v7-m/nofp/libc_nano.a(libc_a-nano-svfprintf.o)
                0x08007a6c                __ssputs_r
 .text._svfprintf_r
                0x08007b2c      0x1f8 /home/guopyran/software/arm-gnu-toolchain-14.2.rel1-x86_64-arm-none-eabi/bin/../lib/gcc/arm-none-eabi/14.2.1/../../../../arm-none-eabi/lib/thumb/v7-m/nofp/libc_nano.a(libc_a-nano-svfprintf.o)
                0x08007b2c                _svfprintf_r
                0x08007b2c                _svfiprintf_r
 .text._printf_common
                0x08007d24       0xe4 /home/guopyran/software/arm-gnu-toolchain-14.2.rel1-x86_64-arm-none-eabi/bin/../lib/gcc/arm-none-eabi/14.2.1/../../../../arm-none-eabi/lib/thumb/v7-m/nofp/libc_nano.a(libc_a-nano-vfprintf_i.o)
                0x08007d24                _printf_common
 .text._printf_i
                0x08007e08      0x240 /home/guopyran/software/arm-gnu-toolchain-14.2.rel1-x86_64-arm-none-eabi/bin/../lib/gcc/arm-none-eabi/14.2.1/../../../../arm-none-eabi/lib/thumb/v7-m/nofp/libc_nano.a(libc_a-nano-vfprintf_i.o)
                0x08007e08                _printf_i
 .text.memmove  0x08008048       0x32 /home/guopyran/software/arm-gnu-toolchain-14.2.rel1-x86_64-arm-none-eabi/bin/../lib/gcc/arm-none-eabi/14.2.1/../../../../arm-none-eabi/lib/thumb/v7-m/nofp/libc_nano.a(libc_a-memmove.o)
                0x08008048                memmove
 *fill*         0x0800807a        0x2 
 .text._sbrk_r  0x0800807c       0x20 /home/guopyran/software/arm-gnu-toolchain-14.2.rel1-x86_64-arm-none-eabi/bin/../lib/gcc/arm-none-eabi/14.2.1/../../../../arm-none-eabi/lib/thumb/v7-m/nofp/libc_nano.a(libc_a-sbrkr.o)
                0x0800807c                _sbrk_r
 .text.memchr   0x0800809c       0x1c /home/guopyran/software/arm-gnu-toolchain-14.2.rel1-x86_64-arm-none-eabi/bin/../lib/gcc/arm-none-eabi/14.2.1/../../../../arm-none-eabi/lib/thumb/v7-m/nofp/libc_nano.a(libc_a-memchr-stub.o)
                0x0800809c                memchr
 .text.memcpy   0x080080b8       0x1c /home/guopyran/software/arm-gnu-toolchain-14.2.rel1-x86_64-arm-none-eabi/bin/../lib/gcc/arm-none-eabi/14.2.1/../../../../arm-none-eabi/lib/thumb/v7-m/nofp/libc_nano.a(libc_a-memcpy-stub.o)
                0x080080b8                memcpy
 .text._realloc_r
                0x080080d4       0x5c /home/guopyran/software/arm-gnu-toolchain-14.2.rel1-x86_64-arm-none-eabi/bin/../lib/gcc/arm-none-eabi/14.2.1/../../../../arm-none-eabi/lib/thumb/v7-m/nofp/libc_nano.a(libc_a-reallocr.o)
                0x080080d4                _realloc_r
 .text._malloc_usable_size_r
                0x08008130       0x10 /home/guopyran/software/arm-gnu-toolchain-14.2.rel1-x86_64-arm-none-eabi/bin/../lib/gcc/arm-none-eabi/14.2.1/../../../../arm-none-eabi/lib/thumb/v7-m/nofp/libc_nano.a(libc_a-msizer.o)
                0x08008130                _malloc_usable_size_r
 *(.glue_7)
 .glue_7        0x08008140        0x0 linker stubs
 *(.glue_7t)
 .glue_7t       0x08008140        0x0 linker stubs
 *(.eh_frame)
 .eh_frame      0x08008140        0x0 /home/guopyran/software/arm-gnu-toolchain-14.2.rel1-x86_64-arm-none-eabi/bin/../lib/gcc/arm-none-eabi/14.2.1/thumb/v7-m/nofp/crtbegin.o
 *(.init)
 .init          0x08008140        0x4 /home/guopyran/software/arm-gnu-toolchain-14.2.rel1-x86_64-arm-none-eabi/bin/../lib/gcc/arm-none-eabi/14.2.1/thumb/v7-m/nofp/crti.o
                0x08008140                _init
 .init          0x08008144        0x8 /home/guopyran/software/arm-gnu-toolchain-14.2.rel1-x86_64-arm-none-eabi/bin/../lib/gcc/arm-none-eabi/14.2.1/thumb/v7-m/nofp/crtn.o
 *(.fini)
 .fini          0x0800814c        0x4 /home/guopyran/software/arm-gnu-toolchain-14.2.rel1-x86_64-arm-none-eabi/bin/../lib/gcc/arm-none-eabi/14.2.1/thumb/v7-m/nofp/crti.o
                0x0800814c                _fini
 .fini          0x08008150        0x8 /home/guopyran/software/arm-gnu-toolchain-14.2.rel1-x86_64-arm-none-eabi/bin/../lib/gcc/arm-none-eabi/14.2.1/thumb/v7-m/nofp/crtn.o
                0x08008158                        . = ALIGN (0x4)
                0x08008158                        _etext = .

.vfp11_veneer   0x08008158        0x0
 .vfp11_veneer  0x08008158        0x0 linker stubs

.v4_bx          0x08008158        0x0
 .v4_bx         0x08008158        0x0 linker stubs

.iplt           0x08008158        0x0
 .iplt          0x08008158        0x0 /home/guopyran/software/arm-gnu-toolchain-14.2.rel1-x86_64-arm-none-eabi/bin/../lib/gcc/arm-none-eabi/14.2.1/thumb/v7-m/nofp/crtbegin.o

.rodata         0x08008158      0x110
                0x08008158                        . = ALIGN (0x4)
 *(.rodata)
 .rodata        0x08008158        0x4 CMakeFiles/rct6-test-FOC.dir/Src/main.cpp.obj
 *(.rodata*)
 .rodata._ZTV9BLDCMotor
                0x0800815c       0x28 CMakeFiles/rct6-test-FOC.dir/lib/simpleFOC-next/BLDCMotor.cpp.obj
                0x0800815c                vtable for BLDCMotor
 .rodata._ZTV8FOCMotor
                0x08008184       0x24 CMakeFiles/rct6-test-FOC.dir/lib/simpleFOC-next/common/base_classes/FOCMotor.cpp.obj
                0x08008184                vtable for FOCMotor
 .rodata._ZTV14BLDCDriver3PWM
                0x080081a8       0x20 CMakeFiles/rct6-test-FOC.dir/lib/simpleFOC-next/drivers/BLDCDriver3PWM.cpp.obj
                0x080081a8                vtable for BLDCDriver3PWM
 .rodata._ZTV10BLDCDriver
                0x080081c8       0x20 CMakeFiles/rct6-test-FOC.dir/lib/simpleFOC-next/drivers/BLDCDriver3PWM.cpp.obj
                0x080081c8                vtable for BLDCDriver
 .rodata._ZTV9FOCDriver
                0x080081e8       0x18 CMakeFiles/rct6-test-FOC.dir/lib/simpleFOC-next/drivers/BLDCDriver3PWM.cpp.obj
                0x080081e8                vtable for FOCDriver
 .rodata.AHBPrescTable
                0x08008200       0x10 cmake/stm32cubemx/CMakeFiles/STM32_Drivers.dir/__/__/Src/system_stm32f1xx.c.obj
                0x08008200                AHBPrescTable
 .rodata.APBPrescTable
                0x08008210        0x8 cmake/stm32cubemx/CMakeFiles/STM32_Drivers.dir/__/__/Src/system_stm32f1xx.c.obj
                0x08008210                APBPrescTable
 .rodata.aPLLMULFactorTable.1
                0x08008218       0x10 cmake/stm32cubemx/CMakeFiles/STM32_Drivers.dir/__/__/Drivers/STM32F1xx_HAL_Driver/Src/stm32f1xx_hal_rcc.c.obj
 .rodata.aPredivFactorTable.0
                0x08008228        0x2 cmake/stm32cubemx/CMakeFiles/STM32_Drivers.dir/__/__/Drivers/STM32F1xx_HAL_Driver/Src/stm32f1xx_hal_rcc.c.obj
 *fill*         0x0800822a        0x2 
 .rodata.Zero   0x0800822c        0x8 /home/guopyran/software/arm-gnu-toolchain-14.2.rel1-x86_64-arm-none-eabi/bin/../lib/gcc/arm-none-eabi/14.2.1/../../../../arm-none-eabi/lib/thumb/v7-m/nofp/libm.a(libm_a-ef_fmod.o)
 .rodata._svfprintf_r.str1.1
                0x08008234       0x33 /home/guopyran/software/arm-gnu-toolchain-14.2.rel1-x86_64-arm-none-eabi/bin/../lib/gcc/arm-none-eabi/14.2.1/../../../../arm-none-eabi/lib/thumb/v7-m/nofp/libc_nano.a(libc_a-nano-svfprintf.o)
                                 0x11 (size before relaxing)
 .rodata._printf_i.str1.1
                0x08008267       0x22 /home/guopyran/software/arm-gnu-toolchain-14.2.rel1-x86_64-arm-none-eabi/bin/../lib/gcc/arm-none-eabi/14.2.1/../../../../arm-none-eabi/lib/thumb/v7-m/nofp/libc_nano.a(libc_a-nano-vfprintf_i.o)
                0x0800828c                        . = ALIGN (0x4)
 *fill*         0x08008267        0x1 

.ARM.extab      0x08008268        0x0
                0x08008268                        . = ALIGN (0x4)
 *(.ARM.extab* .gnu.linkonce.armextab.*)
                0x08008268                        . = ALIGN (0x4)

.ARM            0x08008268        0x0
                0x08008268                        . = ALIGN (0x4)
                0x08008268                        __exidx_start = .
 *(.ARM.exidx*)
                0x08008268                        __exidx_end = .
                0x08008268                        . = ALIGN (0x4)

.preinit_array  0x08008268        0x0
                0x08008268                        . = ALIGN (0x4)
                0x08008268                        PROVIDE (__preinit_array_start = .)
 *(.preinit_array*)
                0x08008268                        PROVIDE (__preinit_array_end = .)
                0x08008268                        . = ALIGN (0x4)

.init_array     0x08008268        0x4
                0x08008268                        . = ALIGN (0x4)
                0x08008268                        PROVIDE (__init_array_start = .)
 *(SORT_BY_NAME(.init_array.*))
 *(.init_array*)
 .init_array    0x08008268        0x4 /home/guopyran/software/arm-gnu-toolchain-14.2.rel1-x86_64-arm-none-eabi/bin/../lib/gcc/arm-none-eabi/14.2.1/thumb/v7-m/nofp/crtbegin.o
                0x0800826c                        PROVIDE (__init_array_end = .)
                0x0800826c                        . = ALIGN (0x4)

.fini_array     0x0800826c        0x4
                0x0800826c                        . = ALIGN (0x4)
                [!provide]                        PROVIDE (__fini_array_start = .)
 *(SORT_BY_NAME(.fini_array.*))
 *(.fini_array*)
 .fini_array    0x0800826c        0x4 /home/guopyran/software/arm-gnu-toolchain-14.2.rel1-x86_64-arm-none-eabi/bin/../lib/gcc/arm-none-eabi/14.2.1/thumb/v7-m/nofp/crtbegin.o
                [!provide]                        PROVIDE (__fini_array_end = .)
                0x08008270                        . = ALIGN (0x4)
                0x08008270                        _sidata = LOADADDR (.data)

.rel.dyn        0x08008270        0x0
 .rel.iplt      0x08008270        0x0 /home/guopyran/software/arm-gnu-toolchain-14.2.rel1-x86_64-arm-none-eabi/bin/../lib/gcc/arm-none-eabi/14.2.1/thumb/v7-m/nofp/crtbegin.o

.data           0x20000000       0xe0 load address 0x08008270
                0x20000000                        . = ALIGN (0x4)
                0x20000000                        _sdata = .
 *(.data)
 *(.data*)
 .data._ZZ4_sinfE10sine_array
                0x20000000       0x82 CMakeFiles/rct6-test-FOC.dir/lib/simpleFOC-next/common/foc_utils.cpp.obj
 *fill*         0x20000082        0x2 
 .data.SystemCoreClock
                0x20000084        0x4 cmake/stm32cubemx/CMakeFiles/STM32_Drivers.dir/__/__/Src/system_stm32f1xx.c.obj
                0x20000084                SystemCoreClock
 .data.uwTickPrio
                0x20000088        0x4 cmake/stm32cubemx/CMakeFiles/STM32_Drivers.dir/__/__/Drivers/STM32F1xx_HAL_Driver/Src/stm32f1xx_hal.c.obj
                0x20000088                uwTickPrio
 .data.uwTickFreq
                0x2000008c        0x1 cmake/stm32cubemx/CMakeFiles/STM32_Drivers.dir/__/__/Drivers/STM32F1xx_HAL_Driver/Src/stm32f1xx_hal.c.obj
                0x2000008c                uwTickFreq
 *fill*         0x2000008d        0x3 
 .data._impure_ptr
                0x20000090        0x4 /home/guopyran/software/arm-gnu-toolchain-14.2.rel1-x86_64-arm-none-eabi/bin/../lib/gcc/arm-none-eabi/14.2.1/../../../../arm-none-eabi/lib/thumb/v7-m/nofp/libc_nano.a(libc_a-impure.o)
                0x20000090                _impure_ptr
 .data._impure_data
                0x20000094       0x4c /home/guopyran/software/arm-gnu-toolchain-14.2.rel1-x86_64-arm-none-eabi/bin/../lib/gcc/arm-none-eabi/14.2.1/../../../../arm-none-eabi/lib/thumb/v7-m/nofp/libc_nano.a(libc_a-impure.o)
                0x20000094                _impure_data
 *(.RamFunc)
 *(.RamFunc*)
                0x200000e0                        . = ALIGN (0x4)
                0x200000e0                        _edata = .

.tm_clone_table
                0x200000e0        0x0 load address 0x08008350
 .tm_clone_table
                0x200000e0        0x0 /home/guopyran/software/arm-gnu-toolchain-14.2.rel1-x86_64-arm-none-eabi/bin/../lib/gcc/arm-none-eabi/14.2.1/thumb/v7-m/nofp/crtbegin.o
 .tm_clone_table
                0x200000e0        0x0 /home/guopyran/software/arm-gnu-toolchain-14.2.rel1-x86_64-arm-none-eabi/bin/../lib/gcc/arm-none-eabi/14.2.1/thumb/v7-m/nofp/crtend.o

.igot.plt       0x200000e0        0x0 load address 0x08008350
 .igot.plt      0x200000e0        0x0 /home/guopyran/software/arm-gnu-toolchain-14.2.rel1-x86_64-arm-none-eabi/bin/../lib/gcc/arm-none-eabi/14.2.1/thumb/v7-m/nofp/crtbegin.o
                0x200000e0                        . = ALIGN (0x4)

.bss            0x200000e0      0x2f4 load address 0x08008350
                0x200000e0                        _sbss = .
                0x200000e0                        __bss_start__ = _sbss
 *(.bss)
 *(.bss*)
 .bss.completed.1
                0x200000e0        0x1 /home/guopyran/software/arm-gnu-toolchain-14.2.rel1-x86_64-arm-none-eabi/bin/../lib/gcc/arm-none-eabi/14.2.1/thumb/v7-m/nofp/crtbegin.o
 *fill*         0x200000e1        0x3 
 .bss.object.0  0x200000e4       0x18 /home/guopyran/software/arm-gnu-toolchain-14.2.rel1-x86_64-arm-none-eabi/bin/../lib/gcc/arm-none-eabi/14.2.1/thumb/v7-m/nofp/crtbegin.o
 .bss.hi2c1     0x200000fc       0x54 CMakeFiles/rct6-test-FOC.dir/Src/i2c.c.obj
                0x200000fc                hi2c1
 .bss.hi2c2     0x20000150       0x54 CMakeFiles/rct6-test-FOC.dir/Src/i2c.c.obj
                0x20000150                hi2c2
 .bss.htim1     0x200001a4       0x48 CMakeFiles/rct6-test-FOC.dir/Src/tim.c.obj
                0x200001a4                htim1
 .bss.htim8     0x200001ec       0x48 CMakeFiles/rct6-test-FOC.dir/Src/tim.c.obj
                0x200001ec                htim8
 .bss.huart4    0x20000234       0x48 CMakeFiles/rct6-test-FOC.dir/Src/usart.c.obj
                0x20000234                huart4
 .bss.__sbrk_heap_end
                0x2000027c        0x4 CMakeFiles/rct6-test-FOC.dir/Src/sysmem.c.obj
 .bss.angle_data_prev
                0x20000280        0x4 CMakeFiles/rct6-test-FOC.dir/lib/as5600/as5600.c.obj
 .bss.full_rotation_offset
                0x20000284        0x4 CMakeFiles/rct6-test-FOC.dir/lib/as5600/as5600.c.obj
 .bss.uwTick    0x20000288        0x4 cmake/stm32cubemx/CMakeFiles/STM32_Drivers.dir/__/__/Drivers/STM32F1xx_HAL_Driver/Src/stm32f1xx_hal.c.obj
                0x20000288                uwTick
 .bss.__sf      0x2000028c      0x138 /home/guopyran/software/arm-gnu-toolchain-14.2.rel1-x86_64-arm-none-eabi/bin/../lib/gcc/arm-none-eabi/14.2.1/../../../../arm-none-eabi/lib/thumb/v7-m/nofp/libc_nano.a(libc_a-findfp.o)
                0x2000028c                __sf
 .bss.errno     0x200003c4        0x4 /home/guopyran/software/arm-gnu-toolchain-14.2.rel1-x86_64-arm-none-eabi/bin/../lib/gcc/arm-none-eabi/14.2.1/../../../../arm-none-eabi/lib/thumb/v7-m/nofp/libc_nano.a(libc_a-reent.o)
                0x200003c4                errno
 .bss.__lock___malloc_recursive_mutex
                0x200003c8        0x1 /home/guopyran/software/arm-gnu-toolchain-14.2.rel1-x86_64-arm-none-eabi/bin/../lib/gcc/arm-none-eabi/14.2.1/../../../../arm-none-eabi/lib/thumb/v7-m/nofp/libc_nano.a(libc_a-lock.o)
                0x200003c8                __lock___malloc_recursive_mutex
 *fill*         0x200003c9        0x3 
 .bss.__malloc_sbrk_start
                0x200003cc        0x4 /home/guopyran/software/arm-gnu-toolchain-14.2.rel1-x86_64-arm-none-eabi/bin/../lib/gcc/arm-none-eabi/14.2.1/../../../../arm-none-eabi/lib/thumb/v7-m/nofp/libc_nano.a(libc_a-mallocr.o)
                0x200003cc                __malloc_sbrk_start
 .bss.__malloc_free_list
                0x200003d0        0x4 /home/guopyran/software/arm-gnu-toolchain-14.2.rel1-x86_64-arm-none-eabi/bin/../lib/gcc/arm-none-eabi/14.2.1/../../../../arm-none-eabi/lib/thumb/v7-m/nofp/libc_nano.a(libc_a-mallocr.o)
                0x200003d0                __malloc_free_list
 *(COMMON)
                0x200003d4                        . = ALIGN (0x4)
                0x200003d4                        _ebss = .
                0x200003d4                        __bss_end__ = _ebss

._user_heap_stack
                0x200003d4      0x604 load address 0x08008350
                0x200003d8                        . = ALIGN (0x8)
 *fill*         0x200003d4        0x4 
                [!provide]                        PROVIDE (end = .)
                0x200003d8                        PROVIDE (_end = .)
                0x200005d8                        . = (. + _Min_Heap_Size)
 *fill*         0x200003d8      0x200 
                0x200009d8                        . = (. + _Min_Stack_Size)
 *fill*         0x200005d8      0x400 
                0x200009d8                        . = ALIGN (0x8)

/DISCARD/
 libc.a(*)
 libm.a(*)
 libgcc.a(*)
OUTPUT(rct6-test-FOC.elf elf32-littlearm)
LOAD linker stubs
LOAD /home/guopyran/software/arm-gnu-toolchain-14.2.rel1-x86_64-arm-none-eabi/bin/../lib/gcc/arm-none-eabi/14.2.1/../../../../arm-none-eabi/lib/thumb/v7-m/nofp/libc.a
LOAD /home/guopyran/software/arm-gnu-toolchain-14.2.rel1-x86_64-arm-none-eabi/bin/../lib/gcc/arm-none-eabi/14.2.1/../../../../arm-none-eabi/lib/thumb/v7-m/nofp/libm.a
LOAD /home/guopyran/software/arm-gnu-toolchain-14.2.rel1-x86_64-arm-none-eabi/bin/../lib/gcc/arm-none-eabi/14.2.1/thumb/v7-m/nofp/libgcc.a

.ARM.attributes
                0x00000000       0x29
 .ARM.attributes
                0x00000000       0x1d /home/guopyran/software/arm-gnu-toolchain-14.2.rel1-x86_64-arm-none-eabi/bin/../lib/gcc/arm-none-eabi/14.2.1/thumb/v7-m/nofp/crti.o
 .ARM.attributes
                0x0000001d       0x2d /home/guopyran/software/arm-gnu-toolchain-14.2.rel1-x86_64-arm-none-eabi/bin/../lib/gcc/arm-none-eabi/14.2.1/thumb/v7-m/nofp/crtbegin.o
 .ARM.attributes
                0x0000004a       0x2d CMakeFiles/rct6-test-FOC.dir/Src/main.cpp.obj
 .ARM.attributes
                0x00000077       0x2d CMakeFiles/rct6-test-FOC.dir/Src/gpio.c.obj
 .ARM.attributes
                0x000000a4       0x2d CMakeFiles/rct6-test-FOC.dir/Src/i2c.c.obj
 .ARM.attributes
                0x000000d1       0x2d CMakeFiles/rct6-test-FOC.dir/Src/tim.c.obj
 .ARM.attributes
                0x000000fe       0x2d CMakeFiles/rct6-test-FOC.dir/Src/usart.c.obj
 .ARM.attributes
                0x0000012b       0x2d CMakeFiles/rct6-test-FOC.dir/Src/stm32f1xx_it.c.obj
 .ARM.attributes
                0x00000158       0x2d CMakeFiles/rct6-test-FOC.dir/Src/stm32f1xx_hal_msp.c.obj
 .ARM.attributes
                0x00000185       0x2d CMakeFiles/rct6-test-FOC.dir/Src/sysmem.c.obj
 .ARM.attributes
                0x000001b2       0x21 CMakeFiles/rct6-test-FOC.dir/startup_stm32f103xe.s.obj
 .ARM.attributes
                0x000001d3       0x2d CMakeFiles/rct6-test-FOC.dir/lib/as5600/as5600.c.obj
 .ARM.attributes
                0x00000200       0x2d CMakeFiles/rct6-test-FOC.dir/lib/simpleFOC-next/BLDCMotor.cpp.obj
 .ARM.attributes
                0x0000022d       0x2d CMakeFiles/rct6-test-FOC.dir/lib/simpleFOC-next/common/base_classes/CurrentSense.cpp.obj
 .ARM.attributes
                0x0000025a       0x2d CMakeFiles/rct6-test-FOC.dir/lib/simpleFOC-next/common/base_classes/FOCMotor.cpp.obj
 .ARM.attributes
                0x00000287       0x2d CMakeFiles/rct6-test-FOC.dir/lib/simpleFOC-next/common/foc_utils.cpp.obj
 .ARM.attributes
                0x000002b4       0x2d CMakeFiles/rct6-test-FOC.dir/lib/simpleFOC-next/common/lowpass_filter.cpp.obj
 .ARM.attributes
                0x000002e1       0x2d CMakeFiles/rct6-test-FOC.dir/lib/simpleFOC-next/common/pid.cpp.obj
 .ARM.attributes
                0x0000030e       0x2d CMakeFiles/rct6-test-FOC.dir/lib/simpleFOC-next/common/time_utils.cpp.obj
 .ARM.attributes
                0x0000033b       0x2d CMakeFiles/rct6-test-FOC.dir/lib/simpleFOC-next/drivers/BLDCDriver3PWM.cpp.obj
 .ARM.attributes
                0x00000368       0x2d cmake/stm32cubemx/CMakeFiles/STM32_Drivers.dir/__/__/Src/system_stm32f1xx.c.obj
 .ARM.attributes
                0x00000395       0x2d cmake/stm32cubemx/CMakeFiles/STM32_Drivers.dir/__/__/Drivers/STM32F1xx_HAL_Driver/Src/stm32f1xx_hal_i2c.c.obj
 .ARM.attributes
                0x000003c2       0x2d cmake/stm32cubemx/CMakeFiles/STM32_Drivers.dir/__/__/Drivers/STM32F1xx_HAL_Driver/Src/stm32f1xx_hal.c.obj
 .ARM.attributes
                0x000003ef       0x2d cmake/stm32cubemx/CMakeFiles/STM32_Drivers.dir/__/__/Drivers/STM32F1xx_HAL_Driver/Src/stm32f1xx_hal_rcc.c.obj
 .ARM.attributes
                0x0000041c       0x2d cmake/stm32cubemx/CMakeFiles/STM32_Drivers.dir/__/__/Drivers/STM32F1xx_HAL_Driver/Src/stm32f1xx_hal_gpio.c.obj
 .ARM.attributes
                0x00000449       0x2d cmake/stm32cubemx/CMakeFiles/STM32_Drivers.dir/__/__/Drivers/STM32F1xx_HAL_Driver/Src/stm32f1xx_hal_cortex.c.obj
 .ARM.attributes
                0x00000476       0x2d cmake/stm32cubemx/CMakeFiles/STM32_Drivers.dir/__/__/Drivers/STM32F1xx_HAL_Driver/Src/stm32f1xx_hal_tim.c.obj
 .ARM.attributes
                0x000004a3       0x2d cmake/stm32cubemx/CMakeFiles/STM32_Drivers.dir/__/__/Drivers/STM32F1xx_HAL_Driver/Src/stm32f1xx_hal_tim_ex.c.obj
 .ARM.attributes
                0x000004d0       0x2d cmake/stm32cubemx/CMakeFiles/STM32_Drivers.dir/__/__/Drivers/STM32F1xx_HAL_Driver/Src/stm32f1xx_hal_uart.c.obj
 .ARM.attributes
                0x000004fd       0x2d /home/guopyran/software/arm-gnu-toolchain-14.2.rel1-x86_64-arm-none-eabi/bin/../lib/gcc/arm-none-eabi/14.2.1/../../../../arm-none-eabi/lib/thumb/v7-m/nofp/libm.a(libm_a-wf_fmod.o)
 .ARM.attributes
                0x0000052a       0x2d /home/guopyran/software/arm-gnu-toolchain-14.2.rel1-x86_64-arm-none-eabi/bin/../lib/gcc/arm-none-eabi/14.2.1/../../../../arm-none-eabi/lib/thumb/v7-m/nofp/libm.a(libm_a-ef_fmod.o)
 .ARM.attributes
                0x00000557       0x2d /home/guopyran/software/arm-gnu-toolchain-14.2.rel1-x86_64-arm-none-eabi/bin/../lib/gcc/arm-none-eabi/14.2.1/../../../../arm-none-eabi/lib/thumb/v7-m/nofp/libc_nano.a(libc_a-findfp.o)
 .ARM.attributes
                0x00000584       0x2d /home/guopyran/software/arm-gnu-toolchain-14.2.rel1-x86_64-arm-none-eabi/bin/../lib/gcc/arm-none-eabi/14.2.1/../../../../arm-none-eabi/lib/thumb/v7-m/nofp/libc_nano.a(libc_a-sprintf.o)
 .ARM.attributes
                0x000005b1       0x2d /home/guopyran/software/arm-gnu-toolchain-14.2.rel1-x86_64-arm-none-eabi/bin/../lib/gcc/arm-none-eabi/14.2.1/../../../../arm-none-eabi/lib/thumb/v7-m/nofp/libc_nano.a(libc_a-memset.o)
 .ARM.attributes
                0x000005de       0x2d /home/guopyran/software/arm-gnu-toolchain-14.2.rel1-x86_64-arm-none-eabi/bin/../lib/gcc/arm-none-eabi/14.2.1/../../../../arm-none-eabi/lib/thumb/v7-m/nofp/libc_nano.a(libc_a-reent.o)
 .ARM.attributes
                0x0000060b       0x2d /home/guopyran/software/arm-gnu-toolchain-14.2.rel1-x86_64-arm-none-eabi/bin/../lib/gcc/arm-none-eabi/14.2.1/../../../../arm-none-eabi/lib/thumb/v7-m/nofp/libc_nano.a(libc_a-impure.o)
 .ARM.attributes
                0x00000638       0x2d /home/guopyran/software/arm-gnu-toolchain-14.2.rel1-x86_64-arm-none-eabi/bin/../lib/gcc/arm-none-eabi/14.2.1/../../../../arm-none-eabi/lib/thumb/v7-m/nofp/libc_nano.a(libc_a-errno.o)
 .ARM.attributes
                0x00000665       0x2d /home/guopyran/software/arm-gnu-toolchain-14.2.rel1-x86_64-arm-none-eabi/bin/../lib/gcc/arm-none-eabi/14.2.1/../../../../arm-none-eabi/lib/thumb/v7-m/nofp/libc_nano.a(libc_a-init.o)
 .ARM.attributes
                0x00000692       0x2d /home/guopyran/software/arm-gnu-toolchain-14.2.rel1-x86_64-arm-none-eabi/bin/../lib/gcc/arm-none-eabi/14.2.1/../../../../arm-none-eabi/lib/thumb/v7-m/nofp/libc_nano.a(libc_a-lock.o)
 .ARM.attributes
                0x000006bf       0x2d /home/guopyran/software/arm-gnu-toolchain-14.2.rel1-x86_64-arm-none-eabi/bin/../lib/gcc/arm-none-eabi/14.2.1/../../../../arm-none-eabi/lib/thumb/v7-m/nofp/libc_nano.a(libc_a-freer.o)
 .ARM.attributes
                0x000006ec       0x2d /home/guopyran/software/arm-gnu-toolchain-14.2.rel1-x86_64-arm-none-eabi/bin/../lib/gcc/arm-none-eabi/14.2.1/../../../../arm-none-eabi/lib/thumb/v7-m/nofp/libc_nano.a(libc_a-mallocr.o)
 .ARM.attributes
                0x00000719       0x2d /home/guopyran/software/arm-gnu-toolchain-14.2.rel1-x86_64-arm-none-eabi/bin/../lib/gcc/arm-none-eabi/14.2.1/../../../../arm-none-eabi/lib/thumb/v7-m/nofp/libc_nano.a(libc_a-mlock.o)
 .ARM.attributes
                0x00000746       0x2d /home/guopyran/software/arm-gnu-toolchain-14.2.rel1-x86_64-arm-none-eabi/bin/../lib/gcc/arm-none-eabi/14.2.1/../../../../arm-none-eabi/lib/thumb/v7-m/nofp/libc_nano.a(libc_a-nano-svfprintf.o)
 .ARM.attributes
                0x00000773       0x2d /home/guopyran/software/arm-gnu-toolchain-14.2.rel1-x86_64-arm-none-eabi/bin/../lib/gcc/arm-none-eabi/14.2.1/../../../../arm-none-eabi/lib/thumb/v7-m/nofp/libc_nano.a(libc_a-nano-vfprintf_i.o)
 .ARM.attributes
                0x000007a0       0x2d /home/guopyran/software/arm-gnu-toolchain-14.2.rel1-x86_64-arm-none-eabi/bin/../lib/gcc/arm-none-eabi/14.2.1/../../../../arm-none-eabi/lib/thumb/v7-m/nofp/libc_nano.a(libc_a-memmove.o)
 .ARM.attributes
                0x000007cd       0x2d /home/guopyran/software/arm-gnu-toolchain-14.2.rel1-x86_64-arm-none-eabi/bin/../lib/gcc/arm-none-eabi/14.2.1/../../../../arm-none-eabi/lib/thumb/v7-m/nofp/libc_nano.a(libc_a-sbrkr.o)
 .ARM.attributes
                0x000007fa       0x2d /home/guopyran/software/arm-gnu-toolchain-14.2.rel1-x86_64-arm-none-eabi/bin/../lib/gcc/arm-none-eabi/14.2.1/../../../../arm-none-eabi/lib/thumb/v7-m/nofp/libc_nano.a(libc_a-memchr-stub.o)
 .ARM.attributes
                0x00000827       0x2d /home/guopyran/software/arm-gnu-toolchain-14.2.rel1-x86_64-arm-none-eabi/bin/../lib/gcc/arm-none-eabi/14.2.1/../../../../arm-none-eabi/lib/thumb/v7-m/nofp/libc_nano.a(libc_a-memcpy-stub.o)
 .ARM.attributes
                0x00000854       0x2d /home/guopyran/software/arm-gnu-toolchain-14.2.rel1-x86_64-arm-none-eabi/bin/../lib/gcc/arm-none-eabi/14.2.1/../../../../arm-none-eabi/lib/thumb/v7-m/nofp/libc_nano.a(libc_a-reallocr.o)
 .ARM.attributes
                0x00000881       0x2d /home/guopyran/software/arm-gnu-toolchain-14.2.rel1-x86_64-arm-none-eabi/bin/../lib/gcc/arm-none-eabi/14.2.1/../../../../arm-none-eabi/lib/thumb/v7-m/nofp/libc_nano.a(libc_a-msizer.o)
 .ARM.attributes
                0x000008ae       0x1d /home/guopyran/software/arm-gnu-toolchain-14.2.rel1-x86_64-arm-none-eabi/bin/../lib/gcc/arm-none-eabi/14.2.1/thumb/v7-m/nofp/libgcc.a(_arm_addsubdf3.o)
 .ARM.attributes
                0x000008cb       0x1d /home/guopyran/software/arm-gnu-toolchain-14.2.rel1-x86_64-arm-none-eabi/bin/../lib/gcc/arm-none-eabi/14.2.1/thumb/v7-m/nofp/libgcc.a(_arm_muldivdf3.o)
 .ARM.attributes
                0x000008e8       0x1d /home/guopyran/software/arm-gnu-toolchain-14.2.rel1-x86_64-arm-none-eabi/bin/../lib/gcc/arm-none-eabi/14.2.1/thumb/v7-m/nofp/libgcc.a(_arm_cmpdf2.o)
 .ARM.attributes
                0x00000905       0x1d /home/guopyran/software/arm-gnu-toolchain-14.2.rel1-x86_64-arm-none-eabi/bin/../lib/gcc/arm-none-eabi/14.2.1/thumb/v7-m/nofp/libgcc.a(_arm_truncdfsf2.o)
 .ARM.attributes
                0x00000922       0x1d /home/guopyran/software/arm-gnu-toolchain-14.2.rel1-x86_64-arm-none-eabi/bin/../lib/gcc/arm-none-eabi/14.2.1/thumb/v7-m/nofp/libgcc.a(_arm_addsubsf3.o)
 .ARM.attributes
                0x0000093f       0x1d /home/guopyran/software/arm-gnu-toolchain-14.2.rel1-x86_64-arm-none-eabi/bin/../lib/gcc/arm-none-eabi/14.2.1/thumb/v7-m/nofp/libgcc.a(_arm_muldivsf3.o)
 .ARM.attributes
                0x0000095c       0x1d /home/guopyran/software/arm-gnu-toolchain-14.2.rel1-x86_64-arm-none-eabi/bin/../lib/gcc/arm-none-eabi/14.2.1/thumb/v7-m/nofp/libgcc.a(_arm_cmpsf2.o)
 .ARM.attributes
                0x00000979       0x1d /home/guopyran/software/arm-gnu-toolchain-14.2.rel1-x86_64-arm-none-eabi/bin/../lib/gcc/arm-none-eabi/14.2.1/thumb/v7-m/nofp/libgcc.a(_arm_unordsf2.o)
 .ARM.attributes
                0x00000996       0x1d /home/guopyran/software/arm-gnu-toolchain-14.2.rel1-x86_64-arm-none-eabi/bin/../lib/gcc/arm-none-eabi/14.2.1/thumb/v7-m/nofp/libgcc.a(_arm_fixsfsi.o)
 .ARM.attributes
                0x000009b3       0x1d /home/guopyran/software/arm-gnu-toolchain-14.2.rel1-x86_64-arm-none-eabi/bin/../lib/gcc/arm-none-eabi/14.2.1/thumb/v7-m/nofp/libgcc.a(_arm_fixunssfsi.o)
 .ARM.attributes
                0x000009d0       0x2d /home/guopyran/software/arm-gnu-toolchain-14.2.rel1-x86_64-arm-none-eabi/bin/../lib/gcc/arm-none-eabi/14.2.1/thumb/v7-m/nofp/crtend.o
 .ARM.attributes
                0x000009fd       0x1d /home/guopyran/software/arm-gnu-toolchain-14.2.rel1-x86_64-arm-none-eabi/bin/../lib/gcc/arm-none-eabi/14.2.1/thumb/v7-m/nofp/crtn.o

.comment        0x00000000       0x45
 .comment       0x00000000       0x45 CMakeFiles/rct6-test-FOC.dir/Src/main.cpp.obj
                                 0x46 (size before relaxing)
 .comment       0x00000045       0x46 CMakeFiles/rct6-test-FOC.dir/Src/gpio.c.obj
 .comment       0x00000045       0x46 CMakeFiles/rct6-test-FOC.dir/Src/i2c.c.obj
 .comment       0x00000045       0x46 CMakeFiles/rct6-test-FOC.dir/Src/tim.c.obj
 .comment       0x00000045       0x46 CMakeFiles/rct6-test-FOC.dir/Src/usart.c.obj
 .comment       0x00000045       0x46 CMakeFiles/rct6-test-FOC.dir/Src/stm32f1xx_it.c.obj
 .comment       0x00000045       0x46 CMakeFiles/rct6-test-FOC.dir/Src/stm32f1xx_hal_msp.c.obj
 .comment       0x00000045       0x46 CMakeFiles/rct6-test-FOC.dir/Src/sysmem.c.obj
 .comment       0x00000045       0x46 CMakeFiles/rct6-test-FOC.dir/lib/as5600/as5600.c.obj
 .comment       0x00000045       0x46 CMakeFiles/rct6-test-FOC.dir/lib/simpleFOC-next/BLDCMotor.cpp.obj
 .comment       0x00000045       0x46 CMakeFiles/rct6-test-FOC.dir/lib/simpleFOC-next/common/base_classes/CurrentSense.cpp.obj
 .comment       0x00000045       0x46 CMakeFiles/rct6-test-FOC.dir/lib/simpleFOC-next/common/base_classes/FOCMotor.cpp.obj
 .comment       0x00000045       0x46 CMakeFiles/rct6-test-FOC.dir/lib/simpleFOC-next/common/foc_utils.cpp.obj
 .comment       0x00000045       0x46 CMakeFiles/rct6-test-FOC.dir/lib/simpleFOC-next/common/lowpass_filter.cpp.obj
 .comment       0x00000045       0x46 CMakeFiles/rct6-test-FOC.dir/lib/simpleFOC-next/common/pid.cpp.obj
 .comment       0x00000045       0x46 CMakeFiles/rct6-test-FOC.dir/lib/simpleFOC-next/common/time_utils.cpp.obj
 .comment       0x00000045       0x46 CMakeFiles/rct6-test-FOC.dir/lib/simpleFOC-next/drivers/BLDCDriver3PWM.cpp.obj
 .comment       0x00000045       0x46 cmake/stm32cubemx/CMakeFiles/STM32_Drivers.dir/__/__/Src/system_stm32f1xx.c.obj
 .comment       0x00000045       0x46 cmake/stm32cubemx/CMakeFiles/STM32_Drivers.dir/__/__/Drivers/STM32F1xx_HAL_Driver/Src/stm32f1xx_hal_i2c.c.obj
 .comment       0x00000045       0x46 cmake/stm32cubemx/CMakeFiles/STM32_Drivers.dir/__/__/Drivers/STM32F1xx_HAL_Driver/Src/stm32f1xx_hal.c.obj
 .comment       0x00000045       0x46 cmake/stm32cubemx/CMakeFiles/STM32_Drivers.dir/__/__/Drivers/STM32F1xx_HAL_Driver/Src/stm32f1xx_hal_rcc.c.obj
 .comment       0x00000045       0x46 cmake/stm32cubemx/CMakeFiles/STM32_Drivers.dir/__/__/Drivers/STM32F1xx_HAL_Driver/Src/stm32f1xx_hal_gpio.c.obj
 .comment       0x00000045       0x46 cmake/stm32cubemx/CMakeFiles/STM32_Drivers.dir/__/__/Drivers/STM32F1xx_HAL_Driver/Src/stm32f1xx_hal_cortex.c.obj
 .comment       0x00000045       0x46 cmake/stm32cubemx/CMakeFiles/STM32_Drivers.dir/__/__/Drivers/STM32F1xx_HAL_Driver/Src/stm32f1xx_hal_tim.c.obj
 .comment       0x00000045       0x46 cmake/stm32cubemx/CMakeFiles/STM32_Drivers.dir/__/__/Drivers/STM32F1xx_HAL_Driver/Src/stm32f1xx_hal_tim_ex.c.obj
 .comment       0x00000045       0x46 cmake/stm32cubemx/CMakeFiles/STM32_Drivers.dir/__/__/Drivers/STM32F1xx_HAL_Driver/Src/stm32f1xx_hal_uart.c.obj

.debug_info     0x00000000    0x152bf
 .debug_info    0x00000000     0x15ea CMakeFiles/rct6-test-FOC.dir/Src/main.cpp.obj
 .debug_info    0x000015ea      0x2d3 CMakeFiles/rct6-test-FOC.dir/Src/gpio.c.obj
 .debug_info    0x000018bd      0x83b CMakeFiles/rct6-test-FOC.dir/Src/i2c.c.obj
 .debug_info    0x000020f8      0xb2a CMakeFiles/rct6-test-FOC.dir/Src/tim.c.obj
 .debug_info    0x00002c22      0x798 CMakeFiles/rct6-test-FOC.dir/Src/usart.c.obj
 .debug_info    0x000033ba      0x113 CMakeFiles/rct6-test-FOC.dir/Src/stm32f1xx_it.c.obj
 .debug_info    0x000034cd      0x1f1 CMakeFiles/rct6-test-FOC.dir/Src/stm32f1xx_hal_msp.c.obj
 .debug_info    0x000036be      0x168 CMakeFiles/rct6-test-FOC.dir/Src/sysmem.c.obj
 .debug_info    0x00003826       0x30 CMakeFiles/rct6-test-FOC.dir/startup_stm32f103xe.s.obj
 .debug_info    0x00003856      0x797 CMakeFiles/rct6-test-FOC.dir/lib/as5600/as5600.c.obj
 .debug_info    0x00003fed     0x1828 CMakeFiles/rct6-test-FOC.dir/lib/simpleFOC-next/BLDCMotor.cpp.obj
 .debug_info    0x00005815      0xe70 CMakeFiles/rct6-test-FOC.dir/lib/simpleFOC-next/common/base_classes/CurrentSense.cpp.obj
 .debug_info    0x00006685      0xa5a CMakeFiles/rct6-test-FOC.dir/lib/simpleFOC-next/common/base_classes/FOCMotor.cpp.obj
 .debug_info    0x000070df     0x19bc CMakeFiles/rct6-test-FOC.dir/lib/simpleFOC-next/common/foc_utils.cpp.obj
 .debug_info    0x00008a9b      0x1e7 CMakeFiles/rct6-test-FOC.dir/lib/simpleFOC-next/common/lowpass_filter.cpp.obj
 .debug_info    0x00008c82      0x2fc CMakeFiles/rct6-test-FOC.dir/lib/simpleFOC-next/common/pid.cpp.obj
 .debug_info    0x00008f7e      0x14e CMakeFiles/rct6-test-FOC.dir/lib/simpleFOC-next/common/time_utils.cpp.obj
 .debug_info    0x000090cc      0xdf5 CMakeFiles/rct6-test-FOC.dir/lib/simpleFOC-next/drivers/BLDCDriver3PWM.cpp.obj
 .debug_info    0x00009ec1      0x222 cmake/stm32cubemx/CMakeFiles/STM32_Drivers.dir/__/__/Src/system_stm32f1xx.c.obj
 .debug_info    0x0000a0e3     0x2524 cmake/stm32cubemx/CMakeFiles/STM32_Drivers.dir/__/__/Drivers/STM32F1xx_HAL_Driver/Src/stm32f1xx_hal_i2c.c.obj
 .debug_info    0x0000c607      0x76a cmake/stm32cubemx/CMakeFiles/STM32_Drivers.dir/__/__/Drivers/STM32F1xx_HAL_Driver/Src/stm32f1xx_hal.c.obj
 .debug_info    0x0000cd71      0x7d5 cmake/stm32cubemx/CMakeFiles/STM32_Drivers.dir/__/__/Drivers/STM32F1xx_HAL_Driver/Src/stm32f1xx_hal_rcc.c.obj
 .debug_info    0x0000d546      0x5ab cmake/stm32cubemx/CMakeFiles/STM32_Drivers.dir/__/__/Drivers/STM32F1xx_HAL_Driver/Src/stm32f1xx_hal_gpio.c.obj
 .debug_info    0x0000daf1      0xaed cmake/stm32cubemx/CMakeFiles/STM32_Drivers.dir/__/__/Drivers/STM32F1xx_HAL_Driver/Src/stm32f1xx_hal_cortex.c.obj
 .debug_info    0x0000e5de     0x2959 cmake/stm32cubemx/CMakeFiles/STM32_Drivers.dir/__/__/Drivers/STM32F1xx_HAL_Driver/Src/stm32f1xx_hal_tim.c.obj
 .debug_info    0x00010f37     0x149b cmake/stm32cubemx/CMakeFiles/STM32_Drivers.dir/__/__/Drivers/STM32F1xx_HAL_Driver/Src/stm32f1xx_hal_tim_ex.c.obj
 .debug_info    0x000123d2     0x2eed cmake/stm32cubemx/CMakeFiles/STM32_Drivers.dir/__/__/Drivers/STM32F1xx_HAL_Driver/Src/stm32f1xx_hal_uart.c.obj

.debug_abbrev   0x00000000     0x3b41
 .debug_abbrev  0x00000000      0x3dc CMakeFiles/rct6-test-FOC.dir/Src/main.cpp.obj
 .debug_abbrev  0x000003dc      0x13f CMakeFiles/rct6-test-FOC.dir/Src/gpio.c.obj
 .debug_abbrev  0x0000051b      0x1e4 CMakeFiles/rct6-test-FOC.dir/Src/i2c.c.obj
 .debug_abbrev  0x000006ff      0x26e CMakeFiles/rct6-test-FOC.dir/Src/tim.c.obj
 .debug_abbrev  0x0000096d      0x1e6 CMakeFiles/rct6-test-FOC.dir/Src/usart.c.obj
 .debug_abbrev  0x00000b53       0x73 CMakeFiles/rct6-test-FOC.dir/Src/stm32f1xx_it.c.obj
 .debug_abbrev  0x00000bc6       0xdb CMakeFiles/rct6-test-FOC.dir/Src/stm32f1xx_hal_msp.c.obj
 .debug_abbrev  0x00000ca1       0xbc CMakeFiles/rct6-test-FOC.dir/Src/sysmem.c.obj
 .debug_abbrev  0x00000d5d       0x24 CMakeFiles/rct6-test-FOC.dir/startup_stm32f103xe.s.obj
 .debug_abbrev  0x00000d81      0x1cd CMakeFiles/rct6-test-FOC.dir/lib/as5600/as5600.c.obj
 .debug_abbrev  0x00000f4e      0x5d9 CMakeFiles/rct6-test-FOC.dir/lib/simpleFOC-next/BLDCMotor.cpp.obj
 .debug_abbrev  0x00001527      0x35c CMakeFiles/rct6-test-FOC.dir/lib/simpleFOC-next/common/base_classes/CurrentSense.cpp.obj
 .debug_abbrev  0x00001883      0x305 CMakeFiles/rct6-test-FOC.dir/lib/simpleFOC-next/common/base_classes/FOCMotor.cpp.obj
 .debug_abbrev  0x00001b88      0x275 CMakeFiles/rct6-test-FOC.dir/lib/simpleFOC-next/common/foc_utils.cpp.obj
 .debug_abbrev  0x00001dfd      0x181 CMakeFiles/rct6-test-FOC.dir/lib/simpleFOC-next/common/lowpass_filter.cpp.obj
 .debug_abbrev  0x00001f7e      0x1cf CMakeFiles/rct6-test-FOC.dir/lib/simpleFOC-next/common/pid.cpp.obj
 .debug_abbrev  0x0000214d       0xff CMakeFiles/rct6-test-FOC.dir/lib/simpleFOC-next/common/time_utils.cpp.obj
 .debug_abbrev  0x0000224c      0x3ac CMakeFiles/rct6-test-FOC.dir/lib/simpleFOC-next/drivers/BLDCDriver3PWM.cpp.obj
 .debug_abbrev  0x000025f8      0x13f cmake/stm32cubemx/CMakeFiles/STM32_Drivers.dir/__/__/Src/system_stm32f1xx.c.obj
 .debug_abbrev  0x00002737      0x2a3 cmake/stm32cubemx/CMakeFiles/STM32_Drivers.dir/__/__/Drivers/STM32F1xx_HAL_Driver/Src/stm32f1xx_hal_i2c.c.obj
 .debug_abbrev  0x000029da      0x201 cmake/stm32cubemx/CMakeFiles/STM32_Drivers.dir/__/__/Drivers/STM32F1xx_HAL_Driver/Src/stm32f1xx_hal.c.obj
 .debug_abbrev  0x00002bdb      0x2b3 cmake/stm32cubemx/CMakeFiles/STM32_Drivers.dir/__/__/Drivers/STM32F1xx_HAL_Driver/Src/stm32f1xx_hal_rcc.c.obj
 .debug_abbrev  0x00002e8e      0x1ca cmake/stm32cubemx/CMakeFiles/STM32_Drivers.dir/__/__/Drivers/STM32F1xx_HAL_Driver/Src/stm32f1xx_hal_gpio.c.obj
 .debug_abbrev  0x00003058      0x2f8 cmake/stm32cubemx/CMakeFiles/STM32_Drivers.dir/__/__/Drivers/STM32F1xx_HAL_Driver/Src/stm32f1xx_hal_cortex.c.obj
 .debug_abbrev  0x00003350      0x277 cmake/stm32cubemx/CMakeFiles/STM32_Drivers.dir/__/__/Drivers/STM32F1xx_HAL_Driver/Src/stm32f1xx_hal_tim.c.obj
 .debug_abbrev  0x000035c7      0x282 cmake/stm32cubemx/CMakeFiles/STM32_Drivers.dir/__/__/Drivers/STM32F1xx_HAL_Driver/Src/stm32f1xx_hal_tim_ex.c.obj
 .debug_abbrev  0x00003849      0x2f8 cmake/stm32cubemx/CMakeFiles/STM32_Drivers.dir/__/__/Drivers/STM32F1xx_HAL_Driver/Src/stm32f1xx_hal_uart.c.obj

.debug_aranges  0x00000000     0x1188
 .debug_aranges
                0x00000000       0x48 CMakeFiles/rct6-test-FOC.dir/Src/main.cpp.obj
 .debug_aranges
                0x00000048       0x20 CMakeFiles/rct6-test-FOC.dir/Src/gpio.c.obj
 .debug_aranges
                0x00000068       0x38 CMakeFiles/rct6-test-FOC.dir/Src/i2c.c.obj
 .debug_aranges
                0x000000a0       0x40 CMakeFiles/rct6-test-FOC.dir/Src/tim.c.obj
 .debug_aranges
                0x000000e0       0x30 CMakeFiles/rct6-test-FOC.dir/Src/usart.c.obj
 .debug_aranges
                0x00000110       0x60 CMakeFiles/rct6-test-FOC.dir/Src/stm32f1xx_it.c.obj
 .debug_aranges
                0x00000170       0x20 CMakeFiles/rct6-test-FOC.dir/Src/stm32f1xx_hal_msp.c.obj
 .debug_aranges
                0x00000190       0x20 CMakeFiles/rct6-test-FOC.dir/Src/sysmem.c.obj
 .debug_aranges
                0x000001b0       0x28 CMakeFiles/rct6-test-FOC.dir/startup_stm32f103xe.s.obj
 .debug_aranges
                0x000001d8       0x48 CMakeFiles/rct6-test-FOC.dir/lib/as5600/as5600.c.obj
 .debug_aranges
                0x00000220       0x90 CMakeFiles/rct6-test-FOC.dir/lib/simpleFOC-next/BLDCMotor.cpp.obj
 .debug_aranges
                0x000002b0       0x70 CMakeFiles/rct6-test-FOC.dir/lib/simpleFOC-next/common/base_classes/CurrentSense.cpp.obj
 .debug_aranges
                0x00000320       0x48 CMakeFiles/rct6-test-FOC.dir/lib/simpleFOC-next/common/base_classes/FOCMotor.cpp.obj
 .debug_aranges
                0x00000368       0x68 CMakeFiles/rct6-test-FOC.dir/lib/simpleFOC-next/common/foc_utils.cpp.obj
 .debug_aranges
                0x000003d0       0x28 CMakeFiles/rct6-test-FOC.dir/lib/simpleFOC-next/common/lowpass_filter.cpp.obj
 .debug_aranges
                0x000003f8       0x30 CMakeFiles/rct6-test-FOC.dir/lib/simpleFOC-next/common/pid.cpp.obj
 .debug_aranges
                0x00000428       0x28 CMakeFiles/rct6-test-FOC.dir/lib/simpleFOC-next/common/time_utils.cpp.obj
 .debug_aranges
                0x00000450       0x60 CMakeFiles/rct6-test-FOC.dir/lib/simpleFOC-next/drivers/BLDCDriver3PWM.cpp.obj
 .debug_aranges
                0x000004b0       0x28 cmake/stm32cubemx/CMakeFiles/STM32_Drivers.dir/__/__/Src/system_stm32f1xx.c.obj
 .debug_aranges
                0x000004d8      0x2a8 cmake/stm32cubemx/CMakeFiles/STM32_Drivers.dir/__/__/Drivers/STM32F1xx_HAL_Driver/Src/stm32f1xx_hal_i2c.c.obj
 .debug_aranges
                0x00000780       0xe0 cmake/stm32cubemx/CMakeFiles/STM32_Drivers.dir/__/__/Drivers/STM32F1xx_HAL_Driver/Src/stm32f1xx_hal.c.obj
 .debug_aranges
                0x00000860       0x90 cmake/stm32cubemx/CMakeFiles/STM32_Drivers.dir/__/__/Drivers/STM32F1xx_HAL_Driver/Src/stm32f1xx_hal_rcc.c.obj
 .debug_aranges
                0x000008f0       0x58 cmake/stm32cubemx/CMakeFiles/STM32_Drivers.dir/__/__/Drivers/STM32F1xx_HAL_Driver/Src/stm32f1xx_hal_gpio.c.obj
 .debug_aranges
                0x00000948      0x100 cmake/stm32cubemx/CMakeFiles/STM32_Drivers.dir/__/__/Drivers/STM32F1xx_HAL_Driver/Src/stm32f1xx_hal_cortex.c.obj
 .debug_aranges
                0x00000a48      0x3d0 cmake/stm32cubemx/CMakeFiles/STM32_Drivers.dir/__/__/Drivers/STM32F1xx_HAL_Driver/Src/stm32f1xx_hal_tim.c.obj
 .debug_aranges
                0x00000e18      0x168 cmake/stm32cubemx/CMakeFiles/STM32_Drivers.dir/__/__/Drivers/STM32F1xx_HAL_Driver/Src/stm32f1xx_hal_tim_ex.c.obj
 .debug_aranges
                0x00000f80      0x208 cmake/stm32cubemx/CMakeFiles/STM32_Drivers.dir/__/__/Drivers/STM32F1xx_HAL_Driver/Src/stm32f1xx_hal_uart.c.obj

.debug_rnglists
                0x00000000      0xda8
 .debug_rnglists
                0x00000000       0x35 CMakeFiles/rct6-test-FOC.dir/Src/main.cpp.obj
 .debug_rnglists
                0x00000035       0x14 CMakeFiles/rct6-test-FOC.dir/Src/gpio.c.obj
 .debug_rnglists
                0x00000049       0x26 CMakeFiles/rct6-test-FOC.dir/Src/i2c.c.obj
 .debug_rnglists
                0x0000006f       0x2e CMakeFiles/rct6-test-FOC.dir/Src/tim.c.obj
 .debug_rnglists
                0x0000009d       0x20 CMakeFiles/rct6-test-FOC.dir/Src/usart.c.obj
 .debug_rnglists
                0x000000bd       0x43 CMakeFiles/rct6-test-FOC.dir/Src/stm32f1xx_it.c.obj
 .debug_rnglists
                0x00000100       0x13 CMakeFiles/rct6-test-FOC.dir/Src/stm32f1xx_hal_msp.c.obj
 .debug_rnglists
                0x00000113       0x13 CMakeFiles/rct6-test-FOC.dir/Src/sysmem.c.obj
 .debug_rnglists
                0x00000126       0x19 CMakeFiles/rct6-test-FOC.dir/startup_stm32f103xe.s.obj
 .debug_rnglists
                0x0000013f       0x32 CMakeFiles/rct6-test-FOC.dir/lib/as5600/as5600.c.obj
 .debug_rnglists
                0x00000171       0x72 CMakeFiles/rct6-test-FOC.dir/lib/simpleFOC-next/BLDCMotor.cpp.obj
 .debug_rnglists
                0x000001e3       0x55 CMakeFiles/rct6-test-FOC.dir/lib/simpleFOC-next/common/base_classes/CurrentSense.cpp.obj
 .debug_rnglists
                0x00000238       0x32 CMakeFiles/rct6-test-FOC.dir/lib/simpleFOC-next/common/base_classes/FOCMotor.cpp.obj
 .debug_rnglists
                0x0000026a       0x4b CMakeFiles/rct6-test-FOC.dir/lib/simpleFOC-next/common/foc_utils.cpp.obj
 .debug_rnglists
                0x000002b5       0x1a CMakeFiles/rct6-test-FOC.dir/lib/simpleFOC-next/common/lowpass_filter.cpp.obj
 .debug_rnglists
                0x000002cf       0x20 CMakeFiles/rct6-test-FOC.dir/lib/simpleFOC-next/common/pid.cpp.obj
 .debug_rnglists
                0x000002ef       0x19 CMakeFiles/rct6-test-FOC.dir/lib/simpleFOC-next/common/time_utils.cpp.obj
 .debug_rnglists
                0x00000308       0x46 CMakeFiles/rct6-test-FOC.dir/lib/simpleFOC-next/drivers/BLDCDriver3PWM.cpp.obj
 .debug_rnglists
                0x0000034e       0x1a cmake/stm32cubemx/CMakeFiles/STM32_Drivers.dir/__/__/Src/system_stm32f1xx.c.obj
 .debug_rnglists
                0x00000368      0x23c cmake/stm32cubemx/CMakeFiles/STM32_Drivers.dir/__/__/Drivers/STM32F1xx_HAL_Driver/Src/stm32f1xx_hal_i2c.c.obj
 .debug_rnglists
                0x000005a4       0xa3 cmake/stm32cubemx/CMakeFiles/STM32_Drivers.dir/__/__/Drivers/STM32F1xx_HAL_Driver/Src/stm32f1xx_hal.c.obj
 .debug_rnglists
                0x00000647       0x6c cmake/stm32cubemx/CMakeFiles/STM32_Drivers.dir/__/__/Drivers/STM32F1xx_HAL_Driver/Src/stm32f1xx_hal_rcc.c.obj
 .debug_rnglists
                0x000006b3       0x3f cmake/stm32cubemx/CMakeFiles/STM32_Drivers.dir/__/__/Drivers/STM32F1xx_HAL_Driver/Src/stm32f1xx_hal_gpio.c.obj
 .debug_rnglists
                0x000006f2       0xbb cmake/stm32cubemx/CMakeFiles/STM32_Drivers.dir/__/__/Drivers/STM32F1xx_HAL_Driver/Src/stm32f1xx_hal_cortex.c.obj
 .debug_rnglists
                0x000007ad      0x31a cmake/stm32cubemx/CMakeFiles/STM32_Drivers.dir/__/__/Drivers/STM32F1xx_HAL_Driver/Src/stm32f1xx_hal_tim.c.obj
 .debug_rnglists
                0x00000ac7      0x125 cmake/stm32cubemx/CMakeFiles/STM32_Drivers.dir/__/__/Drivers/STM32F1xx_HAL_Driver/Src/stm32f1xx_hal_tim_ex.c.obj
 .debug_rnglists
                0x00000bec      0x1bc cmake/stm32cubemx/CMakeFiles/STM32_Drivers.dir/__/__/Drivers/STM32F1xx_HAL_Driver/Src/stm32f1xx_hal_uart.c.obj

.debug_macro    0x00000000    0x23520
 .debug_macro   0x00000000      0x3d1 CMakeFiles/rct6-test-FOC.dir/Src/main.cpp.obj
 .debug_macro   0x000003d1      0xc6a CMakeFiles/rct6-test-FOC.dir/Src/main.cpp.obj
 .debug_macro   0x0000103b      0x221 CMakeFiles/rct6-test-FOC.dir/Src/main.cpp.obj
 .debug_macro   0x0000125c       0x2e CMakeFiles/rct6-test-FOC.dir/Src/main.cpp.obj
 .debug_macro   0x0000128a       0x22 CMakeFiles/rct6-test-FOC.dir/Src/main.cpp.obj
 .debug_macro   0x000012ac       0x1c CMakeFiles/rct6-test-FOC.dir/Src/main.cpp.obj
 .debug_macro   0x000012c8       0x22 CMakeFiles/rct6-test-FOC.dir/Src/main.cpp.obj
 .debug_macro   0x000012ea       0x8e CMakeFiles/rct6-test-FOC.dir/Src/main.cpp.obj
 .debug_macro   0x00001378       0x51 CMakeFiles/rct6-test-FOC.dir/Src/main.cpp.obj
 .debug_macro   0x000013c9      0x103 CMakeFiles/rct6-test-FOC.dir/Src/main.cpp.obj
 .debug_macro   0x000014cc       0x6a CMakeFiles/rct6-test-FOC.dir/Src/main.cpp.obj
 .debug_macro   0x00001536      0x1df CMakeFiles/rct6-test-FOC.dir/Src/main.cpp.obj
 .debug_macro   0x00001715       0x1c CMakeFiles/rct6-test-FOC.dir/Src/main.cpp.obj
 .debug_macro   0x00001731       0x22 CMakeFiles/rct6-test-FOC.dir/Src/main.cpp.obj
 .debug_macro   0x00001753       0xbd CMakeFiles/rct6-test-FOC.dir/Src/main.cpp.obj
 .debug_macro   0x00001810      0xd23 CMakeFiles/rct6-test-FOC.dir/Src/main.cpp.obj
 .debug_macro   0x00002533     0xfd8c CMakeFiles/rct6-test-FOC.dir/Src/main.cpp.obj
 .debug_macro   0x000122bf       0x6d CMakeFiles/rct6-test-FOC.dir/Src/main.cpp.obj
 .debug_macro   0x0001232c     0x34a2 CMakeFiles/rct6-test-FOC.dir/Src/main.cpp.obj
 .debug_macro   0x000157ce      0x197 CMakeFiles/rct6-test-FOC.dir/Src/main.cpp.obj
 .debug_macro   0x00015965       0x5c CMakeFiles/rct6-test-FOC.dir/Src/main.cpp.obj
 .debug_macro   0x000159c1      0x5bc CMakeFiles/rct6-test-FOC.dir/Src/main.cpp.obj
 .debug_macro   0x00015f7d      0x4d5 CMakeFiles/rct6-test-FOC.dir/Src/main.cpp.obj
 .debug_macro   0x00016452      0x1cb CMakeFiles/rct6-test-FOC.dir/Src/main.cpp.obj
 .debug_macro   0x0001661d      0x114 CMakeFiles/rct6-test-FOC.dir/Src/main.cpp.obj
 .debug_macro   0x00016731      0x1ea CMakeFiles/rct6-test-FOC.dir/Src/main.cpp.obj
 .debug_macro   0x0001691b       0x27 CMakeFiles/rct6-test-FOC.dir/Src/main.cpp.obj
 .debug_macro   0x00016942      0x144 CMakeFiles/rct6-test-FOC.dir/Src/main.cpp.obj
 .debug_macro   0x00016a86      0x1bc CMakeFiles/rct6-test-FOC.dir/Src/main.cpp.obj
 .debug_macro   0x00016c42       0x30 CMakeFiles/rct6-test-FOC.dir/Src/main.cpp.obj
 .debug_macro   0x00016c72       0x3c CMakeFiles/rct6-test-FOC.dir/Src/main.cpp.obj
 .debug_macro   0x00016cae       0x57 CMakeFiles/rct6-test-FOC.dir/Src/main.cpp.obj
 .debug_macro   0x00016d05       0x87 CMakeFiles/rct6-test-FOC.dir/Src/main.cpp.obj
 .debug_macro   0x00016d8c      0x24f CMakeFiles/rct6-test-FOC.dir/Src/main.cpp.obj
 .debug_macro   0x00016fdb      0x287 CMakeFiles/rct6-test-FOC.dir/Src/main.cpp.obj
 .debug_macro   0x00017262      0x140 CMakeFiles/rct6-test-FOC.dir/Src/main.cpp.obj
 .debug_macro   0x000173a2      0x8ed CMakeFiles/rct6-test-FOC.dir/Src/main.cpp.obj
 .debug_macro   0x00017c8f      0x28e CMakeFiles/rct6-test-FOC.dir/Src/main.cpp.obj
 .debug_macro   0x00017f1d       0xb5 CMakeFiles/rct6-test-FOC.dir/Src/main.cpp.obj