Archive member included to satisfy reference by file (symbol)

/home/guopyran/software/arm-gnu-toolchain-14.2.rel1-x86_64-arm-none-eabi/bin/../lib/gcc/arm-none-eabi/14.2.1/../../../../arm-none-eabi/lib/thumb/v7-m/nofp/libc_nano.a(libc_a-exit.o)
                              /home/guopyran/software/arm-gnu-toolchain-14.2.rel1-x86_64-arm-none-eabi/bin/../lib/gcc/arm-none-eabi/14.2.1/../../../../arm-none-eabi/lib/thumb/v7-m/nofp/crt0.o (exit)
/home/guopyran/software/arm-gnu-toolchain-14.2.rel1-x86_64-arm-none-eabi/bin/../lib/gcc/arm-none-eabi/14.2.1/../../../../arm-none-eabi/lib/thumb/v7-m/nofp/libc_nano.a(libc_a-findfp.o)
                              /home/guopyran/software/arm-gnu-toolchain-14.2.rel1-x86_64-arm-none-eabi/bin/../lib/gcc/arm-none-eabi/14.2.1/../../../../arm-none-eabi/lib/thumb/v7-m/nofp/libc_nano.a(libc_a-exit.o) (__stdio_exit_handler)
/home/guopyran/software/arm-gnu-toolchain-14.2.rel1-x86_64-arm-none-eabi/bin/../lib/gcc/arm-none-eabi/14.2.1/../../../../arm-none-eabi/lib/thumb/v7-m/nofp/libc_nano.a(libc_a-fwalk.o)
                              /home/guopyran/software/arm-gnu-toolchain-14.2.rel1-x86_64-arm-none-eabi/bin/../lib/gcc/arm-none-eabi/14.2.1/../../../../arm-none-eabi/lib/thumb/v7-m/nofp/libc_nano.a(libc_a-findfp.o) (_fwalk_sglue)
/home/guopyran/software/arm-gnu-toolchain-14.2.rel1-x86_64-arm-none-eabi/bin/../lib/gcc/arm-none-eabi/14.2.1/../../../../arm-none-eabi/lib/thumb/v7-m/nofp/libc_nano.a(libc_a-stdio.o)
                              /home/guopyran/software/arm-gnu-toolchain-14.2.rel1-x86_64-arm-none-eabi/bin/../lib/gcc/arm-none-eabi/14.2.1/../../../../arm-none-eabi/lib/thumb/v7-m/nofp/libc_nano.a(libc_a-findfp.o) (__sread)
/home/guopyran/software/arm-gnu-toolchain-14.2.rel1-x86_64-arm-none-eabi/bin/../lib/gcc/arm-none-eabi/14.2.1/../../../../arm-none-eabi/lib/thumb/v7-m/nofp/libc_nano.a(libc_a-memset.o)
                              /home/guopyran/software/arm-gnu-toolchain-14.2.rel1-x86_64-arm-none-eabi/bin/../lib/gcc/arm-none-eabi/14.2.1/../../../../arm-none-eabi/lib/thumb/v7-m/nofp/crt0.o (memset)
/home/guopyran/software/arm-gnu-toolchain-14.2.rel1-x86_64-arm-none-eabi/bin/../lib/gcc/arm-none-eabi/14.2.1/../../../../arm-none-eabi/lib/thumb/v7-m/nofp/libc_nano.a(libc_a-closer.o)
                              /home/guopyran/software/arm-gnu-toolchain-14.2.rel1-x86_64-arm-none-eabi/bin/../lib/gcc/arm-none-eabi/14.2.1/../../../../arm-none-eabi/lib/thumb/v7-m/nofp/libc_nano.a(libc_a-stdio.o) (_close_r)
/home/guopyran/software/arm-gnu-toolchain-14.2.rel1-x86_64-arm-none-eabi/bin/../lib/gcc/arm-none-eabi/14.2.1/../../../../arm-none-eabi/lib/thumb/v7-m/nofp/libc_nano.a(libc_a-reent.o)
                              /home/guopyran/software/arm-gnu-toolchain-14.2.rel1-x86_64-arm-none-eabi/bin/../lib/gcc/arm-none-eabi/14.2.1/../../../../arm-none-eabi/lib/thumb/v7-m/nofp/libc_nano.a(libc_a-closer.o) (errno)
/home/guopyran/software/arm-gnu-toolchain-14.2.rel1-x86_64-arm-none-eabi/bin/../lib/gcc/arm-none-eabi/14.2.1/../../../../arm-none-eabi/lib/thumb/v7-m/nofp/libc_nano.a(libc_a-impure.o)
                              /home/guopyran/software/arm-gnu-toolchain-14.2.rel1-x86_64-arm-none-eabi/bin/../lib/gcc/arm-none-eabi/14.2.1/../../../../arm-none-eabi/lib/thumb/v7-m/nofp/libc_nano.a(libc_a-reent.o) (_impure_ptr)
/home/guopyran/software/arm-gnu-toolchain-14.2.rel1-x86_64-arm-none-eabi/bin/../lib/gcc/arm-none-eabi/14.2.1/../../../../arm-none-eabi/lib/thumb/v7-m/nofp/libc_nano.a(libc_a-lseekr.o)
                              /home/guopyran/software/arm-gnu-toolchain-14.2.rel1-x86_64-arm-none-eabi/bin/../lib/gcc/arm-none-eabi/14.2.1/../../../../arm-none-eabi/lib/thumb/v7-m/nofp/libc_nano.a(libc_a-stdio.o) (_lseek_r)
/home/guopyran/software/arm-gnu-toolchain-14.2.rel1-x86_64-arm-none-eabi/bin/../lib/gcc/arm-none-eabi/14.2.1/../../../../arm-none-eabi/lib/thumb/v7-m/nofp/libc_nano.a(libc_a-readr.o)
                              /home/guopyran/software/arm-gnu-toolchain-14.2.rel1-x86_64-arm-none-eabi/bin/../lib/gcc/arm-none-eabi/14.2.1/../../../../arm-none-eabi/lib/thumb/v7-m/nofp/libc_nano.a(libc_a-stdio.o) (_read_r)
/home/guopyran/software/arm-gnu-toolchain-14.2.rel1-x86_64-arm-none-eabi/bin/../lib/gcc/arm-none-eabi/14.2.1/../../../../arm-none-eabi/lib/thumb/v7-m/nofp/libc_nano.a(libc_a-writer.o)
                              /home/guopyran/software/arm-gnu-toolchain-14.2.rel1-x86_64-arm-none-eabi/bin/../lib/gcc/arm-none-eabi/14.2.1/../../../../arm-none-eabi/lib/thumb/v7-m/nofp/libc_nano.a(libc_a-stdio.o) (_write_r)
/home/guopyran/software/arm-gnu-toolchain-14.2.rel1-x86_64-arm-none-eabi/bin/../lib/gcc/arm-none-eabi/14.2.1/../../../../arm-none-eabi/lib/thumb/v7-m/nofp/libc_nano.a(libc_a-init.o)
                              /home/guopyran/software/arm-gnu-toolchain-14.2.rel1-x86_64-arm-none-eabi/bin/../lib/gcc/arm-none-eabi/14.2.1/../../../../arm-none-eabi/lib/thumb/v7-m/nofp/crt0.o (__libc_init_array)
[...]
Memory Configuration

Name             Origin             Length             Attributes
RAM              0x20000000         0x0000c000         xrw
FLASH            0x08000000         0x00040000         xr
*default*        0x00000000         0xffffffff

Linker script and memory map

LOAD /home/guopyran/software/arm-gnu-toolchain-14.2.rel1-x86_64-arm-none-eabi/bin/../lib/gcc/arm-none-eabi/14.2.1/thumb/v7-m/nofp/crti.o
LOAD /home/guopyran/software/arm-gnu-toolchain-14.2.rel1-x86_64-arm-none-eabi/bin/../lib/gcc/arm-none-eabi/14.2.1/thumb/v7-m/nofp/crtbegin.o
LOAD /home/guopyran/software/arm-gnu-toolchain-14.2.rel1-x86_64-arm-none-eabi/bin/../lib/gcc/arm-none-eabi/14.2.1/../../../../arm-none-eabi/lib/thumb/v7-m/nofp/crt0.o
START GROUP
LOAD /home/guopyran/software/arm-gnu-toolchain-14.2.rel1-x86_64-arm-none-eabi/bin/../lib/gcc/arm-none-eabi/14.2.1/../../../../arm-none-eabi/lib/thumb/v7-m/nofp/libc_nano.a
LOAD /home/guopyran/software/arm-gnu-toolchain-14.2.rel1-x86_64-arm-none-eabi/bin/../lib/gcc/arm-none-eabi/14.2.1/../../../../arm-none-eabi/lib/thumb/v7-m/nofp/libm.a
END GROUP
LOAD CMakeFiles/spi_test_1.dir/Src/main.c.obj
LOAD CMakeFiles/spi_test_1.dir/Src/gpio.c.obj
LOAD CMakeFiles/spi_test_1.dir/Src/stm32f1xx_it.c.obj
LOAD CMakeFiles/spi_test_1.dir/Src/stm32f1xx_hal_msp.c.obj
LOAD CMakeFiles/spi_test_1.dir/Src/sysmem.c.obj
LOAD CMakeFiles/spi_test_1.dir/Src/syscalls.c.obj
LOAD CMakeFiles/spi_test_1.dir/startup_stm32f103xe.s.obj
LOAD cmake/stm32cubemx/CMakeFiles/STM32_Drivers.dir/__/__/Src/system_stm32f1xx.c.obj
LOAD cmake/stm32cubemx/CMakeFiles/STM32_Drivers.dir/__/__/Drivers/STM32F1xx_HAL_Driver/Src/stm32f1xx_hal_gpio_ex.c.obj
LOAD cmake/stm32cubemx/CMakeFiles/STM32_Drivers.dir/__/__/Drivers/STM32F1xx_HAL_Driver/Src/stm32f1xx_hal.c.obj
LOAD cmake/stm32cubemx/CMakeFiles/STM32_Drivers.dir/__/__/Drivers/STM32F1xx_HAL_Driver/Src/stm32f1xx_hal_rcc.c.obj
LOAD cmake/stm32cubemx/CMakeFiles/STM32_Drivers.dir/__/__/Drivers/STM32F1xx_HAL_Driver/Src/stm32f1xx_hal_rcc_ex.c.obj
LOAD cmake/stm32cubemx/CMakeFiles/STM32_Drivers.dir/__/__/Drivers/STM32F1xx_HAL_Driver/Src/stm32f1xx_hal_gpio.c.obj
LOAD cmake/stm32cubemx/CMakeFiles/STM32_Drivers.dir/__/__/Drivers/STM32F1xx_HAL_Driver/Src/stm32f1xx_hal_dma.c.obj
LOAD cmake/stm32cubemx/CMakeFiles/STM32_Drivers.dir/__/__/Drivers/STM32F1xx_HAL_Driver/Src/stm32f1xx_hal_cortex.c.obj
LOAD cmake/stm32cubemx/CMakeFiles/STM32_Drivers.dir/__/__/Drivers/STM32F1xx_HAL_Driver/Src/stm32f1xx_hal_pwr.c.obj
LOAD cmake/stm32cubemx/CMakeFiles/STM32_Drivers.dir/__/__/Drivers/STM32F1xx_HAL_Driver/Src/stm32f1xx_hal_flash.c.obj
LOAD cmake/stm32cubemx/CMakeFiles/STM32_Drivers.dir/__/__/Drivers/STM32F1xx_HAL_Driver/Src/stm32f1xx_hal_flash_ex.c.obj
LOAD cmake/stm32cubemx/CMakeFiles/STM32_Drivers.dir/__/__/Drivers/STM32F1xx_HAL_Driver/Src/stm32f1xx_hal_exti.c.obj
START GROUP
LOAD /home/guopyran/software/arm-gnu-toolchain-14.2.rel1-x86_64-arm-none-eabi/bin/../lib/gcc/arm-none-eabi/14.2.1/thumb/v7-m/nofp/libgcc.a
LOAD /home/guopyran/software/arm-gnu-toolchain-14.2.rel1-x86_64-arm-none-eabi/bin/../lib/gcc/arm-none-eabi/14.2.1/../../../../arm-none-eabi/lib/thumb/v7-m/nofp/libg_nano.a
LOAD /home/guopyran/software/arm-gnu-toolchain-14.2.rel1-x86_64-arm-none-eabi/bin/../lib/gcc/arm-none-eabi/14.2.1/../../../../arm-none-eabi/lib/thumb/v7-m/nofp/libc_nano.a
END GROUP
START GROUP
LOAD /home/guopyran/software/arm-gnu-toolchain-14.2.rel1-x86_64-arm-none-eabi/bin/../lib/gcc/arm-none-eabi/14.2.1/thumb/v7-m/nofp/libgcc.a
LOAD /home/guopyran/software/arm-gnu-toolchain-14.2.rel1-x86_64-arm-none-eabi/bin/../lib/gcc/arm-none-eabi/14.2.1/../../../../arm-none-eabi/lib/thumb/v7-m/nofp/libc_nano.a
END GROUP
LOAD /home/guopyran/software/arm-gnu-toolchain-14.2.rel1-x86_64-arm-none-eabi/bin/../lib/gcc/arm-none-eabi/14.2.1/thumb/v7-m/nofp/crtend.o
LOAD /home/guopyran/software/arm-gnu-toolchain-14.2.rel1-x86_64-arm-none-eabi/bin/../lib/gcc/arm-none-eabi/14.2.1/thumb/v7-m/nofp/crtn.o
                0x2000c000                        _estack = (ORIGIN (RAM) + LENGTH (RAM))
                0x00000200                        _Min_Heap_Size = 0x200
                0x00000400                        _Min_Stack_Size = 0x400

.isr_vector     0x08000000      0x1e4
                0x08000000                        . = ALIGN (0x4)
 *(.isr_vector)
 .isr_vector    0x08000000      0x1e4 CMakeFiles/spi_test_1.dir/startup_stm32f103xe.s.obj
                0x08000000                g_pfnVectors
                0x080001e4                        . = ALIGN (0x4)

.text           0x080001e4     0x1398
                0x080001e4                        . = ALIGN (0x4)
 *(.text)
 *(.text*)
 .text.deregister_tm_clones
                0x080001e4       0x1c /home/guopyran/software/arm-gnu-toolchain-14.2.rel1-x86_64-arm-none-eabi/bin/../lib/gcc/arm-none-eabi/14.2.1/thumb/v7-m/nofp/crtbegin.o
 .text.register_tm_clones
                0x08000200       0x24 /home/guopyran/software/arm-gnu-toolchain-14.2.rel1-x86_64-arm-none-eabi/bin/../lib/gcc/arm-none-eabi/14.2.1/thumb/v7-m/nofp/crtbegin.o
 .text.__do_global_dtors_aux
                0x08000224       0x28 /home/guopyran/software/arm-gnu-toolchain-14.2.rel1-x86_64-arm-none-eabi/bin/../lib/gcc/arm-none-eabi/14.2.1/thumb/v7-m/nofp/crtbegin.o
 .text.frame_dummy
                0x0800024c       0x24 /home/guopyran/software/arm-gnu-toolchain-14.2.rel1-x86_64-arm-none-eabi/bin/../lib/gcc/arm-none-eabi/14.2.1/thumb/v7-m/nofp/crtbegin.o
 .text.memset   0x08000270       0x10 /home/guopyran/software/arm-gnu-toolchain-14.2.rel1-x86_64-arm-none-eabi/bin/../lib/gcc/arm-none-eabi/14.2.1/../../../../arm-none-eabi/lib/thumb/v7-m/nofp/libc_nano.a(libc_a-memset.o)
                0x08000270                memset
 .text.__libc_init_array
                0x08000280       0x48 /home/guopyran/software/arm-gnu-toolchain-14.2.rel1-x86_64-arm-none-eabi/bin/../lib/gcc/arm-none-eabi/14.2.1/../../../../arm-none-eabi/lib/thumb/v7-m/nofp/libc_nano.a(libc_a-init.o)
                0x08000280                __libc_init_array
 .text.SPI_GPIO_Transmit
                0x080002c8       0xf8 CMakeFiles/spi_test_1.dir/Src/main.c.obj
                0x080002c8                SPI_GPIO_Transmit
 .text.DRV8301_init
                0x080003c0       0xd8 CMakeFiles/spi_test_1.dir/Src/main.c.obj
                0x080003c0                DRV8301_init
 .text.main     0x08000498       0x1e CMakeFiles/spi_test_1.dir/Src/main.c.obj
                0x08000498                main
 .text.SystemClock_Config
                0x080004b6       0x76 CMakeFiles/spi_test_1.dir/Src/main.c.obj
                0x080004b6                SystemClock_Config
 .text.Error_Handler
                0x0800052c        0xc CMakeFiles/spi_test_1.dir/Src/main.c.obj
                0x0800052c                Error_Handler
 .text.MX_GPIO_Init
                0x08000538      0x100 CMakeFiles/spi_test_1.dir/Src/gpio.c.obj
                0x08000538                MX_GPIO_Init
 .text.NMI_Handler
                0x08000638        0x8 CMakeFiles/spi_test_1.dir/Src/stm32f1xx_it.c.obj
                0x08000638                NMI_Handler
 .text.HardFault_Handler
                0x08000640        0x8 CMakeFiles/spi_test_1.dir/Src/stm32f1xx_it.c.obj
                0x08000640                HardFault_Handler
 .text.MemManage_Handler
                0x08000648        0x8 CMakeFiles/spi_test_1.dir/Src/stm32f1xx_it.c.obj
                0x08000648                MemManage_Handler
 .text.BusFault_Handler
                0x08000650        0x8 CMakeFiles/spi_test_1.dir/Src/stm32f1xx_it.c.obj
                0x08000650                BusFault_Handler
 .text.UsageFault_Handler
                0x08000658        0x8 CMakeFiles/spi_test_1.dir/Src/stm32f1xx_it.c.obj
                0x08000658                UsageFault_Handler
 .text.SVC_Handler
                0x08000660        0xc CMakeFiles/spi_test_1.dir/Src/stm32f1xx_it.c.obj
                0x08000660                SVC_Handler
 .text.DebugMon_Handler
                0x0800066c        0xc CMakeFiles/spi_test_1.dir/Src/stm32f1xx_it.c.obj
                0x0800066c                DebugMon_Handler
 .text.PendSV_Handler
                0x08000678        0xc CMakeFiles/spi_test_1.dir/Src/stm32f1xx_it.c.obj
                0x08000678                PendSV_Handler
 .text.SysTick_Handler
                0x08000684        0xc CMakeFiles/spi_test_1.dir/Src/stm32f1xx_it.c.obj
                0x08000684                SysTick_Handler
 .text.HAL_MspInit
                0x08000690       0x64 CMakeFiles/spi_test_1.dir/Src/stm32f1xx_hal_msp.c.obj
                0x08000690                HAL_MspInit
 .text.Reset_Handler
                0x080006f4       0x48 CMakeFiles/spi_test_1.dir/startup_stm32f103xe.s.obj
                0x080006f4                Reset_Handler
 .text.Default_Handler
                0x0800073c        0x2 CMakeFiles/spi_test_1.dir/startup_stm32f103xe.s.obj
                0x0800073c                RTC_Alarm_IRQHandler
                0x0800073c                EXTI2_IRQHandler
                0x0800073c                TIM8_TRG_COM_IRQHandler
                0x0800073c                TIM8_CC_IRQHandler
                0x0800073c                TIM1_CC_IRQHandler
                0x0800073c                TIM6_IRQHandler
                0x0800073c                PVD_IRQHandler
                0x0800073c                SDIO_IRQHandler
                0x0800073c                EXTI3_IRQHandler
                0x0800073c                EXTI0_IRQHandler
                0x0800073c                I2C2_EV_IRQHandler
                0x0800073c                ADC1_2_IRQHandler
                0x0800073c                SPI1_IRQHandler
                0x0800073c                TAMPER_IRQHandler
                0x0800073c                TIM8_UP_IRQHandler
                0x0800073c                DMA2_Channel2_IRQHandler
                0x0800073c                DMA1_Channel4_IRQHandler
                0x0800073c                USART3_IRQHandler
                0x0800073c                RTC_IRQHandler
                0x0800073c                DMA1_Channel7_IRQHandler
                0x0800073c                CAN1_RX1_IRQHandler
                0x0800073c                UART5_IRQHandler
                0x0800073c                ADC3_IRQHandler
                0x0800073c                TIM4_IRQHandler
                0x0800073c                DMA2_Channel1_IRQHandler
                0x0800073c                I2C1_EV_IRQHandler
                0x0800073c                DMA1_Channel6_IRQHandler
                0x0800073c                UART4_IRQHandler
                0x0800073c                TIM3_IRQHandler
                0x0800073c                RCC_IRQHandler
                0x0800073c                TIM1_TRG_COM_IRQHandler
                0x0800073c                DMA1_Channel1_IRQHandler
                0x0800073c                Default_Handler
                0x0800073c                EXTI15_10_IRQHandler
                0x0800073c                TIM7_IRQHandler
                0x0800073c                TIM5_IRQHandler
                0x0800073c                EXTI9_5_IRQHandler
                0x0800073c                SPI2_IRQHandler
                0x0800073c                DMA1_Channel5_IRQHandler
                0x0800073c                EXTI4_IRQHandler
                0x0800073c                USB_LP_CAN1_RX0_IRQHandler
                0x0800073c                USB_HP_CAN1_TX_IRQHandler
                0x0800073c                DMA1_Channel3_IRQHandler
                0x0800073c                FSMC_IRQHandler
                0x0800073c                TIM1_UP_IRQHandler
                0x0800073c                WWDG_IRQHandler
                0x0800073c                TIM2_IRQHandler
                0x0800073c                TIM1_BRK_IRQHandler
                0x0800073c                EXTI1_IRQHandler
                0x0800073c                DMA2_Channel4_5_IRQHandler
                0x0800073c                USART2_IRQHandler
                0x0800073c                I2C2_ER_IRQHandler
                0x0800073c                DMA1_Channel2_IRQHandler
                0x0800073c                TIM8_BRK_IRQHandler
                0x0800073c                CAN1_SCE_IRQHandler
                0x0800073c                FLASH_IRQHandler
                0x0800073c                USART1_IRQHandler
                0x0800073c                SPI3_IRQHandler
                0x0800073c                I2C1_ER_IRQHandler
                0x0800073c                USBWakeUp_IRQHandler
                0x0800073c                DMA2_Channel3_IRQHandler
 .text.SystemInit
                0x0800073e        0xc cmake/stm32cubemx/CMakeFiles/STM32_Drivers.dir/__/__/Src/system_stm32f1xx.c.obj
                0x0800073e                SystemInit
 *fill*         0x0800074a        0x2 
 .text.HAL_Init
                0x0800074c       0x2c cmake/stm32cubemx/CMakeFiles/STM32_Drivers.dir/__/__/Drivers/STM32F1xx_HAL_Driver/Src/stm32f1xx_hal.c.obj
                0x0800074c                HAL_Init
 .text.HAL_InitTick
                0x08000778       0x60 cmake/stm32cubemx/CMakeFiles/STM32_Drivers.dir/__/__/Drivers/STM32F1xx_HAL_Driver/Src/stm32f1xx_hal.c.obj
                0x08000778                HAL_InitTick
 .text.HAL_IncTick
                0x080007d8       0x24 cmake/stm32cubemx/CMakeFiles/STM32_Drivers.dir/__/__/Drivers/STM32F1xx_HAL_Driver/Src/stm32f1xx_hal.c.obj
                0x080007d8                HAL_IncTick
 .text.HAL_GetTick
                0x080007fc       0x14 cmake/stm32cubemx/CMakeFiles/STM32_Drivers.dir/__/__/Drivers/STM32F1xx_HAL_Driver/Src/stm32f1xx_hal.c.obj
                0x080007fc                HAL_GetTick
 .text.HAL_Delay
                0x08000810       0x48 cmake/stm32cubemx/CMakeFiles/STM32_Drivers.dir/__/__/Drivers/STM32F1xx_HAL_Driver/Src/stm32f1xx_hal.c.obj
                0x08000810                HAL_Delay
 .text.HAL_RCC_OscConfig
                0x08000858      0x504 cmake/stm32cubemx/CMakeFiles/STM32_Drivers.dir/__/__/Drivers/STM32F1xx_HAL_Driver/Src/stm32f1xx_hal_rcc.c.obj
                0x08000858                HAL_RCC_OscConfig
 .text.HAL_RCC_ClockConfig
                0x08000d5c      0x1d4 cmake/stm32cubemx/CMakeFiles/STM32_Drivers.dir/__/__/Drivers/STM32F1xx_HAL_Driver/Src/stm32f1xx_hal_rcc.c.obj
                0x08000d5c                HAL_RCC_ClockConfig
 .text.HAL_RCC_GetSysClockFreq
                0x08000f30       0xa8 cmake/stm32cubemx/CMakeFiles/STM32_Drivers.dir/__/__/Drivers/STM32F1xx_HAL_Driver/Src/stm32f1xx_hal_rcc.c.obj
                0x08000f30                HAL_RCC_GetSysClockFreq
 .text.RCC_Delay
                0x08000fd8       0x3c cmake/stm32cubemx/CMakeFiles/STM32_Drivers.dir/__/__/Drivers/STM32F1xx_HAL_Driver/Src/stm32f1xx_hal_rcc.c.obj
 .text.HAL_GPIO_Init
                0x08001014      0x328 cmake/stm32cubemx/CMakeFiles/STM32_Drivers.dir/__/__/Drivers/STM32F1xx_HAL_Driver/Src/stm32f1xx_hal_gpio.c.obj
                0x08001014                HAL_GPIO_Init
 .text.HAL_GPIO_ReadPin
                0x0800133c       0x2e cmake/stm32cubemx/CMakeFiles/STM32_Drivers.dir/__/__/Drivers/STM32F1xx_HAL_Driver/Src/stm32f1xx_hal_gpio.c.obj
                0x0800133c                HAL_GPIO_ReadPin
 .text.HAL_GPIO_WritePin
                0x0800136a       0x30 cmake/stm32cubemx/CMakeFiles/STM32_Drivers.dir/__/__/Drivers/STM32F1xx_HAL_Driver/Src/stm32f1xx_hal_gpio.c.obj
                0x0800136a                HAL_GPIO_WritePin
 *fill*         0x0800139a        0x2 
 .text.__NVIC_SetPriorityGrouping
                0x0800139c       0x48 cmake/stm32cubemx/CMakeFiles/STM32_Drivers.dir/__/__/Drivers/STM32F1xx_HAL_Driver/Src/stm32f1xx_hal_cortex.c.obj
 .text.__NVIC_GetPriorityGrouping
                0x080013e4       0x1c cmake/stm32cubemx/CMakeFiles/STM32_Drivers.dir/__/__/Drivers/STM32F1xx_HAL_Driver/Src/stm32f1xx_hal_cortex.c.obj
 .text.__NVIC_SetPriority
                0x08001400       0x54 cmake/stm32cubemx/CMakeFiles/STM32_Drivers.dir/__/__/Drivers/STM32F1xx_HAL_Driver/Src/stm32f1xx_hal_cortex.c.obj
 .text.NVIC_EncodePriority
                0x08001454       0x64 cmake/stm32cubemx/CMakeFiles/STM32_Drivers.dir/__/__/Drivers/STM32F1xx_HAL_Driver/Src/stm32f1xx_hal_cortex.c.obj
 .text.SysTick_Config
                0x080014b8       0x44 cmake/stm32cubemx/CMakeFiles/STM32_Drivers.dir/__/__/Drivers/STM32F1xx_HAL_Driver/Src/stm32f1xx_hal_cortex.c.obj
 .text.HAL_NVIC_SetPriorityGrouping
                0x080014fc       0x16 cmake/stm32cubemx/CMakeFiles/STM32_Drivers.dir/__/__/Drivers/STM32F1xx_HAL_Driver/Src/stm32f1xx_hal_cortex.c.obj
                0x080014fc                HAL_NVIC_SetPriorityGrouping
 .text.HAL_NVIC_SetPriority
                0x08001512       0x38 cmake/stm32cubemx/CMakeFiles/STM32_Drivers.dir/__/__/Drivers/STM32F1xx_HAL_Driver/Src/stm32f1xx_hal_cortex.c.obj
                0x08001512                HAL_NVIC_SetPriority
 .text.HAL_SYSTICK_Config
                0x0800154a       0x18 cmake/stm32cubemx/CMakeFiles/STM32_Drivers.dir/__/__/Drivers/STM32F1xx_HAL_Driver/Src/stm32f1xx_hal_cortex.c.obj
                0x0800154a                HAL_SYSTICK_Config
 *(.glue_7)
 .glue_7        0x08001562        0x0 linker stubs
 *(.glue_7t)
 .glue_7t       0x08001562        0x0 linker stubs
 *(.eh_frame)
 *fill*         0x08001562        0x2 
 .eh_frame      0x08001564        0x0 /home/guopyran/software/arm-gnu-toolchain-14.2.rel1-x86_64-arm-none-eabi/bin/../lib/gcc/arm-none-eabi/14.2.1/thumb/v7-m/nofp/crtbegin.o
 *(.init)
 .init          0x08001564        0x4 /home/guopyran/software/arm-gnu-toolchain-14.2.rel1-x86_64-arm-none-eabi/bin/../lib/gcc/arm-none-eabi/14.2.1/thumb/v7-m/nofp/crti.o
                0x08001564                _init
 .init          0x08001568        0x8 /home/guopyran/software/arm-gnu-toolchain-14.2.rel1-x86_64-arm-none-eabi/bin/../lib/gcc/arm-none-eabi/14.2.1/thumb/v7-m/nofp/crtn.o
 *(.fini)
 .fini          0x08001570        0x4 /home/guopyran/software/arm-gnu-toolchain-14.2.rel1-x86_64-arm-none-eabi/bin/../lib/gcc/arm-none-eabi/14.2.1/thumb/v7-m/nofp/crti.o
                0x08001570                _fini
 .fini          0x08001574        0x8 /home/guopyran/software/arm-gnu-toolchain-14.2.rel1-x86_64-arm-none-eabi/bin/../lib/gcc/arm-none-eabi/14.2.1/thumb/v7-m/nofp/crtn.o
                0x0800157c                        . = ALIGN (0x4)
                0x0800157c                        _etext = .

.vfp11_veneer   0x0800157c        0x0
 .vfp11_veneer  0x0800157c        0x0 linker stubs

.v4_bx          0x0800157c        0x0
 .v4_bx         0x0800157c        0x0 linker stubs

.iplt           0x0800157c        0x0
 .iplt          0x0800157c        0x0 /home/guopyran/software/arm-gnu-toolchain-14.2.rel1-x86_64-arm-none-eabi/bin/../lib/gcc/arm-none-eabi/14.2.1/thumb/v7-m/nofp/crtbegin.o

.rodata         0x0800157c       0x24
                0x0800157c                        . = ALIGN (0x4)
 *(.rodata)
 *(.rodata*)
 .rodata.AHBPrescTable
                0x0800157c       0x10 cmake/stm32cubemx/CMakeFiles/STM32_Drivers.dir/__/__/Src/system_stm32f1xx.c.obj
                0x0800157c                AHBPrescTable
 .rodata.aPLLMULFactorTable.1
                0x0800158c       0x10 cmake/stm32cubemx/CMakeFiles/STM32_Drivers.dir/__/__/Drivers/STM32F1xx_HAL_Driver/Src/stm32f1xx_hal_rcc.c.obj
 .rodata.aPredivFactorTable.0
                0x0800159c        0x2 cmake/stm32cubemx/CMakeFiles/STM32_Drivers.dir/__/__/Drivers/STM32F1xx_HAL_Driver/Src/stm32f1xx_hal_rcc.c.obj
                0x080015a0                        . = ALIGN (0x4)
 *fill*         0x0800159e        0x2 

.ARM.extab      0x080015a0        0x0
                0x080015a0                        . = ALIGN (0x4)
 *(.ARM.extab* .gnu.linkonce.armextab.*)
                0x080015a0                        . = ALIGN (0x4)

.ARM            0x080015a0        0x0
                0x080015a0                        . = ALIGN (0x4)
                0x080015a0                        __exidx_start = .
 *(.ARM.exidx*)
                0x080015a0                        __exidx_end = .
                0x080015a0                        . = ALIGN (0x4)

.preinit_array  0x080015a0        0x0
                0x080015a0                        . = ALIGN (0x4)
                0x080015a0                        PROVIDE (__preinit_array_start = .)
 *(.preinit_array*)
                0x080015a0                        PROVIDE (__preinit_array_end = .)
                0x080015a0                        . = ALIGN (0x4)

.init_array     0x080015a0        0x4
                0x080015a0                        . = ALIGN (0x4)
                0x080015a0                        PROVIDE (__init_array_start = .)
 *(SORT_BY_NAME(.init_array.*))
 *(.init_array*)
 .init_array    0x080015a0        0x4 /home/guopyran/software/arm-gnu-toolchain-14.2.rel1-x86_64-arm-none-eabi/bin/../lib/gcc/arm-none-eabi/14.2.1/thumb/v7-m/nofp/crtbegin.o
                0x080015a4                        PROVIDE (__init_array_end = .)
                0x080015a4                        . = ALIGN (0x4)

.fini_array     0x080015a4        0x4
                0x080015a4                        . = ALIGN (0x4)
                [!provide]                        PROVIDE (__fini_array_start = .)
 *(SORT_BY_NAME(.fini_array.*))
 *(.fini_array*)
 .fini_array    0x080015a4        0x4 /home/guopyran/software/arm-gnu-toolchain-14.2.rel1-x86_64-arm-none-eabi/bin/../lib/gcc/arm-none-eabi/14.2.1/thumb/v7-m/nofp/crtbegin.o
                [!provide]                        PROVIDE (__fini_array_end = .)
                0x080015a8                        . = ALIGN (0x4)
                0x080015a8                        _sidata = LOADADDR (.data)

.rel.dyn        0x080015a8        0x0
 .rel.iplt      0x080015a8        0x0 /home/guopyran/software/arm-gnu-toolchain-14.2.rel1-x86_64-arm-none-eabi/bin/../lib/gcc/arm-none-eabi/14.2.1/thumb/v7-m/nofp/crtbegin.o

.data           0x20000000        0xc load address 0x080015a8
                0x20000000                        . = ALIGN (0x4)
                0x20000000                        _sdata = .
 *(.data)
 *(.data*)
 .data.SystemCoreClock
                0x20000000        0x4 cmake/stm32cubemx/CMakeFiles/STM32_Drivers.dir/__/__/Src/system_stm32f1xx.c.obj
                0x20000000                SystemCoreClock
 .data.uwTickPrio
                0x20000004        0x4 cmake/stm32cubemx/CMakeFiles/STM32_Drivers.dir/__/__/Drivers/STM32F1xx_HAL_Driver/Src/stm32f1xx_hal.c.obj
                0x20000004                uwTickPrio
 .data.uwTickFreq
                0x20000008        0x1 cmake/stm32cubemx/CMakeFiles/STM32_Drivers.dir/__/__/Drivers/STM32F1xx_HAL_Driver/Src/stm32f1xx_hal.c.obj
                0x20000008                uwTickFreq
 *(.RamFunc)
 *(.RamFunc*)
                0x2000000c                        . = ALIGN (0x4)
 *fill*         0x20000009        0x3 
                0x2000000c                        _edata = .

.tm_clone_table
                0x2000000c        0x0 load address 0x080015b4
 .tm_clone_table
                0x2000000c        0x0 /home/guopyran/software/arm-gnu-toolchain-14.2.rel1-x86_64-arm-none-eabi/bin/../lib/gcc/arm-none-eabi/14.2.1/thumb/v7-m/nofp/crtbegin.o
 .tm_clone_table
                0x2000000c        0x0 /home/guopyran/software/arm-gnu-toolchain-14.2.rel1-x86_64-arm-none-eabi/bin/../lib/gcc/arm-none-eabi/14.2.1/thumb/v7-m/nofp/crtend.o

.igot.plt       0x2000000c        0x0 load address 0x080015b4
 .igot.plt      0x2000000c        0x0 /home/guopyran/software/arm-gnu-toolchain-14.2.rel1-x86_64-arm-none-eabi/bin/../lib/gcc/arm-none-eabi/14.2.1/thumb/v7-m/nofp/crtbegin.o
                0x2000000c                        . = ALIGN (0x4)

.bss            0x2000000c       0x20 load address 0x080015b4
                0x2000000c                        _sbss = .
                0x2000000c                        __bss_start__ = _sbss
 *(.bss)
 *(.bss*)
 .bss.completed.1
                0x2000000c        0x1 /home/guopyran/software/arm-gnu-toolchain-14.2.rel1-x86_64-arm-none-eabi/bin/../lib/gcc/arm-none-eabi/14.2.1/thumb/v7-m/nofp/crtbegin.o
 *fill*         0x2000000d        0x3 
 .bss.object.0  0x20000010       0x18 /home/guopyran/software/arm-gnu-toolchain-14.2.rel1-x86_64-arm-none-eabi/bin/../lib/gcc/arm-none-eabi/14.2.1/thumb/v7-m/nofp/crtbegin.o
 .bss.uwTick    0x20000028        0x4 cmake/stm32cubemx/CMakeFiles/STM32_Drivers.dir/__/__/Drivers/STM32F1xx_HAL_Driver/Src/stm32f1xx_hal.c.obj
                0x20000028                uwTick
 *(COMMON)
                0x2000002c                        . = ALIGN (0x4)
                0x2000002c                        _ebss = .
                0x2000002c                        __bss_end__ = _ebss

._user_heap_stack
                0x2000002c      0x604 load address 0x080015b4
                0x20000030                        . = ALIGN (0x8)
 *fill*         0x2000002c        0x4 
                [!provide]                        PROVIDE (end = .)
                0x20000030                        PROVIDE (_end = .)
                0x20000230                        . = (. + _Min_Heap_Size)
 *fill*         0x20000030      0x200 
                0x20000630                        . = (. + _Min_Stack_Size)
 *fill*         0x20000230      0x400 
                0x20000630                        . = ALIGN (0x8)

/DISCARD/
 libc.a(*)
 libm.a(*)
 libgcc.a(*)
OUTPUT(spi_test_1.elf elf32-littlearm)
LOAD linker stubs
LOAD /home/guopyran/software/arm-gnu-toolchain-14.2.rel1-x86_64-arm-none-eabi/bin/../lib/gcc/arm-none-eabi/14.2.1/../../../../arm-none-eabi/lib/thumb/v7-m/nofp/libc.a
LOAD /home/guopyran/software/arm-gnu-toolchain-14.2.rel1-x86_64-arm-none-eabi/bin/../lib/gcc/arm-none-eabi/14.2.1/../../../../arm-none-eabi/lib/thumb/v7-m/nofp/libm.a
LOAD /home/guopyran/software/arm-gnu-toolchain-14.2.rel1-x86_64-arm-none-eabi/bin/../lib/gcc/arm-none-eabi/14.2.1/thumb/v7-m/nofp/libgcc.a

.ARM.attributes
                0x00000000       0x29
 .ARM.attributes
                0x00000000       0x1d /home/guopyran/software/arm-gnu-toolchain-14.2.rel1-x86_64-arm-none-eabi/bin/../lib/gcc/arm-none-eabi/14.2.1/thumb/v7-m/nofp/crti.o
 .ARM.attributes
                0x0000001d       0x2d /home/guopyran/software/arm-gnu-toolchain-14.2.rel1-x86_64-arm-none-eabi/bin/../lib/gcc/arm-none-eabi/14.2.1/thumb/v7-m/nofp/crtbegin.o
 .ARM.attributes
                0x0000004a       0x2d /home/guopyran/software/arm-gnu-toolchain-14.2.rel1-x86_64-arm-none-eabi/bin/../lib/gcc/arm-none-eabi/14.2.1/../../../../arm-none-eabi/lib/thumb/v7-m/nofp/libc_nano.a(libc_a-memset.o)
 .ARM.attributes
                0x00000077       0x2d /home/guopyran/software/arm-gnu-toolchain-14.2.rel1-x86_64-arm-none-eabi/bin/../lib/gcc/arm-none-eabi/14.2.1/../../../../arm-none-eabi/lib/thumb/v7-m/nofp/libc_nano.a(libc_a-init.o)
 .ARM.attributes
                0x000000a4       0x2d CMakeFiles/spi_test_1.dir/Src/main.c.obj
 .ARM.attributes
                0x000000d1       0x2d CMakeFiles/spi_test_1.dir/Src/gpio.c.obj
 .ARM.attributes
                0x000000fe       0x2d CMakeFiles/spi_test_1.dir/Src/stm32f1xx_it.c.obj
 .ARM.attributes
                0x0000012b       0x2d CMakeFiles/spi_test_1.dir/Src/stm32f1xx_hal_msp.c.obj
 .ARM.attributes
                0x00000158       0x21 CMakeFiles/spi_test_1.dir/startup_stm32f103xe.s.obj
 .ARM.attributes
                0x00000179       0x2d cmake/stm32cubemx/CMakeFiles/STM32_Drivers.dir/__/__/Src/system_stm32f1xx.c.obj
 .ARM.attributes
                0x000001a6       0x2d cmake/stm32cubemx/CMakeFiles/STM32_Drivers.dir/__/__/Drivers/STM32F1xx_HAL_Driver/Src/stm32f1xx_hal.c.obj
 .ARM.attributes
                0x000001d3       0x2d cmake/stm32cubemx/CMakeFiles/STM32_Drivers.dir/__/__/Drivers/STM32F1xx_HAL_Driver/Src/stm32f1xx_hal_rcc.c.obj
 .ARM.attributes
                0x00000200       0x2d cmake/stm32cubemx/CMakeFiles/STM32_Drivers.dir/__/__/Drivers/STM32F1xx_HAL_Driver/Src/stm32f1xx_hal_gpio.c.obj
 .ARM.attributes
                0x0000022d       0x2d cmake/stm32cubemx/CMakeFiles/STM32_Drivers.dir/__/__/Drivers/STM32F1xx_HAL_Driver/Src/stm32f1xx_hal_cortex.c.obj
 .ARM.attributes
                0x0000025a       0x2d /home/guopyran/software/arm-gnu-toolchain-14.2.rel1-x86_64-arm-none-eabi/bin/../lib/gcc/arm-none-eabi/14.2.1/thumb/v7-m/nofp/crtend.o
 .ARM.attributes
                0x00000287       0x1d /home/guopyran/software/arm-gnu-toolchain-14.2.rel1-x86_64-arm-none-eabi/bin/../lib/gcc/arm-none-eabi/14.2.1/thumb/v7-m/nofp/crtn.o

.comment        0x00000000       0x45
 .comment       0x00000000       0x45 CMakeFiles/spi_test_1.dir/Src/main.c.obj
                                 0x46 (size before relaxing)
 .comment       0x00000045       0x46 CMakeFiles/spi_test_1.dir/Src/gpio.c.obj
 .comment       0x00000045       0x46 CMakeFiles/spi_test_1.dir/Src/stm32f1xx_it.c.obj
 .comment       0x00000045       0x46 CMakeFiles/spi_test_1.dir/Src/stm32f1xx_hal_msp.c.obj
 .comment       0x00000045       0x46 cmake/stm32cubemx/CMakeFiles/STM32_Drivers.dir/__/__/Src/system_stm32f1xx.c.obj
 .comment       0x00000045       0x46 cmake/stm32cubemx/CMakeFiles/STM32_Drivers.dir/__/__/Drivers/STM32F1xx_HAL_Driver/Src/stm32f1xx_hal.c.obj
 .comment       0x00000045       0x46 cmake/stm32cubemx/CMakeFiles/STM32_Drivers.dir/__/__/Drivers/STM32F1xx_HAL_Driver/Src/stm32f1xx_hal_rcc.c.obj
 .comment       0x00000045       0x46 cmake/stm32cubemx/CMakeFiles/STM32_Drivers.dir/__/__/Drivers/STM32F1xx_HAL_Driver/Src/stm32f1xx_hal_gpio.c.obj
 .comment       0x00000045       0x46 cmake/stm32cubemx/CMakeFiles/STM32_Drivers.dir/__/__/Drivers/STM32F1xx_HAL_Driver/Src/stm32f1xx_hal_cortex.c.obj

.debug_frame    0x00000000      0xd84
 .debug_frame   0x00000000       0x20 /home/guopyran/software/arm-gnu-toolchain-14.2.rel1-x86_64-arm-none-eabi/bin/../lib/gcc/arm-none-eabi/14.2.1/../../../../arm-none-eabi/lib/thumb/v7-m/nofp/libc_nano.a(libc_a-memset.o)
 .debug_frame   0x00000020       0x2c /home/guopyran/software/arm-gnu-toolchain-14.2.rel1-x86_64-arm-none-eabi/bin/../lib/gcc/arm-none-eabi/14.2.1/../../../../arm-none-eabi/lib/thumb/v7-m/nofp/libc_nano.a(libc_a-init.o)
 .debug_frame   0x0000004c       0xb0 CMakeFiles/spi_test_1.dir/Src/main.c.obj
 .debug_frame   0x000000fc       0x34 CMakeFiles/spi_test_1.dir/Src/gpio.c.obj
 .debug_frame   0x00000130      0x104 CMakeFiles/spi_test_1.dir/Src/stm32f1xx_it.c.obj
 .debug_frame   0x00000234       0x38 CMakeFiles/spi_test_1.dir/Src/stm32f1xx_hal_msp.c.obj
 .debug_frame   0x0000026c       0x58 cmake/stm32cubemx/CMakeFiles/STM32_Drivers.dir/__/__/Src/system_stm32f1xx.c.obj
 .debug_frame   0x000002c4      0x334 cmake/stm32cubemx/CMakeFiles/STM32_Drivers.dir/__/__/Drivers/STM32F1xx_HAL_Driver/Src/stm32f1xx_hal.c.obj
 .debug_frame   0x000005f8      0x218 cmake/stm32cubemx/CMakeFiles/STM32_Drivers.dir/__/__/Drivers/STM32F1xx_HAL_Driver/Src/stm32f1xx_hal_rcc.c.obj
 .debug_frame   0x00000810      0x14c cmake/stm32cubemx/CMakeFiles/STM32_Drivers.dir/__/__/Drivers/STM32F1xx_HAL_Driver/Src/stm32f1xx_hal_gpio.c.obj
 .debug_frame   0x0000095c      0x428 cmake/stm32cubemx/CMakeFiles/STM32_Drivers.dir/__/__/Drivers/STM32F1xx_HAL_Driver/Src/stm32f1xx_hal_cortex.c.obj

.debug_info     0x00000000     0x2c57
 .debug_info    0x00000000      0x457 CMakeFiles/spi_test_1.dir/Src/main.c.obj
 .debug_info    0x00000457      0x2d3 CMakeFiles/spi_test_1.dir/Src/gpio.c.obj
 .debug_info    0x0000072a      0x113 CMakeFiles/spi_test_1.dir/Src/stm32f1xx_it.c.obj
 .debug_info    0x0000083d      0x1f1 CMakeFiles/spi_test_1.dir/Src/stm32f1xx_hal_msp.c.obj
 .debug_info    0x00000a2e       0x30 CMakeFiles/spi_test_1.dir/startup_stm32f103xe.s.obj
 .debug_info    0x00000a5e      0x222 cmake/stm32cubemx/CMakeFiles/STM32_Drivers.dir/__/__/Src/system_stm32f1xx.c.obj
 .debug_info    0x00000c80      0x76a cmake/stm32cubemx/CMakeFiles/STM32_Drivers.dir/__/__/Drivers/STM32F1xx_HAL_Driver/Src/stm32f1xx_hal.c.obj
 .debug_info    0x000013ea      0x7d5 cmake/stm32cubemx/CMakeFiles/STM32_Drivers.dir/__/__/Drivers/STM32F1xx_HAL_Driver/Src/stm32f1xx_hal_rcc.c.obj
 .debug_info    0x00001bbf      0x5ab cmake/stm32cubemx/CMakeFiles/STM32_Drivers.dir/__/__/Drivers/STM32F1xx_HAL_Driver/Src/stm32f1xx_hal_gpio.c.obj
 .debug_info    0x0000216a      0xaed cmake/stm32cubemx/CMakeFiles/STM32_Drivers.dir/__/__/Drivers/STM32F1xx_HAL_Driver/Src/stm32f1xx_hal_cortex.c.obj

.debug_abbrev   0x00000000      0xf97
 .debug_abbrev  0x00000000      0x231 CMakeFiles/spi_test_1.dir/Src/main.c.obj
 .debug_abbrev  0x00000231      0x13f CMakeFiles/spi_test_1.dir/Src/gpio.c.obj
 .debug_abbrev  0x00000370       0x73 CMakeFiles/spi_test_1.dir/Src/stm32f1xx_it.c.obj
 .debug_abbrev  0x000003e3       0xdb CMakeFiles/spi_test_1.dir/Src/stm32f1xx_hal_msp.c.obj
 .debug_abbrev  0x000004be       0x24 CMakeFiles/spi_test_1.dir/startup_stm32f103xe.s.obj
 .debug_abbrev  0x000004e2      0x13f cmake/stm32cubemx/CMakeFiles/STM32_Drivers.dir/__/__/Src/system_stm32f1xx.c.obj
 .debug_abbrev  0x00000621      0x201 cmake/stm32cubemx/CMakeFiles/STM32_Drivers.dir/__/__/Drivers/STM32F1xx_HAL_Driver/Src/stm32f1xx_hal.c.obj
 .debug_abbrev  0x00000822      0x2b3 cmake/stm32cubemx/CMakeFiles/STM32_Drivers.dir/__/__/Drivers/STM32F1xx_HAL_Driver/Src/stm32f1xx_hal_rcc.c.obj
 .debug_abbrev  0x00000ad5      0x1ca cmake/stm32cubemx/CMakeFiles/STM32_Drivers.dir/__/__/Drivers/STM32F1xx_HAL_Driver/Src/stm32f1xx_hal_gpio.c.obj
 .debug_abbrev  0x00000c9f      0x2f8 cmake/stm32cubemx/CMakeFiles/STM32_Drivers.dir/__/__/Drivers/STM32F1xx_HAL_Driver/Src/stm32f1xx_hal_cortex.c.obj

.debug_aranges  0x00000000      0x3f8
 .debug_aranges
                0x00000000       0x40 CMakeFiles/spi_test_1.dir/Src/main.c.obj
 .debug_aranges
                0x00000040       0x20 CMakeFiles/spi_test_1.dir/Src/gpio.c.obj
 .debug_aranges
                0x00000060       0x60 CMakeFiles/spi_test_1.dir/Src/stm32f1xx_it.c.obj
 .debug_aranges
                0x000000c0       0x20 CMakeFiles/spi_test_1.dir/Src/stm32f1xx_hal_msp.c.obj
 .debug_aranges
                0x000000e0       0x28 CMakeFiles/spi_test_1.dir/startup_stm32f103xe.s.obj
 .debug_aranges
                0x00000108       0x28 cmake/stm32cubemx/CMakeFiles/STM32_Drivers.dir/__/__/Src/system_stm32f1xx.c.obj
 .debug_aranges
                0x00000130       0xe0 cmake/stm32cubemx/CMakeFiles/STM32_Drivers.dir/__/__/Drivers/STM32F1xx_HAL_Driver/Src/stm32f1xx_hal.c.obj
 .debug_aranges
                0x00000210       0x90 cmake/stm32cubemx/CMakeFiles/STM32_Drivers.dir/__/__/Drivers/STM32F1xx_HAL_Driver/Src/stm32f1xx_hal_rcc.c.obj
 .debug_aranges
                0x000002a0       0x58 cmake/stm32cubemx/CMakeFiles/STM32_Drivers.dir/__/__/Drivers/STM32F1xx_HAL_Driver/Src/stm32f1xx_hal_gpio.c.obj
 .debug_aranges
                0x000002f8      0x100 cmake/stm32cubemx/CMakeFiles/STM32_Drivers.dir/__/__/Drivers/STM32F1xx_HAL_Driver/Src/stm32f1xx_hal_cortex.c.obj

.debug_rnglists
                0x00000000      0x2d3
 .debug_rnglists
                0x00000000       0x2d CMakeFiles/spi_test_1.dir/Src/main.c.obj
 .debug_rnglists
                0x0000002d       0x14 CMakeFiles/spi_test_1.dir/Src/gpio.c.obj
 .debug_rnglists
                0x00000041       0x43 CMakeFiles/spi_test_1.dir/Src/stm32f1xx_it.c.obj
 .debug_rnglists
                0x00000084       0x13 CMakeFiles/spi_test_1.dir/Src/stm32f1xx_hal_msp.c.obj
 .debug_rnglists
                0x00000097       0x19 CMakeFiles/spi_test_1.dir/startup_stm32f103xe.s.obj
 .debug_rnglists
                0x000000b0       0x1a cmake/stm32cubemx/CMakeFiles/STM32_Drivers.dir/__/__/Src/system_stm32f1xx.c.obj
 .debug_rnglists
                0x000000ca       0xa3 cmake/stm32cubemx/CMakeFiles/STM32_Drivers.dir/__/__/Drivers/STM32F1xx_HAL_Driver/Src/stm32f1xx_hal.c.obj
 .debug_rnglists
                0x0000016d       0x6c cmake/stm32cubemx/CMakeFiles/STM32_Drivers.dir/__/__/Drivers/STM32F1xx_HAL_Driver/Src/stm32f1xx_hal_rcc.c.obj
 .debug_rnglists
                0x000001d9       0x3f cmake/stm32cubemx/CMakeFiles/STM32_Drivers.dir/__/__/Drivers/STM32F1xx_HAL_Driver/Src/stm32f1xx_hal_gpio.c.obj
 .debug_rnglists
                0x00000218       0xbb cmake/stm32cubemx/CMakeFiles/STM32_Drivers.dir/__/__/Drivers/STM32F1xx_HAL_Driver/Src/stm32f1xx_hal_cortex.c.obj

.debug_macro    0x00000000    0x17b45
 .debug_macro   0x00000000      0x1bf CMakeFiles/spi_test_1.dir/Src/main.c.obj
 .debug_macro   0x000001bf      0xacc CMakeFiles/spi_test_1.dir/Src/main.c.obj
 .debug_macro   0x00000c8b      0x20f CMakeFiles/spi_test_1.dir/Src/main.c.obj
 .debug_macro   0x00000e9a       0x2e CMakeFiles/spi_test_1.dir/Src/main.c.obj
 .debug_macro   0x00000ec8       0x22 CMakeFiles/spi_test_1.dir/Src/main.c.obj
 .debug_macro   0x00000eea       0x22 CMakeFiles/spi_test_1.dir/Src/main.c.obj
 .debug_macro   0x00000f0c       0x8e CMakeFiles/spi_test_1.dir/Src/main.c.obj
 .debug_macro   0x00000f9a       0x51 CMakeFiles/spi_test_1.dir/Src/main.c.obj
 .debug_macro   0x00000feb      0x103 CMakeFiles/spi_test_1.dir/Src/main.c.obj
 .debug_macro   0x000010ee       0x6a CMakeFiles/spi_test_1.dir/Src/main.c.obj
 .debug_macro   0x00001158      0x1df CMakeFiles/spi_test_1.dir/Src/main.c.obj
 .debug_macro   0x00001337       0x1c CMakeFiles/spi_test_1.dir/Src/main.c.obj
 .debug_macro   0x00001353       0x22 CMakeFiles/spi_test_1.dir/Src/main.c.obj
 .debug_macro   0x00001375       0xbd CMakeFiles/spi_test_1.dir/Src/main.c.obj
 .debug_macro   0x00001432      0xd23 CMakeFiles/spi_test_1.dir/Src/main.c.obj
 .debug_macro   0x00002155     0xfd8c CMakeFiles/spi_test_1.dir/Src/main.c.obj
 .debug_macro   0x00011ee1       0x6d CMakeFiles/spi_test_1.dir/Src/main.c.obj
 .debug_macro   0x00011f4e     0x34a2 CMakeFiles/spi_test_1.dir/Src/main.c.obj
 .debug_macro   0x000153f0      0x190 CMakeFiles/spi_test_1.dir/Src/main.c.obj
 .debug_macro   0x00015580       0x5c CMakeFiles/spi_test_1.dir/Src/main.c.obj
 .debug_macro   0x000155dc      0x5bc CMakeFiles/spi_test_1.dir/Src/main.c.obj
 .debug_macro   0x00015b98      0x4d5 CMakeFiles/spi_test_1.dir/Src/main.c.obj
 .debug_macro   0x0001606d      0x1cb CMakeFiles/spi_test_1.dir/Src/main.c.obj
 .debug_macro   0x00016238      0x114 CMakeFiles/spi_test_1.dir/Src/main.c.obj
 .debug_macro   0x0001634c      0x1ea CMakeFiles/spi_test_1.dir/Src/main.c.obj
 .debug_macro   0x00016536       0x27 CMakeFiles/spi_test_1.dir/Src/main.c.obj
 .debug_macro   0x0001655d      0x144 CMakeFiles/spi_test_1.dir/Src/main.c.obj
 .debug_macro   0x000166a1      0x1bc CMakeFiles/spi_test_1.dir/Src/main.c.obj
 .debug_macro   0x0001685d       0x30 CMakeFiles/spi_test_1.dir/Src/main.c.obj
 .debug_macro   0x0001688d       0x3c CMakeFiles/spi_test_1.dir/Src/main.c.obj
 .debug_macro   0x000168c9       0x57 CMakeFiles/spi_test_1.dir/Src/main.c.obj
 .debug_macro   0x00016920       0x87 CMakeFiles/spi_test_1.dir/Src/main.c.obj
 .debug_macro   0x000169a7      0x24f CMakeFiles/spi_test_1.dir/Src/main.c.obj
 .debug_macro   0x00016bf6      0x140 CMakeFiles/spi_test_1.dir/Src/main.c.obj
 .debug_macro   0x00016d36       0xb5 CMakeFiles/spi_test_1.dir/Src/main.c.obj
 .debug_macro   0x00016deb       0x58 CMakeFiles/spi_test_1.dir/Src/main.c.obj
 .debug_macro   0x00016e43      0x19d CMakeFiles/spi_test_1.dir/Src/gpio.c.obj
 .debug_macro   0x00016fe0      0x19d CMakeFiles/spi_test_1.dir/Src/stm32f1xx_it.c.obj
 .debug_macro   0x0001717d      0x193 CMakeFiles/spi_test_1.dir/Src/stm32f1xx_hal_msp.c.obj
 .debug_macro   0x00017310      0x184 cmake/stm32cubemx/CMakeFiles/STM32_Drivers.dir/__/__/Src/system_stm32f1xx.c.obj
 .debug_macro   0x00017494      0x1a8 cmake/stm32cubemx/CMakeFiles/STM32_Drivers.dir/__/__/Drivers/STM32F1xx_HAL_Driver/Src/stm32f1xx_hal.c.obj
 .debug_macro   0x0001763c      0x196 cmake/stm32cubemx/CMakeFiles/STM32_Drivers.dir/__/__/Drivers/STM32F1xx_HAL_Driver/Src/stm32f1xx_hal_rcc.c.obj
 .debug_macro   0x000177d2      0x1ef cmake/stm32cubemx/CMakeFiles/STM32_Drivers.dir/__/__/Drivers/STM32F1xx_HAL_Driver/Src/stm32f1xx_hal_gpio.c.obj
 .debug_macro   0x000179c1      0x184 cmake/stm32cubemx/CMakeFiles/STM32_Drivers.dir/__/__/Drivers/STM32F1xx_HAL_Driver/Src/stm32f1xx_hal_cortex.c.obj

.debug_line     0x00000000     0x5081
 .debug_line    0x00000000      0x7d4 CMakeFiles/spi_test_1.dir/Src/main.c.obj
 .debug_line    0x000007d4      0x6c9 CMakeFiles/spi_test_1.dir/Src/gpio.c.obj
 .debug_line    0x00000e9d      0x74f CMakeFiles/spi_test_1.dir/Src/stm32f1xx_it.c.obj
 .debug_line    0x000015ec      0x6a1 CMakeFiles/spi_test_1.dir/Src/stm32f1xx_hal_msp.c.obj
 .debug_line    0x00001c8d       0x79 CMakeFiles/spi_test_1.dir/startup_stm32f103xe.s.obj
 .debug_line    0x00001d06      0x71f cmake/stm32cubemx/CMakeFiles/STM32_Drivers.dir/__/__/Src/system_stm32f1xx.c.obj
 .debug_line    0x00002425      0x955 cmake/stm32cubemx/CMakeFiles/STM32_Drivers.dir/__/__/Drivers/STM32F1xx_HAL_Driver/Src/stm32f1xx_hal.c.obj
 .debug_line    0x00002d7a      0xe0e cmake/stm32cubemx/CMakeFiles/STM32_Drivers.dir/__/__/Drivers/STM32F1xx_HAL_Driver/Src/stm32f1xx_hal_rcc.c.obj
 .debug_line    0x00003b88      0x9da cmake/stm32cubemx/CMakeFiles/STM32_Drivers.dir/__/__/Drivers/STM32F1xx_HAL_Driver/Src/stm32f1xx_hal_gpio.c.obj
 .debug_line    0x00004562      0xb1f cmake/stm32cubemx/CMakeFiles/STM32_Drivers.dir/__/__/Drivers/STM32F1xx_HAL_Driver/Src/stm32f1xx_hal_cortex.c.obj

.debug_str      0x00000000    0x8a4d3
 .debug_str     0x00000000    0x8a4d3 CMakeFiles/spi_test_1.dir/Src/main.c.obj
                              0x89503 (size before relaxing)
 .debug_str     0x0008a4d3    0x892ea CMakeFiles/spi_test_1.dir/Src/gpio.c.obj
 .debug_str     0x0008a4d3    0x89287 CMakeFiles/spi_test_1.dir/Src/stm32f1xx_it.c.obj
 .debug_str     0x0008a4d3    0x89272 CMakeFiles/spi_test_1.dir/Src/stm32f1xx_hal_msp.c.obj
 .debug_str     0x0008a4d3       0xd0 CMakeFiles/spi_test_1.dir/startup_stm32f103xe.s.obj
 .debug_str     0x0008a4d3    0x89192 cmake/stm32cubemx/CMakeFiles/STM32_Drivers.dir/__/__/Src/system_stm32f1xx.c.obj
 .debug_str     0x0008a4d3    0x899ae cmake/stm32cubemx/CMakeFiles/STM32_Drivers.dir/__/__/Drivers/STM32F1xx_HAL_Driver/Src/stm32f1xx_hal.c.obj
 .debug_str     0x0008a4d3    0x895c6 cmake/stm32cubemx/CMakeFiles/STM32_Drivers.dir/__/__/Drivers/STM32F1xx_HAL_Driver/Src/stm32f1xx_hal_rcc.c.obj
 .debug_str     0x0008a4d3    0x8951d cmake/stm32cubemx/CMakeFiles/STM32_Drivers.dir/__/__/Drivers/STM32F1xx_HAL_Driver/Src/stm32f1xx_hal_gpio.c.obj
 .debug_str     0x0008a4d3    0x898fa cmake/stm32cubemx/CMakeFiles/STM32_Drivers.dir/__/__/Drivers/STM32F1xx_HAL_Driver/Src/stm32f1xx_hal_cortex.c.obj

.debug_line_str
                0x00000000       0xb4
 .debug_line_str
                0x00000000       0xb4 CMakeFiles/spi_test_1.dir/startup_stm32f103xe.s.obj
