ARM GAS  C:\Users\guopy\AppData\Local\Temp\ccB6zOKw.s 			page 1


   1              		.cpu cortex-m3
   2              		.arch armv7-m
   3              		.fpu softvfp
   4              		.eabi_attribute 20, 1
   5              		.eabi_attribute 21, 1
   6              		.eabi_attribute 23, 3
   7              		.eabi_attribute 24, 1
   8              		.eabi_attribute 25, 1
   9              		.eabi_attribute 26, 1
  10              		.eabi_attribute 30, 1
  11              		.eabi_attribute 34, 1
  12              		.eabi_attribute 18, 4
  13              		.file	"as5600.c"
  14              		.text
  15              	.Ltext0:
  16              		.cfi_sections	.debug_frame
  17              		.section	.text.i2cWrite,"ax",%progbits
  18              		.align	1
  19              		.syntax unified
  20              		.thumb
  21              		.thumb_func
  23              	i2cWrite:
  24              	.LVL0:
  25              	.LFB66:
  26              		.file 1 "Src/as5600.c"
   1:Src/as5600.c  **** #include "as5600.h"
   2:Src/as5600.c  **** 
   3:Src/as5600.c  **** #define abs(x) ((x)>0?(x):-(x))
   4:Src/as5600.c  **** #define _2PI 6.28318530718
   5:Src/as5600.c  **** 
   6:Src/as5600.c  **** static float angle_data_prev; //上次位置
   7:Src/as5600.c  **** static float full_rotation_offset; //转过的整圈数
   8:Src/as5600.c  **** 
   9:Src/as5600.c  **** void bsp_as5600Init(void) {
  10:Src/as5600.c  ****   /* init i2c interface */
  11:Src/as5600.c  ****   
  12:Src/as5600.c  ****   /* init var */
  13:Src/as5600.c  ****   full_rotation_offset = 0;
  14:Src/as5600.c  ****   angle_data_prev = bsp_as5600GetRawAngle();
  15:Src/as5600.c  **** }
  16:Src/as5600.c  **** 
  17:Src/as5600.c  **** static int i2cWrite(uint8_t dev_addr, uint8_t *pData, uint32_t count) {
  27              		.loc 1 17 71 view -0
  28              		.cfi_startproc
  29              		@ args = 0, pretend = 0, frame = 0
  30              		@ frame_needed = 0, uses_anonymous_args = 0
  31              		.loc 1 17 71 is_stmt 0 view .LVU1
  32 0000 00B5     		push	{lr}
  33              	.LCFI0:
  34              		.cfi_def_cfa_offset 4
  35              		.cfi_offset 14, -4
  36 0002 83B0     		sub	sp, sp, #12
  37              	.LCFI1:
  38              		.cfi_def_cfa_offset 16
  18:Src/as5600.c  ****   int status;
  39              		.loc 1 18 3 is_stmt 1 view .LVU2
  19:Src/as5600.c  ****   int i2c_time_out = I2C_TIME_OUT_BASE + count * I2C_TIME_OUT_BYTE;
ARM GAS  C:\Users\guopy\AppData\Local\Temp\ccB6zOKw.s 			page 2


  40              		.loc 1 19 3 view .LVU3
  41              		.loc 1 19 40 is_stmt 0 view .LVU4
  42 0004 02F10A03 		add	r3, r2, #10
  43              	.LVL1:
  20:Src/as5600.c  ****   
  21:Src/as5600.c  ****   status = HAL_I2C_Master_Transmit(&AS5600_I2C_HANDLE, dev_addr, pData, count, i2c_time_out);
  44              		.loc 1 21 3 is_stmt 1 view .LVU5
  45              		.loc 1 21 12 is_stmt 0 view .LVU6
  46 0008 0093     		str	r3, [sp]
  47 000a 93B2     		uxth	r3, r2
  48              	.LVL2:
  49              		.loc 1 21 12 view .LVU7
  50 000c 0A46     		mov	r2, r1
  51              	.LVL3:
  52              		.loc 1 21 12 view .LVU8
  53 000e 0146     		mov	r1, r0
  54              	.LVL4:
  55              		.loc 1 21 12 view .LVU9
  56 0010 0248     		ldr	r0, .L3
  57              	.LVL5:
  58              		.loc 1 21 12 view .LVU10
  59 0012 FFF7FEFF 		bl	HAL_I2C_Master_Transmit
  60              	.LVL6:
  22:Src/as5600.c  ****   return status;
  61              		.loc 1 22 3 is_stmt 1 view .LVU11
  23:Src/as5600.c  **** }
  62              		.loc 1 23 1 is_stmt 0 view .LVU12
  63 0016 03B0     		add	sp, sp, #12
  64              	.LCFI2:
  65              		.cfi_def_cfa_offset 4
  66              		@ sp needed
  67 0018 5DF804FB 		ldr	pc, [sp], #4
  68              	.L4:
  69              		.align	2
  70              	.L3:
  71 001c 00000000 		.word	hi2c1
  72              		.cfi_endproc
  73              	.LFE66:
  75              		.section	.text.i2cRead,"ax",%progbits
  76              		.align	1
  77              		.syntax unified
  78              		.thumb
  79              		.thumb_func
  81              	i2cRead:
  82              	.LVL7:
  83              	.LFB67:
  24:Src/as5600.c  **** 
  25:Src/as5600.c  **** static int i2cRead(uint8_t dev_addr, uint8_t *pData, uint32_t count) {
  84              		.loc 1 25 70 is_stmt 1 view -0
  85              		.cfi_startproc
  86              		@ args = 0, pretend = 0, frame = 0
  87              		@ frame_needed = 0, uses_anonymous_args = 0
  88              		.loc 1 25 70 is_stmt 0 view .LVU14
  89 0000 00B5     		push	{lr}
  90              	.LCFI3:
  91              		.cfi_def_cfa_offset 4
  92              		.cfi_offset 14, -4
ARM GAS  C:\Users\guopy\AppData\Local\Temp\ccB6zOKw.s 			page 3


  93 0002 83B0     		sub	sp, sp, #12
  94              	.LCFI4:
  95              		.cfi_def_cfa_offset 16
  26:Src/as5600.c  ****   int status;
  96              		.loc 1 26 3 is_stmt 1 view .LVU15
  27:Src/as5600.c  ****   int i2c_time_out = I2C_TIME_OUT_BASE + count * I2C_TIME_OUT_BYTE;
  97              		.loc 1 27 3 view .LVU16
  98              		.loc 1 27 40 is_stmt 0 view .LVU17
  99 0004 02F10A03 		add	r3, r2, #10
 100              	.LVL8:
  28:Src/as5600.c  ****   
  29:Src/as5600.c  ****   status = HAL_I2C_Master_Receive(&AS5600_I2C_HANDLE, (dev_addr | 1), pData, count, i2c_time_out);
 101              		.loc 1 29 3 is_stmt 1 view .LVU18
 102              		.loc 1 29 12 is_stmt 0 view .LVU19
 103 0008 0093     		str	r3, [sp]
 104 000a 93B2     		uxth	r3, r2
 105              	.LVL9:
 106              		.loc 1 29 12 view .LVU20
 107 000c 0A46     		mov	r2, r1
 108              	.LVL10:
 109              		.loc 1 29 12 view .LVU21
 110 000e 40F00101 		orr	r1, r0, #1
 111              	.LVL11:
 112              		.loc 1 29 12 view .LVU22
 113 0012 0348     		ldr	r0, .L7
 114              	.LVL12:
 115              		.loc 1 29 12 view .LVU23
 116 0014 FFF7FEFF 		bl	HAL_I2C_Master_Receive
 117              	.LVL13:
  30:Src/as5600.c  ****   return status;
 118              		.loc 1 30 3 is_stmt 1 view .LVU24
  31:Src/as5600.c  **** }
 119              		.loc 1 31 1 is_stmt 0 view .LVU25
 120 0018 03B0     		add	sp, sp, #12
 121              	.LCFI5:
 122              		.cfi_def_cfa_offset 4
 123              		@ sp needed
 124 001a 5DF804FB 		ldr	pc, [sp], #4
 125              	.L8:
 126 001e 00BF     		.align	2
 127              	.L7:
 128 0020 00000000 		.word	hi2c1
 129              		.cfi_endproc
 130              	.LFE67:
 132              		.section	.text.bsp_as5600GetRawAngle,"ax",%progbits
 133              		.align	1
 134              		.global	bsp_as5600GetRawAngle
 135              		.syntax unified
 136              		.thumb
 137              		.thumb_func
 139              	bsp_as5600GetRawAngle:
 140              	.LFB68:
  32:Src/as5600.c  **** 
  33:Src/as5600.c  **** uint16_t bsp_as5600GetRawAngle(void) {
 141              		.loc 1 33 38 is_stmt 1 view -0
 142              		.cfi_startproc
 143              		@ args = 0, pretend = 0, frame = 8
ARM GAS  C:\Users\guopy\AppData\Local\Temp\ccB6zOKw.s 			page 4


 144              		@ frame_needed = 0, uses_anonymous_args = 0
 145 0000 00B5     		push	{lr}
 146              	.LCFI6:
 147              		.cfi_def_cfa_offset 4
 148              		.cfi_offset 14, -4
 149 0002 83B0     		sub	sp, sp, #12
 150              	.LCFI7:
 151              		.cfi_def_cfa_offset 16
  34:Src/as5600.c  ****   uint16_t raw_angle;
 152              		.loc 1 34 3 view .LVU27
  35:Src/as5600.c  ****   uint8_t buffer[2] = {0};
 153              		.loc 1 35 3 view .LVU28
 154              		.loc 1 35 11 is_stmt 0 view .LVU29
 155 0004 0023     		movs	r3, #0
 156 0006 ADF80430 		strh	r3, [sp, #4]	@ movhi
  36:Src/as5600.c  ****   uint8_t raw_angle_register = AS5600_RAW_ANGLE_REGISTER;
 157              		.loc 1 36 3 is_stmt 1 view .LVU30
 158              		.loc 1 36 11 is_stmt 0 view .LVU31
 159 000a 0C23     		movs	r3, #12
 160 000c 8DF80330 		strb	r3, [sp, #3]
  37:Src/as5600.c  ****   
  38:Src/as5600.c  ****   i2cWrite(AS5600_ADDR, &raw_angle_register, 1);
 161              		.loc 1 38 3 is_stmt 1 view .LVU32
 162 0010 0122     		movs	r2, #1
 163 0012 0DF10301 		add	r1, sp, #3
 164 0016 6C20     		movs	r0, #108
 165 0018 FFF7FEFF 		bl	i2cWrite
 166              	.LVL14:
  39:Src/as5600.c  ****   i2cRead(AS5600_ADDR, buffer, 2);
 167              		.loc 1 39 3 view .LVU33
 168 001c 0222     		movs	r2, #2
 169 001e 01A9     		add	r1, sp, #4
 170 0020 6C20     		movs	r0, #108
 171 0022 FFF7FEFF 		bl	i2cRead
 172              	.LVL15:
  40:Src/as5600.c  ****   raw_angle = ((uint16_t)buffer[0] << 8) | (uint16_t)buffer[1];
 173              		.loc 1 40 3 view .LVU34
 174              		.loc 1 40 32 is_stmt 0 view .LVU35
 175 0026 9DF80400 		ldrb	r0, [sp, #4]	@ zero_extendqisi2
 176              		.loc 1 40 60 view .LVU36
 177 002a 9DF80530 		ldrb	r3, [sp, #5]	@ zero_extendqisi2
 178              	.LVL16:
  41:Src/as5600.c  ****   return raw_angle;
 179              		.loc 1 41 3 is_stmt 1 view .LVU37
  42:Src/as5600.c  **** }
 180              		.loc 1 42 1 is_stmt 0 view .LVU38
 181 002e 43EA0020 		orr	r0, r3, r0, lsl #8
 182              	.LVL17:
 183              		.loc 1 42 1 view .LVU39
 184 0032 03B0     		add	sp, sp, #12
 185              	.LCFI8:
 186              		.cfi_def_cfa_offset 4
 187              		@ sp needed
 188 0034 5DF804FB 		ldr	pc, [sp], #4
 189              		.cfi_endproc
 190              	.LFE68:
 192              		.global	__aeabi_ui2f
ARM GAS  C:\Users\guopy\AppData\Local\Temp\ccB6zOKw.s 			page 5


 193              		.section	.text.bsp_as5600Init,"ax",%progbits
 194              		.align	1
 195              		.global	bsp_as5600Init
 196              		.syntax unified
 197              		.thumb
 198              		.thumb_func
 200              	bsp_as5600Init:
 201              	.LFB65:
   9:Src/as5600.c  ****   /* init i2c interface */
 202              		.loc 1 9 27 is_stmt 1 view -0
 203              		.cfi_startproc
 204              		@ args = 0, pretend = 0, frame = 0
 205              		@ frame_needed = 0, uses_anonymous_args = 0
 206 0000 08B5     		push	{r3, lr}
 207              	.LCFI9:
 208              		.cfi_def_cfa_offset 8
 209              		.cfi_offset 3, -8
 210              		.cfi_offset 14, -4
  13:Src/as5600.c  ****   angle_data_prev = bsp_as5600GetRawAngle();
 211              		.loc 1 13 3 view .LVU41
  13:Src/as5600.c  ****   angle_data_prev = bsp_as5600GetRawAngle();
 212              		.loc 1 13 24 is_stmt 0 view .LVU42
 213 0002 054B     		ldr	r3, .L13
 214 0004 0022     		movs	r2, #0
 215 0006 1A60     		str	r2, [r3]	@ float
  14:Src/as5600.c  **** }
 216              		.loc 1 14 3 is_stmt 1 view .LVU43
  14:Src/as5600.c  **** }
 217              		.loc 1 14 21 is_stmt 0 view .LVU44
 218 0008 FFF7FEFF 		bl	bsp_as5600GetRawAngle
 219              	.LVL18:
  14:Src/as5600.c  **** }
 220              		.loc 1 14 19 view .LVU45
 221 000c FFF7FEFF 		bl	__aeabi_ui2f
 222              	.LVL19:
 223 0010 024B     		ldr	r3, .L13+4
 224 0012 1860     		str	r0, [r3]	@ float
  15:Src/as5600.c  **** 
 225              		.loc 1 15 1 view .LVU46
 226 0014 08BD     		pop	{r3, pc}
 227              	.L14:
 228 0016 00BF     		.align	2
 229              	.L13:
 230 0018 00000000 		.word	.LANCHOR0
 231 001c 00000000 		.word	.LANCHOR1
 232              		.cfi_endproc
 233              	.LFE65:
 235              		.global	__aeabi_fsub
 236              		.global	__aeabi_fcmpgt
 237              		.global	__aeabi_f2d
 238              		.global	__aeabi_dcmpgt
 239              		.global	__aeabi_dadd
 240              		.global	__aeabi_d2f
 241              		.global	__aeabi_fmul
 242              		.global	__aeabi_dmul
 243              		.section	.text.bsp_as5600GetAngle,"ax",%progbits
 244              		.align	1
ARM GAS  C:\Users\guopy\AppData\Local\Temp\ccB6zOKw.s 			page 6


 245              		.global	bsp_as5600GetAngle
 246              		.syntax unified
 247              		.thumb
 248              		.thumb_func
 250              	bsp_as5600GetAngle:
 251              	.LFB69:
  43:Src/as5600.c  **** 
  44:Src/as5600.c  **** float bsp_as5600GetAngle(void) {
 252              		.loc 1 44 32 is_stmt 1 view -0
 253              		.cfi_startproc
 254              		@ args = 0, pretend = 0, frame = 0
 255              		@ frame_needed = 0, uses_anonymous_args = 0
 256 0000 F8B5     		push	{r3, r4, r5, r6, r7, lr}
 257              	.LCFI10:
 258              		.cfi_def_cfa_offset 24
 259              		.cfi_offset 3, -24
 260              		.cfi_offset 4, -20
 261              		.cfi_offset 5, -16
 262              		.cfi_offset 6, -12
 263              		.cfi_offset 7, -8
 264              		.cfi_offset 14, -4
  45:Src/as5600.c  ****   float angle_data = bsp_as5600GetRawAngle();
 265              		.loc 1 45 3 view .LVU48
 266              		.loc 1 45 22 is_stmt 0 view .LVU49
 267 0002 FFF7FEFF 		bl	bsp_as5600GetRawAngle
 268              	.LVL20:
 269              		.loc 1 45 9 view .LVU50
 270 0006 FFF7FEFF 		bl	__aeabi_ui2f
 271              	.LVL21:
 272 000a 0446     		mov	r4, r0
 273              	.LVL22:
  46:Src/as5600.c  ****   
  47:Src/as5600.c  ****   float d_angle = angle_data - angle_data_prev;
 274              		.loc 1 47 3 is_stmt 1 view .LVU51
 275              		.loc 1 47 9 is_stmt 0 view .LVU52
 276 000c 2C4B     		ldr	r3, .L28+24
 277 000e 1968     		ldr	r1, [r3]	@ float
 278 0010 FFF7FEFF 		bl	__aeabi_fsub
 279              	.LVL23:
 280              		.loc 1 47 9 view .LVU53
 281 0014 0546     		mov	r5, r0
 282              	.LVL24:
  48:Src/as5600.c  ****   if(abs(d_angle) > (0.8 * AS5600_RESOLUTION)) {
 283              		.loc 1 48 3 is_stmt 1 view .LVU54
 284              		.loc 1 48 6 is_stmt 0 view .LVU55
 285 0016 0021     		movs	r1, #0
 286 0018 FFF7FEFF 		bl	__aeabi_fcmpgt
 287              	.LVL25:
 288              		.loc 1 48 6 view .LVU56
 289 001c 0028     		cmp	r0, #0
 290 001e 39D0     		beq	.L27
 291 0020 2846     		mov	r0, r5
 292              	.L16:
 293              		.loc 1 48 6 discriminator 4 view .LVU57
 294 0022 FFF7FEFF 		bl	__aeabi_f2d
 295              	.LVL26:
 296              		.loc 1 48 5 discriminator 4 view .LVU58
ARM GAS  C:\Users\guopy\AppData\Local\Temp\ccB6zOKw.s 			page 7


 297 0026 20A3     		adr	r3, .L28
 298 0028 D3E90023 		ldrd	r2, [r3]
 299 002c FFF7FEFF 		bl	__aeabi_dcmpgt
 300              	.LVL27:
 301 0030 A8B1     		cbz	r0, .L17
  49:Src/as5600.c  ****     full_rotation_offset += (d_angle > 0 ? -_2PI : _2PI);
 302              		.loc 1 49 5 is_stmt 1 view .LVU59
 303              		.loc 1 49 26 is_stmt 0 view .LVU60
 304 0032 244B     		ldr	r3, .L28+28
 305 0034 1868     		ldr	r0, [r3]	@ float
 306 0036 FFF7FEFF 		bl	__aeabi_f2d
 307              	.LVL28:
 308 003a 0646     		mov	r6, r0
 309 003c 0F46     		mov	r7, r1
 310              		.loc 1 49 50 view .LVU61
 311 003e 0021     		movs	r1, #0
 312 0040 2846     		mov	r0, r5
 313 0042 FFF7FEFF 		bl	__aeabi_fcmpgt
 314              	.LVL29:
 315 0046 40B3     		cbz	r0, .L25
 316 0048 19A3     		adr	r3, .L28+8
 317 004a D3E90023 		ldrd	r2, [r3]
 318              	.L19:
 319              		.loc 1 49 26 discriminator 4 view .LVU62
 320 004e 3046     		mov	r0, r6
 321 0050 3946     		mov	r1, r7
 322 0052 FFF7FEFF 		bl	__aeabi_dadd
 323              	.LVL30:
 324 0056 FFF7FEFF 		bl	__aeabi_d2f
 325              	.LVL31:
 326 005a 1A4B     		ldr	r3, .L28+28
 327 005c 1860     		str	r0, [r3]	@ float
 328              	.L17:
  50:Src/as5600.c  ****   }
  51:Src/as5600.c  ****   angle_data_prev = angle_data;
 329              		.loc 1 51 3 is_stmt 1 view .LVU63
 330              		.loc 1 51 19 is_stmt 0 view .LVU64
 331 005e 184B     		ldr	r3, .L28+24
 332 0060 1C60     		str	r4, [r3]	@ float
  52:Src/as5600.c  ****   
  53:Src/as5600.c  ****   return (full_rotation_offset + (angle_data / (float)AS5600_RESOLUTION)*_2PI);
 333              		.loc 1 53 3 is_stmt 1 view .LVU65
 334              		.loc 1 53 46 is_stmt 0 view .LVU66
 335 0062 4FF06651 		mov	r1, #964689920
 336 0066 2046     		mov	r0, r4
 337 0068 FFF7FEFF 		bl	__aeabi_fmul
 338              	.LVL32:
 339 006c FFF7FEFF 		bl	__aeabi_f2d
 340              	.LVL33:
 341              		.loc 1 53 73 view .LVU67
 342 0070 11A3     		adr	r3, .L28+16
 343 0072 D3E90023 		ldrd	r2, [r3]
 344 0076 FFF7FEFF 		bl	__aeabi_dmul
 345              	.LVL34:
 346 007a 0446     		mov	r4, r0
 347              	.LVL35:
 348              		.loc 1 53 73 view .LVU68
ARM GAS  C:\Users\guopy\AppData\Local\Temp\ccB6zOKw.s 			page 8


 349 007c 0D46     		mov	r5, r1
 350              	.LVL36:
 351              		.loc 1 53 32 view .LVU69
 352 007e 114B     		ldr	r3, .L28+28
 353 0080 1868     		ldr	r0, [r3]	@ float
 354 0082 FFF7FEFF 		bl	__aeabi_f2d
 355              	.LVL37:
 356 0086 2246     		mov	r2, r4
 357 0088 2B46     		mov	r3, r5
 358 008a FFF7FEFF 		bl	__aeabi_dadd
 359              	.LVL38:
 360 008e FFF7FEFF 		bl	__aeabi_d2f
 361              	.LVL39:
  54:Src/as5600.c  **** }
 362              		.loc 1 54 1 view .LVU70
 363 0092 F8BD     		pop	{r3, r4, r5, r6, r7, pc}
 364              	.LVL40:
 365              	.L27:
  48:Src/as5600.c  ****     full_rotation_offset += (d_angle > 0 ? -_2PI : _2PI);
 366              		.loc 1 48 6 discriminator 2 view .LVU71
 367 0094 05F10040 		add	r0, r5, #-2147483648
 368 0098 C3E7     		b	.L16
 369              	.L25:
  49:Src/as5600.c  ****   }
 370              		.loc 1 49 50 view .LVU72
 371 009a 07A3     		adr	r3, .L28+16
 372 009c D3E90023 		ldrd	r2, [r3]
 373 00a0 D5E7     		b	.L19
 374              	.L29:
 375 00a2 00BFAFF3 		.align	3
 375      0080
 376              	.L28:
 377 00a8 9A999999 		.word	-1717986918
 378 00ac 9999A940 		.word	1084856729
 379 00b0 EA2E4454 		.word	1413754602
 380 00b4 FB2119C0 		.word	-1072094725
 381 00b8 EA2E4454 		.word	1413754602
 382 00bc FB211940 		.word	1075388923
 383 00c0 00000000 		.word	.LANCHOR1
 384 00c4 00000000 		.word	.LANCHOR0
 385              		.cfi_endproc
 386              	.LFE69:
 388              		.section	.bss.angle_data_prev,"aw",%nobits
 389              		.align	2
 390              		.set	.LANCHOR1,. + 0
 393              	angle_data_prev:
 394 0000 00000000 		.space	4
 395              		.section	.bss.full_rotation_offset,"aw",%nobits
 396              		.align	2
 397              		.set	.LANCHOR0,. + 0
 400              	full_rotation_offset:
 401 0000 00000000 		.space	4
 402              		.text
 403              	.Letext0:
 404              		.file 2 "d:\\software\\gcc-arm-none-eabi-10.3-2021.10\\arm-none-eabi\\include\\machine\\_default_t
 405              		.file 3 "d:\\software\\gcc-arm-none-eabi-10.3-2021.10\\arm-none-eabi\\include\\sys\\_stdint.h"
 406              		.file 4 "Drivers/CMSIS/Device/ST/STM32F1xx/Include/stm32f103xe.h"
ARM GAS  C:\Users\guopy\AppData\Local\Temp\ccB6zOKw.s 			page 9


 407              		.file 5 "Drivers/STM32F1xx_HAL_Driver/Inc/stm32f1xx_hal_def.h"
 408              		.file 6 "Drivers/STM32F1xx_HAL_Driver/Inc/stm32f1xx_hal_dma.h"
 409              		.file 7 "Drivers/STM32F1xx_HAL_Driver/Inc/stm32f1xx_hal_i2c.h"
 410              		.file 8 "Inc/i2c.h"
ARM GAS  C:\Users\guopy\AppData\Local\Temp\ccB6zOKw.s 			page 10


DEFINED SYMBOLS
                            *ABS*:00000000 as5600.c
C:\Users\guopy\AppData\Local\Temp\ccB6zOKw.s:18     .text.i2cWrite:00000000 $t
C:\Users\guopy\AppData\Local\Temp\ccB6zOKw.s:23     .text.i2cWrite:00000000 i2cWrite
C:\Users\guopy\AppData\Local\Temp\ccB6zOKw.s:71     .text.i2cWrite:0000001c $d
C:\Users\guopy\AppData\Local\Temp\ccB6zOKw.s:76     .text.i2cRead:00000000 $t
C:\Users\guopy\AppData\Local\Temp\ccB6zOKw.s:81     .text.i2cRead:00000000 i2cRead
C:\Users\guopy\AppData\Local\Temp\ccB6zOKw.s:128    .text.i2cRead:00000020 $d
C:\Users\guopy\AppData\Local\Temp\ccB6zOKw.s:133    .text.bsp_as5600GetRawAngle:00000000 $t
C:\Users\guopy\AppData\Local\Temp\ccB6zOKw.s:139    .text.bsp_as5600GetRawAngle:00000000 bsp_as5600GetRawAngle
C:\Users\guopy\AppData\Local\Temp\ccB6zOKw.s:194    .text.bsp_as5600Init:00000000 $t
C:\Users\guopy\AppData\Local\Temp\ccB6zOKw.s:200    .text.bsp_as5600Init:00000000 bsp_as5600Init
C:\Users\guopy\AppData\Local\Temp\ccB6zOKw.s:230    .text.bsp_as5600Init:00000018 $d
C:\Users\guopy\AppData\Local\Temp\ccB6zOKw.s:244    .text.bsp_as5600GetAngle:00000000 $t
C:\Users\guopy\AppData\Local\Temp\ccB6zOKw.s:250    .text.bsp_as5600GetAngle:00000000 bsp_as5600GetAngle
C:\Users\guopy\AppData\Local\Temp\ccB6zOKw.s:377    .text.bsp_as5600GetAngle:000000a8 $d
C:\Users\guopy\AppData\Local\Temp\ccB6zOKw.s:389    .bss.angle_data_prev:00000000 $d
C:\Users\guopy\AppData\Local\Temp\ccB6zOKw.s:393    .bss.angle_data_prev:00000000 angle_data_prev
C:\Users\guopy\AppData\Local\Temp\ccB6zOKw.s:396    .bss.full_rotation_offset:00000000 $d
C:\Users\guopy\AppData\Local\Temp\ccB6zOKw.s:400    .bss.full_rotation_offset:00000000 full_rotation_offset

UNDEFINED SYMBOLS
HAL_I2C_Master_Transmit
hi2c1
HAL_I2C_Master_Receive
__aeabi_ui2f
__aeabi_fsub
__aeabi_fcmpgt
__aeabi_f2d
__aeabi_dcmpgt
__aeabi_dadd
__aeabi_d2f
__aeabi_fmul
__aeabi_dmul
